
===========================================================================
report_checks -unconstrained
===========================================================================
======================= nom_tt_025C_1v80 Corner ===================================

Startpoint: rst (input port clocked by clk)
Endpoint: _764_ (recovery check against rising-edge clock clk)
Path Group: asynchronous
Path Type: max

Fanout         Cap        Slew       Delay        Time   Description
---------------------------------------------------------------------------------------------
                      0.150000    0.000000    0.000000   clock clk (rise edge)
                                  0.000000    0.000000   clock network delay (ideal)
                                  1.000000    1.000000 v input external delay
    72    0.307872    0.654187    0.498773    1.498773 v rst (in)
                                                         rst (net)
                      0.654187    0.000000    1.498773 v _382_/A (sky130_fd_sc_hd__inv_2)
     1    0.003612    0.112861    0.165544    1.664317 ^ _382_/Y (sky130_fd_sc_hd__inv_2)
                                                         _052_ (net)
                      0.112861    0.000000    1.664317 ^ _764_/RESET_B (sky130_fd_sc_hd__dfrtp_2)
                                              1.664317   data arrival time

                      0.150000    5.000000    5.000000   clock clk (rise edge)
                                  0.000000    5.000000   clock network delay (ideal)
                                 -0.250000    4.750000   clock uncertainty
                                  0.000000    4.750000   clock reconvergence pessimism
                                              4.750000 ^ _764_/CLK (sky130_fd_sc_hd__dfrtp_2)
                                  0.231525    4.981525   library recovery time
                                              4.981525   data required time
---------------------------------------------------------------------------------------------
                                              4.981525   data required time
                                             -1.664317   data arrival time
---------------------------------------------------------------------------------------------
                                              3.317208   slack (MET)


Startpoint: _831_ (rising edge-triggered flip-flop clocked by clk)
Endpoint: _810_ (rising edge-triggered flip-flop clocked by clk)
Path Group: clk
Path Type: max

Fanout         Cap        Slew       Delay        Time   Description
---------------------------------------------------------------------------------------------
                      0.150000    0.000000    0.000000   clock clk (rise edge)
                                  0.000000    0.000000   clock network delay (ideal)
                      0.150000    0.000000    0.000000 ^ _831_/CLK (sky130_fd_sc_hd__dfrtp_2)
    16    0.043761    0.131657    0.526109    0.526109 v _831_/Q (sky130_fd_sc_hd__dfrtp_2)
                                                         b_low[3] (net)
                      0.131657    0.000000    0.526109 v _643_/A2 (sky130_fd_sc_hd__a22o_2)
     3    0.007843    0.053816    0.304674    0.830783 v _643_/X (sky130_fd_sc_hd__a22o_2)
                                                         _339_ (net)
                      0.053816    0.000000    0.830783 v _646_/B2 (sky130_fd_sc_hd__a22o_2)
     2    0.006488    0.050456    0.236608    1.067391 v _646_/X (sky130_fd_sc_hd__a22o_2)
                                                         _342_ (net)
                      0.050456    0.000000    1.067391 v _648_/A2 (sky130_fd_sc_hd__a21o_2)
     2    0.006476    0.044160    0.218979    1.286370 v _648_/X (sky130_fd_sc_hd__a21o_2)
                                                         _344_ (net)
                      0.044160    0.000000    1.286370 v _649_/C (sky130_fd_sc_hd__nand3b_2)
     3    0.010762    0.099013    0.103231    1.389601 ^ _649_/Y (sky130_fd_sc_hd__nand3b_2)
                                                         _345_ (net)
                      0.099013    0.000000    1.389601 ^ _651_/B (sky130_fd_sc_hd__and3_2)
     3    0.008212    0.068455    0.202956    1.592557 ^ _651_/X (sky130_fd_sc_hd__and3_2)
                                                         _347_ (net)
                      0.068455    0.000000    1.592557 ^ _669_/B1_N (sky130_fd_sc_hd__o21ba_2)
     3    0.014441    0.063346    0.187419    1.779976 v _669_/X (sky130_fd_sc_hd__o21ba_2)
                                                         _364_ (net)
                      0.063346    0.000000    1.779976 v _684_/A3 (sky130_fd_sc_hd__a31o_2)
     2    0.005536    0.044904    0.255197    2.035173 v _684_/X (sky130_fd_sc_hd__a31o_2)
                                                         _377_ (net)
                      0.044904    0.000000    2.035173 v _685_/B (sky130_fd_sc_hd__or2_2)
     2    0.005699    0.064835    0.281873    2.317046 v _685_/X (sky130_fd_sc_hd__or2_2)
                                                         _378_ (net)
                      0.064835    0.000000    2.317046 v _687_/A (sky130_fd_sc_hd__and2_2)
     1    0.001949    0.034571    0.167056    2.484102 v _687_/X (sky130_fd_sc_hd__and2_2)
                                                         _040_ (net)
                      0.034571    0.000000    2.484102 v _810_/D (sky130_fd_sc_hd__dfrtp_2)
                                              2.484102   data arrival time

                      0.150000    5.000000    5.000000   clock clk (rise edge)
                                  0.000000    5.000000   clock network delay (ideal)
                                 -0.250000    4.750000   clock uncertainty
                                  0.000000    4.750000   clock reconvergence pessimism
                                              4.750000 ^ _810_/CLK (sky130_fd_sc_hd__dfrtp_2)
                                 -0.086658    4.663342   library setup time
                                              4.663342   data required time
---------------------------------------------------------------------------------------------
                                              4.663342   data required time
                                             -2.484102   data arrival time
---------------------------------------------------------------------------------------------
                                              2.179241   slack (MET)




===========================================================================
report_checks --slack_max -0.01
============================================================================
======================= nom_tt_025C_1v80 Corner ===================================

No paths found.


===========================================================================
 report_check_types -max_slew -max_cap -max_fanout -violators
============================================================================
======================= nom_tt_025C_1v80 Corner ===================================

max slew

Pin                                        Limit        Slew       Slack
------------------------------------------------------------------------
rst                                     0.750000    1.502243   -0.752243 (VIOLATED)
_382_/A                                 0.750000    1.502243   -0.752243 (VIOLATED)
_693_/A                                 0.750000    1.502243   -0.752243 (VIOLATED)
_694_/A                                 0.750000    1.502243   -0.752243 (VIOLATED)
_695_/A                                 0.750000    1.502243   -0.752243 (VIOLATED)
_696_/A                                 0.750000    1.502243   -0.752243 (VIOLATED)
_697_/A                                 0.750000    1.502243   -0.752243 (VIOLATED)
_698_/A                                 0.750000    1.502243   -0.752243 (VIOLATED)
_699_/A                                 0.750000    1.502243   -0.752243 (VIOLATED)
_700_/A                                 0.750000    1.502243   -0.752243 (VIOLATED)
_701_/A                                 0.750000    1.502243   -0.752243 (VIOLATED)
_702_/A                                 0.750000    1.502243   -0.752243 (VIOLATED)
_703_/A                                 0.750000    1.502243   -0.752243 (VIOLATED)
_704_/A                                 0.750000    1.502243   -0.752243 (VIOLATED)
_705_/A                                 0.750000    1.502243   -0.752243 (VIOLATED)
_706_/A                                 0.750000    1.502243   -0.752243 (VIOLATED)
_707_/A                                 0.750000    1.502243   -0.752243 (VIOLATED)
_708_/A                                 0.750000    1.502243   -0.752243 (VIOLATED)
_709_/A                                 0.750000    1.502243   -0.752243 (VIOLATED)
_710_/A                                 0.750000    1.502243   -0.752243 (VIOLATED)
_711_/A                                 0.750000    1.502243   -0.752243 (VIOLATED)
_712_/A                                 0.750000    1.502243   -0.752243 (VIOLATED)
_713_/A                                 0.750000    1.502243   -0.752243 (VIOLATED)
_714_/A                                 0.750000    1.502243   -0.752243 (VIOLATED)
_715_/A                                 0.750000    1.502243   -0.752243 (VIOLATED)
_716_/A                                 0.750000    1.502243   -0.752243 (VIOLATED)
_717_/A                                 0.750000    1.502243   -0.752243 (VIOLATED)
_718_/A                                 0.750000    1.502243   -0.752243 (VIOLATED)
_719_/A                                 0.750000    1.502243   -0.752243 (VIOLATED)
_720_/A                                 0.750000    1.502243   -0.752243 (VIOLATED)
_721_/A                                 0.750000    1.502243   -0.752243 (VIOLATED)
_722_/A                                 0.750000    1.502243   -0.752243 (VIOLATED)
_723_/A                                 0.750000    1.502243   -0.752243 (VIOLATED)
_724_/A                                 0.750000    1.502243   -0.752243 (VIOLATED)
_725_/A                                 0.750000    1.502243   -0.752243 (VIOLATED)
_726_/A                                 0.750000    1.502243   -0.752243 (VIOLATED)
_727_/A                                 0.750000    1.502243   -0.752243 (VIOLATED)
_728_/A                                 0.750000    1.502243   -0.752243 (VIOLATED)
_729_/A                                 0.750000    1.502243   -0.752243 (VIOLATED)
_730_/A                                 0.750000    1.502243   -0.752243 (VIOLATED)
_731_/A                                 0.750000    1.502243   -0.752243 (VIOLATED)
_732_/A                                 0.750000    1.502243   -0.752243 (VIOLATED)
_733_/A                                 0.750000    1.502243   -0.752243 (VIOLATED)
_734_/A                                 0.750000    1.502243   -0.752243 (VIOLATED)
_735_/A                                 0.750000    1.502243   -0.752243 (VIOLATED)
_736_/A                                 0.750000    1.502243   -0.752243 (VIOLATED)
_737_/A                                 0.750000    1.502243   -0.752243 (VIOLATED)
_738_/A                                 0.750000    1.502243   -0.752243 (VIOLATED)
_739_/A                                 0.750000    1.502243   -0.752243 (VIOLATED)
_740_/A                                 0.750000    1.502243   -0.752243 (VIOLATED)
_741_/A                                 0.750000    1.502243   -0.752243 (VIOLATED)
_742_/A                                 0.750000    1.502243   -0.752243 (VIOLATED)
_743_/A                                 0.750000    1.502243   -0.752243 (VIOLATED)
_744_/A                                 0.750000    1.502243   -0.752243 (VIOLATED)
_745_/A                                 0.750000    1.502243   -0.752243 (VIOLATED)
_746_/A                                 0.750000    1.502243   -0.752243 (VIOLATED)
_747_/A                                 0.750000    1.502243   -0.752243 (VIOLATED)
_748_/A                                 0.750000    1.502243   -0.752243 (VIOLATED)
_749_/A                                 0.750000    1.502243   -0.752243 (VIOLATED)
_750_/A                                 0.750000    1.502243   -0.752243 (VIOLATED)
_751_/A                                 0.750000    1.502243   -0.752243 (VIOLATED)
_752_/A                                 0.750000    1.502243   -0.752243 (VIOLATED)
_753_/A                                 0.750000    1.502243   -0.752243 (VIOLATED)
_754_/A                                 0.750000    1.502243   -0.752243 (VIOLATED)
_755_/A                                 0.750000    1.502243   -0.752243 (VIOLATED)
_756_/A                                 0.750000    1.502243   -0.752243 (VIOLATED)
_757_/A                                 0.750000    1.502243   -0.752243 (VIOLATED)
_758_/A                                 0.750000    1.502243   -0.752243 (VIOLATED)
_759_/A                                 0.750000    1.502243   -0.752243 (VIOLATED)
_760_/A                                 0.750000    1.502243   -0.752243 (VIOLATED)
_761_/A                                 0.750000    1.502243   -0.752243 (VIOLATED)
_762_/A                                 0.750000    1.502243   -0.752243 (VIOLATED)
_763_/A                                 0.750000    1.502243   -0.752243 (VIOLATED)

max fanout

Pin                                   Limit Fanout  Slack
---------------------------------------------------------
rst                                      10     72    -62 (VIOLATED)
_822_/Q                                  10     18     -8 (VIOLATED)
_826_/Q                                  10     18     -8 (VIOLATED)
_829_/Q                                  10     17     -7 (VIOLATED)
_830_/Q                                  10     17     -7 (VIOLATED)
_823_/Q                                  10     16     -6 (VIOLATED)
_831_/Q                                  10     16     -6 (VIOLATED)
_833_/Q                                  10     16     -6 (VIOLATED)
_835_/Q                                  10     16     -6 (VIOLATED)
_825_/Q                                  10     15     -5 (VIOLATED)
_821_/Q                                  10     14     -4 (VIOLATED)
_834_/Q                                  10     14     -4 (VIOLATED)
_824_/Q                                  10     13     -3 (VIOLATED)
_827_/Q                                  10     13     -3 (VIOLATED)
_820_/Q                                  10     12     -2 (VIOLATED)
_832_/Q                                  10     12     -2 (VIOLATED)
_828_/Q                                  10     11        (VIOLATED)

max capacitance

Pin                                        Limit         Cap       Slack
------------------------------------------------------------------------
rst                                     0.200000    0.334224   -0.134224 (VIOLATED)



===========================================================================
report_parasitic_annotation -report_unannotated
============================================================================
Found 472 unannotated drivers.
 a[0]
 a[1]
 a[2]
 a[3]
 a[4]
 a[5]
 a[6]
 a[7]
 b[0]
 b[1]
 b[2]
 b[3]
 b[4]
 b[5]
 b[6]
 b[7]
 clk
 rst
 _382_/Y
 _383_/Y
 _384_/X
 _385_/X
 _386_/Y
 _387_/Y
 _388_/X
 _389_/X
 _390_/Y
 _391_/Y
 _392_/X
 _393_/X
 _394_/Y
 _395_/X
 _396_/X
 _397_/Y
 _398_/Y
 _399_/Y
 _400_/X
 _401_/X
 _402_/X
 _403_/X
 _404_/Y
 _405_/Y
 _406_/Y
 _407_/X
 _408_/Y
 _409_/Y
 _410_/X
 _411_/Y
 _412_/X
 _413_/X
 _414_/Y
 _415_/Y
 _416_/X
 _417_/Y
 _418_/X
 _419_/X
 _420_/X
 _421_/X
 _422_/X
 _423_/Y
 _424_/X
 _425_/X
 _426_/Y
 _427_/X
 _428_/Y
 _429_/X
 _430_/X
 _431_/Y
 _432_/X
 _433_/Y
 _434_/Y
 _435_/X
 _436_/Y
 _437_/Y
 _438_/Y
 _439_/X
 _440_/X
 _441_/X
 _442_/Y
 _443_/X
 _444_/Y
 _445_/Y
 _446_/Y
 _447_/X
 _448_/Y
 _449_/X
 _450_/X
 _451_/Y
 _452_/Y
 _453_/X
 _454_/Y
 _455_/Y
 _456_/X
 _457_/Y
 _458_/Y
 _459_/Y
 _460_/X
 _461_/Y
 _462_/X
 _463_/Y
 _464_/X
 _465_/X
 _466_/Y
 _467_/Y
 _468_/X
 _469_/Y
 _470_/X
 _471_/X
 _472_/X
 _473_/X
 _474_/Y
 _475_/X
 _476_/Y
 _477_/X
 _478_/X
 _479_/Y
 _480_/Y
 _481_/Y
 _482_/X
 _483_/X
 _484_/Y
 _485_/X
 _486_/Y
 _487_/Y
 _488_/X
 _489_/X
 _490_/Y
 _491_/X
 _492_/X
 _493_/Y
 _494_/X
 _495_/X
 _496_/Y
 _497_/X
 _498_/Y
 _499_/Y
 _500_/X
 _501_/Y
 _502_/Y
 _503_/Y
 _504_/X
 _505_/X
 _506_/Y
 _507_/Y
 _508_/Y
 _509_/X
 _510_/X
 _511_/Y
 _512_/X
 _513_/X
 _514_/Y
 _515_/X
 _516_/Y
 _517_/Y
 _518_/X
 _519_/X
 _520_/X
 _521_/X
 _522_/X
 _523_/X
 _524_/X
 _525_/X
 _526_/X
 _527_/X
 _528_/Y
 _529_/X
 _530_/X
 _531_/Y
 _532_/X
 _533_/Y
 _534_/Y
 _535_/Y
 _536_/Y
 _537_/X
 _538_/Y
 _539_/Y
 _540_/X
 _541_/Y
 _542_/X
 _543_/Y
 _544_/Y
 _545_/X
 _546_/Y
 _547_/X
 _548_/Y
 _549_/Y
 _550_/X
 _551_/Y
 _552_/X
 _553_/Y
 _554_/Y
 _555_/X
 _556_/Y
 _557_/Y
 _558_/Y
 _559_/Y
 _560_/X
 _561_/X
 _562_/X
 _563_/X
 _564_/Y
 _565_/Y
 _566_/Y
 _567_/X
 _568_/Y
 _569_/X
 _570_/Y
 _571_/Y
 _572_/X
 _573_/Y
 _574_/X
 _575_/Y
 _576_/Y
 _577_/Y
 _578_/X
 _579_/X
 _580_/Y
 _581_/Y
 _582_/Y
 _583_/X
 _584_/X
 _585_/X
 _586_/Y
 _587_/X
 _588_/X
 _589_/Y
 _590_/Y
 _591_/X
 _592_/Y
 _593_/Y
 _594_/X
 _595_/Y
 _596_/X
 _597_/Y
 _598_/X
 _599_/Y
 _600_/X
 _601_/X
 _602_/Y
 _603_/X
 _604_/X
 _605_/X
 _606_/X
 _607_/X
 _608_/X
 _609_/Y
 _610_/X
 _611_/Y
 _612_/Y
 _613_/X
 _614_/Y
 _615_/Y
 _616_/Y
 _617_/X
 _618_/Y
 _619_/Y
 _620_/X
 _621_/Y
 _622_/Y
 _623_/Y
 _624_/Y
 _625_/Y
 _626_/Y
 _627_/Y
 _628_/X
 _629_/Y
 _630_/X
 _631_/Y
 _632_/X
 _633_/X
 _634_/X
 _635_/Y
 _636_/Y
 _637_/X
 _638_/X
 _639_/Y
 _640_/Y
 _641_/X
 _642_/Y
 _643_/X
 _644_/X
 _645_/Y
 _646_/X
 _647_/Y
 _648_/X
 _649_/Y
 _650_/X
 _651_/X
 _652_/Y
 _653_/X
 _654_/Y
 _655_/X
 _656_/Y
 _657_/X
 _658_/Y
 _659_/Y
 _660_/X
 _661_/Y
 _662_/Y
 _663_/X
 _664_/Y
 _665_/Y
 _666_/Y
 _667_/Y
 _668_/Y
 _669_/X
 _670_/Y
 _671_/Y
 _672_/X
 _673_/Y
 _674_/X
 _675_/X
 _676_/Y
 _677_/X
 _678_/Y
 _679_/Y
 _680_/X
 _681_/Y
 _682_/X
 _683_/Y
 _684_/X
 _685_/X
 _686_/Y
 _687_/X
 _688_/Y
 _689_/Y
 _690_/Y
 _691_/Y
 _692_/Y
 _693_/Y
 _694_/Y
 _695_/Y
 _696_/Y
 _697_/Y
 _698_/Y
 _699_/Y
 _700_/Y
 _701_/Y
 _702_/Y
 _703_/Y
 _704_/Y
 _705_/Y
 _706_/Y
 _707_/Y
 _708_/Y
 _709_/Y
 _710_/Y
 _711_/Y
 _712_/Y
 _713_/Y
 _714_/Y
 _715_/Y
 _716_/Y
 _717_/Y
 _718_/Y
 _719_/Y
 _720_/Y
 _721_/Y
 _722_/Y
 _723_/Y
 _724_/Y
 _725_/Y
 _726_/Y
 _727_/Y
 _728_/Y
 _729_/Y
 _730_/Y
 _731_/Y
 _732_/Y
 _733_/Y
 _734_/Y
 _735_/Y
 _736_/Y
 _737_/Y
 _738_/Y
 _739_/Y
 _740_/Y
 _741_/Y
 _742_/Y
 _743_/Y
 _744_/Y
 _745_/Y
 _746_/Y
 _747_/Y
 _748_/Y
 _749_/Y
 _750_/Y
 _751_/Y
 _752_/Y
 _753_/Y
 _754_/Y
 _755_/Y
 _756_/Y
 _757_/Y
 _758_/Y
 _759_/Y
 _760_/Y
 _761_/Y
 _762_/Y
 _763_/Y
 _764_/Q
 _765_/Q
 _766_/Q
 _767_/Q
 _768_/Q
 _769_/Q
 _770_/Q
 _771_/Q
 _772_/Q
 _773_/Q
 _774_/Q
 _775_/Q
 _776_/Q
 _777_/Q
 _778_/Q
 _779_/Q
 _780_/Q
 _781_/Q
 _782_/Q
 _783_/Q
 _784_/Q
 _785_/Q
 _786_/Q
 _787_/Q
 _788_/Q
 _789_/Q
 _790_/Q
 _791_/Q
 _792_/Q
 _793_/Q
 _794_/Q
 _795_/Q
 _796_/Q
 _797_/Q
 _798_/Q
 _799_/Q
 _800_/Q
 _801_/Q
 _802_/Q
 _803_/Q
 _804_/Q
 _805_/Q
 _806_/Q
 _807_/Q
 _808_/Q
 _809_/Q
 _810_/Q
 _811_/Q
 _812_/Q
 _813_/Q
 _814_/Q
 _815_/Q
 _816_/Q
 _817_/Q
 _818_/Q
 _819_/Q
 _820_/Q
 _821_/Q
 _822_/Q
 _823_/Q
 _824_/Q
 _825_/Q
 _826_/Q
 _827_/Q
 _828_/Q
 _829_/Q
 _830_/Q
 _831_/Q
 _832_/Q
 _833_/Q
 _834_/Q
 _835_/Q
Found 0 partially unannotated drivers.

===========================================================================
max slew violation count 73
max fanout violation count 17
max cap violation count 1
============================================================================

===========================================================================
check_setup -verbose -unconstrained_endpoints -multiple_clock -no_clock -no_input_delay -loops -generated_clocks
===========================================================================
