
===========================================================================
 report_power
============================================================================
======================= min_ff_n40C_1v95 Corner ===================================

Group                    Internal    Switching      Leakage        Total
                            Power        Power        Power        Power (Watts)
------------------------------------------------------------------------
Sequential           2.198095e-04 1.110754e-05 4.627281e-10 2.309175e-04  24.6%
Combinational        2.014153e-04 2.938963e-04 2.166702e-09 4.953137e-04  52.8%
Clock                1.264579e-04 8.517797e-05 1.351151e-09 2.116372e-04  22.6%
Macro                0.000000e+00 0.000000e+00 0.000000e+00 0.000000e+00   0.0%
Pad                  0.000000e+00 0.000000e+00 0.000000e+00 0.000000e+00   0.0%
------------------------------------------------------------------------
Total                5.476826e-04 3.901818e-04 3.980582e-09 9.378684e-04 100.0%
                            58.4%        41.6%         0.0%

