Clock: clk
Sources: clk 
Generated: no
Virtual: yes
Propagated: no
Period: 8.333000

===========================================================================
report_clock_properties
============================================================================
Clock                   Period          Waveform
----------------------------------------------------
clk                   8.333000    0.000000  4.166500

===========================================================================
report_clock_latency
============================================================================
Clock clk
rise -> rise
    min     max
0.000000 0.000000 source latency
0.372661         network latency _688_/CLK
        0.383082 network latency _680_/CLK
---------------
0.372661 0.383082 latency
        0.010421 skew

fall -> fall
    min     max
0.000000 0.000000 source latency
0.346867         network latency _688_/CLK
        0.354874 network latency _680_/CLK
---------------
0.346867 0.354874 latency
        0.008007 skew



===========================================================================
report_clock_min_period
============================================================================
clk period_min = 4.31 fmax = 232.25
