                                                                       Cells by Function                                                                        
┏━━━━━━━━━━━━━━━━━━━━━━━━━━━━━━━━━━━━━━━━━━━━━━━━━━━━━━━━━━━━━━━━━━━━━━━━━━━━━━━━━━━━━━━━━━━━━━━━━━━━━━━━━━━━━━━━━━━━━━━━━━━━━━━━━┳━━━━━━━━━━━━━━━━━━━━━━━━━━━━┓
┃ Cell Function                                                                                                                   ┃ Count                      ┃
┡━━━━━━━━━━━━━━━━━━━━━━━━━━━━━━━━━━━━━━━━━━━━━━━━━━━━━━━━━━━━━━━━━━━━━━━━━━━━━━━━━━━━━━━━━━━━━━━━━━━━━━━━━━━━━━━━━━━━━━━━━━━━━━━━━╇━━━━━━━━━━━━━━━━━━━━━━━━━━━━┩
│ sky130_ef_sc_hd__decap                                                                                                          │ 175                        │
│ sky130_fd_sc_hd__a211o                                                                                                          │ 3                          │
│ sky130_fd_sc_hd__a211oi                                                                                                         │ 2                          │
│ sky130_fd_sc_hd__a21bo                                                                                                          │ 3                          │
│ sky130_fd_sc_hd__a21boi                                                                                                         │ 1                          │
│ sky130_fd_sc_hd__a21o                                                                                                           │ 6                          │
│ sky130_fd_sc_hd__a21oi                                                                                                          │ 12                         │
│ sky130_fd_sc_hd__a221o                                                                                                          │ 1                          │
│ sky130_fd_sc_hd__a22o                                                                                                           │ 3                          │
│ sky130_fd_sc_hd__a22oi                                                                                                          │ 9                          │
│ sky130_fd_sc_hd__a2bb2o                                                                                                         │ 1                          │
│ sky130_fd_sc_hd__a31o                                                                                                           │ 10                         │
│ sky130_fd_sc_hd__a31oi                                                                                                          │ 2                          │
│ sky130_fd_sc_hd__a41o                                                                                                           │ 2                          │
│ sky130_fd_sc_hd__and2                                                                                                           │ 31                         │
│ sky130_fd_sc_hd__and2b                                                                                                          │ 5                          │
│ sky130_fd_sc_hd__and3                                                                                                           │ 17                         │
│ sky130_fd_sc_hd__and4                                                                                                           │ 4                          │
│ sky130_fd_sc_hd__and4b                                                                                                          │ 2                          │
│ sky130_fd_sc_hd__and4bb                                                                                                         │ 7                          │
│ sky130_fd_sc_hd__buf                                                                                                            │ 33                         │
│ sky130_fd_sc_hd__bufinv                                                                                                         │ 2                          │
│ sky130_fd_sc_hd__clkbuf                                                                                                         │ 37                         │
│ sky130_fd_sc_hd__clkinv                                                                                                         │ 2                          │
│ sky130_fd_sc_hd__clkinvlp                                                                                                       │ 2                          │
│ sky130_fd_sc_hd__decap                                                                                                          │ 295                        │
│ sky130_fd_sc_hd__dfrtp                                                                                                          │ 64                         │
│ sky130_fd_sc_hd__dlygate4sd3                                                                                                    │ 9                          │
│ sky130_fd_sc_hd__dlymetal6s2s                                                                                                   │ 2                          │
│ sky130_fd_sc_hd__fill                                                                                                           │ 224                        │
│ sky130_fd_sc_hd__inv                                                                                                            │ 71                         │
│ sky130_fd_sc_hd__nand2                                                                                                          │ 28                         │
│ sky130_fd_sc_hd__nand2b                                                                                                         │ 6                          │
│ sky130_fd_sc_hd__nand3                                                                                                          │ 2                          │
│ sky130_fd_sc_hd__nand4                                                                                                          │ 2                          │
│ sky130_fd_sc_hd__nor2                                                                                                           │ 44                         │
│ sky130_fd_sc_hd__nor3                                                                                                           │ 4                          │
│ sky130_fd_sc_hd__o211a                                                                                                          │ 3                          │
│ sky130_fd_sc_hd__o21a                                                                                                           │ 6                          │
│ sky130_fd_sc_hd__o21ai                                                                                                          │ 8                          │
│ sky130_fd_sc_hd__o21ba                                                                                                          │ 3                          │
│ sky130_fd_sc_hd__o21bai                                                                                                         │ 2                          │
│ sky130_fd_sc_hd__o221a                                                                                                          │ 1                          │
│ sky130_fd_sc_hd__o2bb2a                                                                                                         │ 9                          │
│ sky130_fd_sc_hd__o311a                                                                                                          │ 1                          │
│ sky130_fd_sc_hd__o31a                                                                                                           │ 3                          │
│ sky130_fd_sc_hd__or2                                                                                                            │ 11                         │
│ sky130_fd_sc_hd__or3                                                                                                            │ 3                          │
│ sky130_fd_sc_hd__or4                                                                                                            │ 1                          │
│ sky130_fd_sc_hd__tapvpwrvgnd                                                                                                    │ 133                        │
│ sky130_fd_sc_hd__xnor2                                                                                                          │ 32                         │
│ sky130_fd_sc_hd__xor2                                                                                                           │ 16                         │
└─────────────────────────────────────────────────────────────────────────────────────────────────────────────────────────────────┴────────────────────────────┘
