
===========================================================================
 report_power
============================================================================
======================= max_ff_n40C_1v95 Corner ===================================

Group                    Internal    Switching      Leakage        Total
                            Power        Power        Power        Power (Watts)
------------------------------------------------------------------------
Sequential           1.464902e-04 8.136944e-06 4.627281e-10 1.546276e-04  24.5%
Combinational        1.302877e-04 2.011251e-04 2.119387e-09 3.314150e-04  52.5%
Clock                8.437548e-05 6.107497e-05 1.366361e-09 1.454518e-04  23.0%
Macro                0.000000e+00 0.000000e+00 0.000000e+00 0.000000e+00   0.0%
Pad                  0.000000e+00 0.000000e+00 0.000000e+00 0.000000e+00   0.0%
------------------------------------------------------------------------
Total                3.611534e-04 2.703370e-04 3.948476e-09 6.314944e-04 100.0%
                            57.2%        42.8%         0.0%

