
===========================================================================
 report_power
============================================================================
======================= min_ff_n40C_1v95 Corner ===================================

Group                    Internal    Switching      Leakage        Total
                            Power        Power        Power        Power (Watts)
------------------------------------------------------------------------
Sequential           1.465409e-04 7.579272e-06 4.627281e-10 1.541206e-04  24.9%
Combinational        1.301714e-04 1.943860e-04 2.119387e-09 3.245596e-04  52.4%
Clock                8.430237e-05 5.693972e-05 1.366361e-09 1.412435e-04  22.8%
Macro                0.000000e+00 0.000000e+00 0.000000e+00 0.000000e+00   0.0%
Pad                  0.000000e+00 0.000000e+00 0.000000e+00 0.000000e+00   0.0%
------------------------------------------------------------------------
Total                3.610148e-04 2.589050e-04 3.948476e-09 6.199237e-04 100.0%
                            58.2%        41.8%         0.0%

