
===========================================================================
 report_power
============================================================================
======================= nom_tt_025C_1v80 Corner ===================================

Group                    Internal    Switching      Leakage        Total
                            Power        Power        Power        Power (Watts)
------------------------------------------------------------------------
Sequential           1.482733e-03 6.500202e-05 1.965091e-09 1.547737e-03  49.2%
Combinational        3.360561e-04 3.151405e-04 2.156785e-09 6.511987e-04  20.7%
Clock                5.206261e-04 4.247023e-04 1.492761e-09 9.453299e-04  30.1%
Macro                0.000000e+00 0.000000e+00 0.000000e+00 0.000000e+00   0.0%
Pad                  0.000000e+00 0.000000e+00 0.000000e+00 0.000000e+00   0.0%
------------------------------------------------------------------------
Total                2.339414e-03 8.048448e-04 5.614619e-09 3.144265e-03 100.0%
                            74.4%        25.6%         0.0%

