
===========================================================================
 report_power
============================================================================
======================= nom_ff_n40C_1v95 Corner ===================================

Group                    Internal    Switching      Leakage        Total
                            Power        Power        Power        Power (Watts)
------------------------------------------------------------------------
Sequential           6.538332e-04 4.116569e-05 1.031528e-09 6.949999e-04  37.4%
Combinational        2.362458e-04 3.331600e-04 2.658703e-09 5.694085e-04  30.6%
Clock                3.598314e-04 2.352613e-04 1.944011e-09 5.950946e-04  32.0%
Macro                0.000000e+00 0.000000e+00 0.000000e+00 0.000000e+00   0.0%
Pad                  0.000000e+00 0.000000e+00 0.000000e+00 0.000000e+00   0.0%
------------------------------------------------------------------------
Total                1.249910e-03 6.095868e-04 5.634239e-09 1.859503e-03 100.0%
                            67.2%        32.8%         0.0%

