┏━━━━━━━━━━━━━━━━━━━━━━┳━━━━━━━━━━┳━━━━━━━━━━┳━━━━━━━━━━┳━━━━━━━━━━┳━━━━━━━━━━━┳━━━━━━━━━━┳━━━━━━━━━━━┳━━━━━━━━━━┳━━━━━━━━━━━┳━━━━━━━━━━┳━━━━━━━━━━━┳━━━━━━━━━━┓
┃                      ┃ Hold     ┃ Reg to   ┃          ┃          ┃ of which  ┃ Setup    ┃           ┃          ┃           ┃ of which ┃           ┃          ┃
┃                      ┃ Worst    ┃ Reg      ┃          ┃ Hold Vio ┃ reg to    ┃ Worst    ┃ Reg to    ┃ Setup    ┃ Setup Vio ┃ reg to   ┃ Max Cap   ┃ Max Slew ┃
┃ Corner/Group         ┃ Slack    ┃ Paths    ┃ Hold TNS ┃ Count    ┃ reg       ┃ Slack    ┃ Reg Paths ┃ TNS      ┃ Count     ┃ reg      ┃ Violatio… ┃ Violati… ┃
┡━━━━━━━━━━━━━━━━━━━━━━╇━━━━━━━━━━╇━━━━━━━━━━╇━━━━━━━━━━╇━━━━━━━━━━╇━━━━━━━━━━━╇━━━━━━━━━━╇━━━━━━━━━━━╇━━━━━━━━━━╇━━━━━━━━━━━╇━━━━━━━━━━╇━━━━━━━━━━━╇━━━━━━━━━━┩
│ Overall              │ 0.1094   │ 0.1094   │ 0.0000   │ 0        │ 0         │ -0.2983  │ -0.2983   │ -1.9528  │ 31        │ 31       │ 0         │ 0        │
│ nom_tt_025C_1v80     │ 0.3166   │ 0.3166   │ 0.0000   │ 0        │ 0         │ 2.2705   │ 2.2705    │ 0.0000   │ 0         │ 0        │ 0         │ 0        │
│ nom_ss_100C_1v60     │ 0.1581   │ 0.9048   │ 0.0000   │ 0        │ 0         │ -0.2270  │ -0.2270   │ -1.4133  │ 10        │ 10       │ 0         │ 0        │
│ nom_ff_n40C_1v95     │ 0.1115   │ 0.1115   │ 0.0000   │ 0        │ 0         │ 3.1164   │ 3.1997    │ 0.0000   │ 0         │ 0        │ 0         │ 0        │
│ min_tt_025C_1v80     │ 0.3135   │ 0.3135   │ 0.0000   │ 0        │ 0         │ 2.3131   │ 2.3131    │ 0.0000   │ 0         │ 0        │ 0         │ 0        │
│ min_ss_100C_1v60     │ 0.1487   │ 0.9006   │ 0.0000   │ 0        │ 0         │ -0.1607  │ -0.1607   │ -0.9691  │ 10        │ 10       │ 0         │ 0        │
│ min_ff_n40C_1v95     │ 0.1094   │ 0.1094   │ 0.0000   │ 0        │ 0         │ 3.1234   │ 3.2223    │ 0.0000   │ 0         │ 0        │ 0         │ 0        │
│ max_tt_025C_1v80     │ 0.3190   │ 0.3190   │ 0.0000   │ 0        │ 0         │ 2.2267   │ 2.2267    │ 0.0000   │ 0         │ 0        │ 0         │ 0        │
│ max_ss_100C_1v60     │ 0.1613   │ 0.9096   │ 0.0000   │ 0        │ 0         │ -0.2983  │ -0.2983   │ -1.9528  │ 11        │ 11       │ 0         │ 0        │
│ max_ff_n40C_1v95     │ 0.1134   │ 0.1134   │ 0.0000   │ 0        │ 0         │ 3.1088   │ 3.1771    │ 0.0000   │ 0         │ 0        │ 0         │ 0        │
└──────────────────────┴──────────┴──────────┴──────────┴──────────┴───────────┴──────────┴───────────┴──────────┴───────────┴──────────┴───────────┴──────────┘
