
===========================================================================
report_checks -path_delay min (Hold)
============================================================================
======================= min_ss_100C_1v60 Corner ===================================

Startpoint: _673_ (rising edge-triggered flip-flop clocked by clk)
Endpoint: _681_ (rising edge-triggered flip-flop clocked by clk)
Path Group: clk
Path Type: min

Fanout         Cap        Slew       Delay        Time   Description
---------------------------------------------------------------------------------------------
                                  0.000000    0.000000   clock clk (rise edge)
                                  0.000000    0.000000   clock source latency
     1    0.018594    0.250000    0.000000    0.000000 ^ clk (in)
                                                         clk (net)
                      0.251278    0.000639    0.000639 ^ clkbuf_0_clk/A (sky130_fd_sc_hd__clkbuf_16)
     4    0.039160    0.093711    0.330466    0.331105 ^ clkbuf_0_clk/X (sky130_fd_sc_hd__clkbuf_16)
                                                         clknet_0_clk (net)
                      0.093712    0.000544    0.331648 ^ clkbuf_2_0__f_clk/A (sky130_fd_sc_hd__clkbuf_16)
    12    0.031091    0.081934    0.247849    0.579498 ^ clkbuf_2_0__f_clk/X (sky130_fd_sc_hd__clkbuf_16)
                                                         clknet_2_0__leaf_clk (net)
                      0.081935    0.000535    0.580033 ^ _673_/CLK (sky130_fd_sc_hd__dfrtp_1)
     5    0.014436    0.218157    0.767846    1.347879 ^ _673_/Q (sky130_fd_sc_hd__dfrtp_1)
                                                         b_reg[0] (net)
                      0.218157    0.000186    1.348065 ^ _322_/A (sky130_fd_sc_hd__and2_1)
     2    0.004015    0.098822    0.292915    1.640980 ^ _322_/X (sky130_fd_sc_hd__and2_1)
                                                         product_reg[0] (net)
                      0.098822    0.000022    1.641002 ^ _681_/D (sky130_fd_sc_hd__dfrtp_1)
                                              1.641002   data arrival time

                                  0.000000    0.000000   clock clk (rise edge)
                                  0.000000    0.000000   clock source latency
     1    0.018594    0.250000    0.000000    0.000000 ^ clk (in)
                                                         clk (net)
                      0.251278    0.000639    0.000639 ^ clkbuf_0_clk/A (sky130_fd_sc_hd__clkbuf_16)
     4    0.039160    0.093711    0.330466    0.331105 ^ clkbuf_0_clk/X (sky130_fd_sc_hd__clkbuf_16)
                                                         clknet_0_clk (net)
                      0.093711    0.000459    0.331564 ^ clkbuf_2_1__f_clk/A (sky130_fd_sc_hd__clkbuf_16)
     8    0.032158    0.083361    0.249567    0.581131 ^ clkbuf_2_1__f_clk/X (sky130_fd_sc_hd__clkbuf_16)
                                                         clknet_2_1__leaf_clk (net)
                      0.083365    0.000655    0.581785 ^ _681_/CLK (sky130_fd_sc_hd__dfrtp_1)
                                  0.125000    0.706785   clock uncertainty
                                  0.000000    0.706785   clock reconvergence pessimism
                                 -0.081324    0.625461   library hold time
                                              0.625461   data required time
---------------------------------------------------------------------------------------------
                                              0.625461   data required time
                                             -1.641002   data arrival time
---------------------------------------------------------------------------------------------
                                              1.015541   slack (MET)


Startpoint: _673_ (rising edge-triggered flip-flop clocked by clk)
Endpoint: _682_ (rising edge-triggered flip-flop clocked by clk)
Path Group: clk
Path Type: min

Fanout         Cap        Slew       Delay        Time   Description
---------------------------------------------------------------------------------------------
                                  0.000000    0.000000   clock clk (rise edge)
                                  0.000000    0.000000   clock source latency
     1    0.018594    0.250000    0.000000    0.000000 ^ clk (in)
                                                         clk (net)
                      0.251278    0.000639    0.000639 ^ clkbuf_0_clk/A (sky130_fd_sc_hd__clkbuf_16)
     4    0.039160    0.093711    0.330466    0.331105 ^ clkbuf_0_clk/X (sky130_fd_sc_hd__clkbuf_16)
                                                         clknet_0_clk (net)
                      0.093712    0.000544    0.331648 ^ clkbuf_2_0__f_clk/A (sky130_fd_sc_hd__clkbuf_16)
    12    0.031091    0.081934    0.247849    0.579498 ^ clkbuf_2_0__f_clk/X (sky130_fd_sc_hd__clkbuf_16)
                                                         clknet_2_0__leaf_clk (net)
                      0.081935    0.000535    0.580033 ^ _673_/CLK (sky130_fd_sc_hd__dfrtp_1)
     5    0.014436    0.218157    0.767846    1.347879 ^ _673_/Q (sky130_fd_sc_hd__dfrtp_1)
                                                         b_reg[0] (net)
                      0.218157    0.000218    1.348097 ^ _323_/A1 (sky130_fd_sc_hd__a22oi_1)
     1    0.002579    0.123012    0.220433    1.568530 v _323_/Y (sky130_fd_sc_hd__a22oi_1)
                                                         _292_ (net)
                      0.123012    0.000012    1.568542 v _325_/A (sky130_fd_sc_hd__nor2_1)
     1    0.002463    0.124637    0.179397    1.747939 ^ _325_/Y (sky130_fd_sc_hd__nor2_1)
                                                         product_reg[1] (net)
                      0.124637    0.000023    1.747962 ^ _682_/D (sky130_fd_sc_hd__dfrtp_1)
                                              1.747962   data arrival time

                                  0.000000    0.000000   clock clk (rise edge)
                                  0.000000    0.000000   clock source latency
     1    0.018594    0.250000    0.000000    0.000000 ^ clk (in)
                                                         clk (net)
                      0.251278    0.000639    0.000639 ^ clkbuf_0_clk/A (sky130_fd_sc_hd__clkbuf_16)
     4    0.039160    0.093711    0.330466    0.331105 ^ clkbuf_0_clk/X (sky130_fd_sc_hd__clkbuf_16)
                                                         clknet_0_clk (net)
                      0.093711    0.000459    0.331564 ^ clkbuf_2_1__f_clk/A (sky130_fd_sc_hd__clkbuf_16)
     8    0.032158    0.083361    0.249567    0.581131 ^ clkbuf_2_1__f_clk/X (sky130_fd_sc_hd__clkbuf_16)
                                                         clknet_2_1__leaf_clk (net)
                      0.083367    0.000760    0.581891 ^ _682_/CLK (sky130_fd_sc_hd__dfrtp_1)
                                  0.125000    0.706891   clock uncertainty
                                  0.000000    0.706891   clock reconvergence pessimism
                                 -0.087215    0.619676   library hold time
                                              0.619676   data required time
---------------------------------------------------------------------------------------------
                                              0.619676   data required time
                                             -1.747962   data arrival time
---------------------------------------------------------------------------------------------
                                              1.128286   slack (MET)


Startpoint: _672_ (rising edge-triggered flip-flop clocked by clk)
Endpoint: _664_ (rising edge-triggered flip-flop clocked by clk)
Path Group: clk
Path Type: min

Fanout         Cap        Slew       Delay        Time   Description
---------------------------------------------------------------------------------------------
                                  0.000000    0.000000   clock clk (rise edge)
                                  0.000000    0.000000   clock source latency
     1    0.018594    0.250000    0.000000    0.000000 ^ clk (in)
                                                         clk (net)
                      0.251278    0.000639    0.000639 ^ clkbuf_0_clk/A (sky130_fd_sc_hd__clkbuf_16)
     4    0.039160    0.093711    0.330466    0.331105 ^ clkbuf_0_clk/X (sky130_fd_sc_hd__clkbuf_16)
                                                         clknet_0_clk (net)
                      0.093712    0.000544    0.331648 ^ clkbuf_2_0__f_clk/A (sky130_fd_sc_hd__clkbuf_16)
    12    0.031091    0.081934    0.247849    0.579498 ^ clkbuf_2_0__f_clk/X (sky130_fd_sc_hd__clkbuf_16)
                                                         clknet_2_0__leaf_clk (net)
                      0.081955    0.001249    0.580747 ^ _672_/CLK (sky130_fd_sc_hd__dfrtp_1)
     2    0.012514    0.197089    0.748402    1.329149 ^ _672_/Q (sky130_fd_sc_hd__dfrtp_1)
                                                         a_reg[7] (net)
                      0.197089    0.000107    1.329257 ^ fanout46/A (sky130_fd_sc_hd__buf_1)
     5    0.014879    0.293885    0.361164    1.690420 ^ fanout46/X (sky130_fd_sc_hd__buf_1)
                                                         net46 (net)
                      0.293885    0.000107    1.690527 ^ _623_/C1 (sky130_fd_sc_hd__o311a_1)
     1    0.002509    0.078773    0.395087    2.085614 ^ _623_/X (sky130_fd_sc_hd__o311a_1)
                                                         _290_ (net)
                      0.078773    0.000033    2.085646 ^ _624_/B (sky130_fd_sc_hd__or2_1)
     1    0.002067    0.055917    0.154502    2.240148 ^ _624_/X (sky130_fd_sc_hd__or2_1)
                                                         product_reg[15] (net)
                      0.055917    0.000017    2.240165 ^ _664_/D (sky130_fd_sc_hd__dfrtp_1)
                                              2.240165   data arrival time

                                  0.000000    0.000000   clock clk (rise edge)
                                  0.000000    0.000000   clock source latency
     1    0.018594    0.250000    0.000000    0.000000 ^ clk (in)
                                                         clk (net)
                      0.251278    0.000639    0.000639 ^ clkbuf_0_clk/A (sky130_fd_sc_hd__clkbuf_16)
     4    0.039160    0.093711    0.330466    0.331105 ^ clkbuf_0_clk/X (sky130_fd_sc_hd__clkbuf_16)
                                                         clknet_0_clk (net)
                      0.093712    0.000554    0.331659 ^ clkbuf_2_2__f_clk/A (sky130_fd_sc_hd__clkbuf_16)
     7    0.036293    0.089255    0.255433    0.587092 ^ clkbuf_2_2__f_clk/X (sky130_fd_sc_hd__clkbuf_16)
                                                         clknet_2_2__leaf_clk (net)
                      0.089260    0.000808    0.587900 ^ _664_/CLK (sky130_fd_sc_hd__dfrtp_1)
                                  0.125000    0.712900   clock uncertainty
                                  0.000000    0.712900   clock reconvergence pessimism
                                 -0.070566    0.642334   library hold time
                                              0.642334   data required time
---------------------------------------------------------------------------------------------
                                              0.642334   data required time
                                             -2.240165   data arrival time
---------------------------------------------------------------------------------------------
                                              1.597832   slack (MET)


Startpoint: _675_ (rising edge-triggered flip-flop clocked by clk)
Endpoint: _683_ (rising edge-triggered flip-flop clocked by clk)
Path Group: clk
Path Type: min

Fanout         Cap        Slew       Delay        Time   Description
---------------------------------------------------------------------------------------------
                                  0.000000    0.000000   clock clk (rise edge)
                                  0.000000    0.000000   clock source latency
     1    0.018594    0.250000    0.000000    0.000000 ^ clk (in)
                                                         clk (net)
                      0.251278    0.000639    0.000639 ^ clkbuf_0_clk/A (sky130_fd_sc_hd__clkbuf_16)
     4    0.039160    0.093711    0.330466    0.331105 ^ clkbuf_0_clk/X (sky130_fd_sc_hd__clkbuf_16)
                                                         clknet_0_clk (net)
                      0.093712    0.000544    0.331648 ^ clkbuf_2_0__f_clk/A (sky130_fd_sc_hd__clkbuf_16)
    12    0.031091    0.081934    0.247849    0.579498 ^ clkbuf_2_0__f_clk/X (sky130_fd_sc_hd__clkbuf_16)
                                                         clknet_2_0__leaf_clk (net)
                      0.081938    0.000695    0.580192 ^ _675_/CLK (sky130_fd_sc_hd__dfrtp_4)
    10    0.039770    0.232652    0.954458    1.534650 ^ _675_/Q (sky130_fd_sc_hd__dfrtp_4)
                                                         b_reg[2] (net)
                      0.232652    0.001027    1.535677 ^ _326_/B (sky130_fd_sc_hd__nand2_1)
     1    0.004846    0.109384    0.191312    1.726989 v _326_/Y (sky130_fd_sc_hd__nand2_1)
                                                         _294_ (net)
                      0.109384    0.000027    1.727016 v _330_/A (sky130_fd_sc_hd__xnor2_1)
     2    0.004435    0.099132    0.250595    1.977611 v _330_/Y (sky130_fd_sc_hd__xnor2_1)
                                                         _298_ (net)
                      0.099132    0.000029    1.977640 v _331_/B (sky130_fd_sc_hd__nand2_1)
     3    0.006775    0.117004    0.153518    2.131158 ^ _331_/Y (sky130_fd_sc_hd__nand2_1)
                                                         _299_ (net)
                      0.117004    0.000041    2.131199 ^ _333_/A (sky130_fd_sc_hd__and2_1)
     1    0.002149    0.071202    0.226326    2.357525 ^ _333_/X (sky130_fd_sc_hd__and2_1)
                                                         product_reg[2] (net)
                      0.071202    0.000018    2.357543 ^ _683_/D (sky130_fd_sc_hd__dfrtp_1)
                                              2.357543   data arrival time

                                  0.000000    0.000000   clock clk (rise edge)
                                  0.000000    0.000000   clock source latency
     1    0.018594    0.250000    0.000000    0.000000 ^ clk (in)
                                                         clk (net)
                      0.251278    0.000639    0.000639 ^ clkbuf_0_clk/A (sky130_fd_sc_hd__clkbuf_16)
     4    0.039160    0.093711    0.330466    0.331105 ^ clkbuf_0_clk/X (sky130_fd_sc_hd__clkbuf_16)
                                                         clknet_0_clk (net)
                      0.093711    0.000459    0.331564 ^ clkbuf_2_1__f_clk/A (sky130_fd_sc_hd__clkbuf_16)
     8    0.032158    0.083361    0.249567    0.581131 ^ clkbuf_2_1__f_clk/X (sky130_fd_sc_hd__clkbuf_16)
                                                         clknet_2_1__leaf_clk (net)
                      0.083370    0.000902    0.582032 ^ _683_/CLK (sky130_fd_sc_hd__dfrtp_1)
                                  0.125000    0.707032   clock uncertainty
                                  0.000000    0.707032   clock reconvergence pessimism
                                 -0.075020    0.632012   library hold time
                                              0.632012   data required time
---------------------------------------------------------------------------------------------
                                              0.632012   data required time
                                             -2.357543   data arrival time
---------------------------------------------------------------------------------------------
                                              1.725532   slack (MET)


Startpoint: _675_ (rising edge-triggered flip-flop clocked by clk)
Endpoint: _684_ (rising edge-triggered flip-flop clocked by clk)
Path Group: clk
Path Type: min

Fanout         Cap        Slew       Delay        Time   Description
---------------------------------------------------------------------------------------------
                                  0.000000    0.000000   clock clk (rise edge)
                                  0.000000    0.000000   clock source latency
     1    0.018594    0.250000    0.000000    0.000000 ^ clk (in)
                                                         clk (net)
                      0.251278    0.000639    0.000639 ^ clkbuf_0_clk/A (sky130_fd_sc_hd__clkbuf_16)
     4    0.039160    0.093711    0.330466    0.331105 ^ clkbuf_0_clk/X (sky130_fd_sc_hd__clkbuf_16)
                                                         clknet_0_clk (net)
                      0.093712    0.000544    0.331648 ^ clkbuf_2_0__f_clk/A (sky130_fd_sc_hd__clkbuf_16)
    12    0.031091    0.081934    0.247849    0.579498 ^ clkbuf_2_0__f_clk/X (sky130_fd_sc_hd__clkbuf_16)
                                                         clknet_2_0__leaf_clk (net)
                      0.081938    0.000695    0.580192 ^ _675_/CLK (sky130_fd_sc_hd__dfrtp_4)
    10    0.039770    0.232652    0.954458    1.534650 ^ _675_/Q (sky130_fd_sc_hd__dfrtp_4)
                                                         b_reg[2] (net)
                      0.232652    0.001027    1.535677 ^ _326_/B (sky130_fd_sc_hd__nand2_1)
     1    0.004846    0.109384    0.191312    1.726989 v _326_/Y (sky130_fd_sc_hd__nand2_1)
                                                         _294_ (net)
                      0.109384    0.000027    1.727016 v _330_/A (sky130_fd_sc_hd__xnor2_1)
     2    0.004435    0.099132    0.250595    1.977611 v _330_/Y (sky130_fd_sc_hd__xnor2_1)
                                                         _298_ (net)
                      0.099132    0.000029    1.977640 v _331_/B (sky130_fd_sc_hd__nand2_1)
     3    0.006775    0.117004    0.153518    2.131158 ^ _331_/Y (sky130_fd_sc_hd__nand2_1)
                                                         _299_ (net)
                      0.117004    0.000073    2.131232 ^ _345_/A (sky130_fd_sc_hd__nor2_1)
     3    0.007896    0.078118    0.132028    2.263259 v _345_/Y (sky130_fd_sc_hd__nor2_1)
                                                         _312_ (net)
                      0.078118    0.000026    2.263285 v _347_/A (sky130_fd_sc_hd__nor2_1)
     1    0.002192    0.115345    0.156183    2.419468 ^ _347_/Y (sky130_fd_sc_hd__nor2_1)
                                                         product_reg[3] (net)
                      0.115345    0.000019    2.419487 ^ _684_/D (sky130_fd_sc_hd__dfrtp_1)
                                              2.419487   data arrival time

                                  0.000000    0.000000   clock clk (rise edge)
                                  0.000000    0.000000   clock source latency
     1    0.018594    0.250000    0.000000    0.000000 ^ clk (in)
                                                         clk (net)
                      0.251278    0.000639    0.000639 ^ clkbuf_0_clk/A (sky130_fd_sc_hd__clkbuf_16)
     4    0.039160    0.093711    0.330466    0.331105 ^ clkbuf_0_clk/X (sky130_fd_sc_hd__clkbuf_16)
                                                         clknet_0_clk (net)
                      0.093711    0.000459    0.331564 ^ clkbuf_2_1__f_clk/A (sky130_fd_sc_hd__clkbuf_16)
     8    0.032158    0.083361    0.249567    0.581131 ^ clkbuf_2_1__f_clk/X (sky130_fd_sc_hd__clkbuf_16)
                                                         clknet_2_1__leaf_clk (net)
                      0.083372    0.000945    0.582075 ^ _684_/CLK (sky130_fd_sc_hd__dfrtp_1)
                                  0.125000    0.707075   clock uncertainty
                                  0.000000    0.707075   clock reconvergence pessimism
                                 -0.085094    0.621981   library hold time
                                              0.621981   data required time
---------------------------------------------------------------------------------------------
                                              0.621981   data required time
                                             -2.419487   data arrival time
---------------------------------------------------------------------------------------------
                                              1.797506   slack (MET)


Startpoint: _675_ (rising edge-triggered flip-flop clocked by clk)
Endpoint: _685_ (rising edge-triggered flip-flop clocked by clk)
Path Group: clk
Path Type: min

Fanout         Cap        Slew       Delay        Time   Description
---------------------------------------------------------------------------------------------
                                  0.000000    0.000000   clock clk (rise edge)
                                  0.000000    0.000000   clock source latency
     1    0.018594    0.250000    0.000000    0.000000 ^ clk (in)
                                                         clk (net)
                      0.251278    0.000639    0.000639 ^ clkbuf_0_clk/A (sky130_fd_sc_hd__clkbuf_16)
     4    0.039160    0.093711    0.330466    0.331105 ^ clkbuf_0_clk/X (sky130_fd_sc_hd__clkbuf_16)
                                                         clknet_0_clk (net)
                      0.093712    0.000544    0.331648 ^ clkbuf_2_0__f_clk/A (sky130_fd_sc_hd__clkbuf_16)
    12    0.031091    0.081934    0.247849    0.579498 ^ clkbuf_2_0__f_clk/X (sky130_fd_sc_hd__clkbuf_16)
                                                         clknet_2_0__leaf_clk (net)
                      0.081938    0.000695    0.580192 ^ _675_/CLK (sky130_fd_sc_hd__dfrtp_4)
    10    0.039770    0.232652    0.954458    1.534650 ^ _675_/Q (sky130_fd_sc_hd__dfrtp_4)
                                                         b_reg[2] (net)
                      0.232652    0.001027    1.535677 ^ _326_/B (sky130_fd_sc_hd__nand2_1)
     1    0.004846    0.109384    0.191312    1.726989 v _326_/Y (sky130_fd_sc_hd__nand2_1)
                                                         _294_ (net)
                      0.109384    0.000027    1.727016 v _330_/A (sky130_fd_sc_hd__xnor2_1)
     2    0.004435    0.099132    0.250595    1.977611 v _330_/Y (sky130_fd_sc_hd__xnor2_1)
                                                         _298_ (net)
                      0.099132    0.000029    1.977640 v _331_/B (sky130_fd_sc_hd__nand2_1)
     3    0.006775    0.117004    0.153518    2.131158 ^ _331_/Y (sky130_fd_sc_hd__nand2_1)
                                                         _299_ (net)
                      0.117004    0.000073    2.131232 ^ _345_/A (sky130_fd_sc_hd__nor2_1)
     3    0.007896    0.078118    0.132028    2.263259 v _345_/Y (sky130_fd_sc_hd__nor2_1)
                                                         _312_ (net)
                      0.078118    0.000082    2.263341 v _365_/A (sky130_fd_sc_hd__nor2_1)
     1    0.003323    0.146935    0.179971    2.443312 ^ _365_/Y (sky130_fd_sc_hd__nor2_1)
                                                         _042_ (net)
                      0.146935    0.000037    2.443349 ^ _366_/B (sky130_fd_sc_hd__nor2_1)
     1    0.002162    0.045406    0.093971    2.537320 v _366_/Y (sky130_fd_sc_hd__nor2_1)
                                                         product_reg[4] (net)
                      0.045406    0.000019    2.537339 v _685_/D (sky130_fd_sc_hd__dfrtp_1)
                                              2.537339   data arrival time

                                  0.000000    0.000000   clock clk (rise edge)
                                  0.000000    0.000000   clock source latency
     1    0.018594    0.250000    0.000000    0.000000 ^ clk (in)
                                                         clk (net)
                      0.251278    0.000639    0.000639 ^ clkbuf_0_clk/A (sky130_fd_sc_hd__clkbuf_16)
     4    0.039160    0.093711    0.330466    0.331105 ^ clkbuf_0_clk/X (sky130_fd_sc_hd__clkbuf_16)
                                                         clknet_0_clk (net)
                      0.093711    0.000459    0.331564 ^ clkbuf_2_1__f_clk/A (sky130_fd_sc_hd__clkbuf_16)
     8    0.032158    0.083361    0.249567    0.581131 ^ clkbuf_2_1__f_clk/X (sky130_fd_sc_hd__clkbuf_16)
                                                         clknet_2_1__leaf_clk (net)
                      0.083372    0.000962    0.582093 ^ _685_/CLK (sky130_fd_sc_hd__dfrtp_1)
                                  0.125000    0.707093   clock uncertainty
                                  0.000000    0.707093   clock reconvergence pessimism
                                 -0.084851    0.622242   library hold time
                                              0.622242   data required time
---------------------------------------------------------------------------------------------
                                              0.622242   data required time
                                             -2.537339   data arrival time
---------------------------------------------------------------------------------------------
                                              1.915097   slack (MET)


Startpoint: _672_ (rising edge-triggered flip-flop clocked by clk)
Endpoint: _663_ (rising edge-triggered flip-flop clocked by clk)
Path Group: clk
Path Type: min

Fanout         Cap        Slew       Delay        Time   Description
---------------------------------------------------------------------------------------------
                                  0.000000    0.000000   clock clk (rise edge)
                                  0.000000    0.000000   clock source latency
     1    0.018594    0.250000    0.000000    0.000000 ^ clk (in)
                                                         clk (net)
                      0.251278    0.000639    0.000639 ^ clkbuf_0_clk/A (sky130_fd_sc_hd__clkbuf_16)
     4    0.039160    0.093711    0.330466    0.331105 ^ clkbuf_0_clk/X (sky130_fd_sc_hd__clkbuf_16)
                                                         clknet_0_clk (net)
                      0.093712    0.000544    0.331648 ^ clkbuf_2_0__f_clk/A (sky130_fd_sc_hd__clkbuf_16)
    12    0.031091    0.081934    0.247849    0.579498 ^ clkbuf_2_0__f_clk/X (sky130_fd_sc_hd__clkbuf_16)
                                                         clknet_2_0__leaf_clk (net)
                      0.081955    0.001249    0.580747 ^ _672_/CLK (sky130_fd_sc_hd__dfrtp_1)
     2    0.012514    0.197089    0.748402    1.329149 ^ _672_/Q (sky130_fd_sc_hd__dfrtp_1)
                                                         a_reg[7] (net)
                      0.197089    0.000107    1.329257 ^ fanout46/A (sky130_fd_sc_hd__buf_1)
     5    0.014879    0.293885    0.361164    1.690420 ^ fanout46/X (sky130_fd_sc_hd__buf_1)
                                                         net46 (net)
                      0.293885    0.000108    1.690529 ^ _616_/A (sky130_fd_sc_hd__and3_1)
     1    0.006789    0.138830    0.411785    2.102314 ^ _616_/X (sky130_fd_sc_hd__and3_1)
                                                         _284_ (net)
                      0.138830    0.000123    2.102436 ^ _618_/A (sky130_fd_sc_hd__xnor2_1)
     2    0.008963    0.159261    0.292892    2.395329 ^ _618_/Y (sky130_fd_sc_hd__xnor2_1)
                                                         _286_ (net)
                      0.159261    0.000116    2.395445 ^ _622_/A (sky130_fd_sc_hd__xnor2_1)
     1    0.002301    0.068406    0.162265    2.557710 v _622_/Y (sky130_fd_sc_hd__xnor2_1)
                                                         product_reg[14] (net)
                      0.068406    0.000022    2.557731 v _663_/D (sky130_fd_sc_hd__dfrtp_1)
                                              2.557731   data arrival time

                                  0.000000    0.000000   clock clk (rise edge)
                                  0.000000    0.000000   clock source latency
     1    0.018594    0.250000    0.000000    0.000000 ^ clk (in)
                                                         clk (net)
                      0.251278    0.000639    0.000639 ^ clkbuf_0_clk/A (sky130_fd_sc_hd__clkbuf_16)
     4    0.039160    0.093711    0.330466    0.331105 ^ clkbuf_0_clk/X (sky130_fd_sc_hd__clkbuf_16)
                                                         clknet_0_clk (net)
                      0.093712    0.000554    0.331659 ^ clkbuf_2_2__f_clk/A (sky130_fd_sc_hd__clkbuf_16)
     7    0.036293    0.089255    0.255433    0.587092 ^ clkbuf_2_2__f_clk/X (sky130_fd_sc_hd__clkbuf_16)
                                                         clknet_2_2__leaf_clk (net)
                      0.089263    0.000945    0.588037 ^ _663_/CLK (sky130_fd_sc_hd__dfrtp_1)
                                  0.125000    0.713037   clock uncertainty
                                  0.000000    0.713037   clock reconvergence pessimism
                                 -0.091957    0.621080   library hold time
                                              0.621080   data required time
---------------------------------------------------------------------------------------------
                                              0.621080   data required time
                                             -2.557731   data arrival time
---------------------------------------------------------------------------------------------
                                              1.936652   slack (MET)


Startpoint: _669_ (rising edge-triggered flip-flop clocked by clk)
Endpoint: _662_ (rising edge-triggered flip-flop clocked by clk)
Path Group: clk
Path Type: min

Fanout         Cap        Slew       Delay        Time   Description
---------------------------------------------------------------------------------------------
                                  0.000000    0.000000   clock clk (rise edge)
                                  0.000000    0.000000   clock source latency
     1    0.018594    0.250000    0.000000    0.000000 ^ clk (in)
                                                         clk (net)
                      0.251278    0.000639    0.000639 ^ clkbuf_0_clk/A (sky130_fd_sc_hd__clkbuf_16)
     4    0.039160    0.093711    0.330466    0.331105 ^ clkbuf_0_clk/X (sky130_fd_sc_hd__clkbuf_16)
                                                         clknet_0_clk (net)
                      0.093712    0.000544    0.331648 ^ clkbuf_2_0__f_clk/A (sky130_fd_sc_hd__clkbuf_16)
    12    0.031091    0.081934    0.247849    0.579498 ^ clkbuf_2_0__f_clk/X (sky130_fd_sc_hd__clkbuf_16)
                                                         clknet_2_0__leaf_clk (net)
                      0.081948    0.001086    0.580584 ^ _669_/CLK (sky130_fd_sc_hd__dfrtp_1)
     3    0.011137    0.179791    0.733747    1.314331 ^ _669_/Q (sky130_fd_sc_hd__dfrtp_1)
                                                         a_reg[4] (net)
                      0.179791    0.000362    1.314693 ^ _563_/A (sky130_fd_sc_hd__and2_1)
     2    0.005107    0.110069    0.289258    1.603951 ^ _563_/X (sky130_fd_sc_hd__and2_1)
                                                         _234_ (net)
                      0.110069    0.000024    1.603974 ^ _565_/B (sky130_fd_sc_hd__and2_1)
     3    0.009735    0.174703    0.320159    1.924133 ^ _565_/X (sky130_fd_sc_hd__and2_1)
                                                         _236_ (net)
                      0.174703    0.000130    1.924263 ^ _589_/A2 (sky130_fd_sc_hd__o21a_1)
     3    0.008250    0.144161    0.302353    2.226616 ^ _589_/X (sky130_fd_sc_hd__o21a_1)
                                                         _259_ (net)
                      0.144161    0.000109    2.226725 ^ _610_/B (sky130_fd_sc_hd__nor3_1)
     3    0.009977    0.104162    0.160127    2.386852 v _610_/Y (sky130_fd_sc_hd__nor3_1)
                                                         _279_ (net)
                      0.104162    0.000114    2.386967 v _613_/B1 (sky130_fd_sc_hd__o22ai_1)
     1    0.002717    0.163133    0.213295    2.600262 ^ _613_/Y (sky130_fd_sc_hd__o22ai_1)
                                                         _282_ (net)
                      0.163133    0.000014    2.600276 ^ _615_/A (sky130_fd_sc_hd__nand2_1)
     1    0.002804    0.067793    0.132046    2.732322 v _615_/Y (sky130_fd_sc_hd__nand2_1)
                                                         product_reg[13] (net)
                      0.067793    0.000033    2.732354 v _662_/D (sky130_fd_sc_hd__dfrtp_1)
                                              2.732354   data arrival time

                                  0.000000    0.000000   clock clk (rise edge)
                                  0.000000    0.000000   clock source latency
     1    0.018594    0.250000    0.000000    0.000000 ^ clk (in)
                                                         clk (net)
                      0.251278    0.000639    0.000639 ^ clkbuf_0_clk/A (sky130_fd_sc_hd__clkbuf_16)
     4    0.039160    0.093711    0.330466    0.331105 ^ clkbuf_0_clk/X (sky130_fd_sc_hd__clkbuf_16)
                                                         clknet_0_clk (net)
                      0.093712    0.000554    0.331659 ^ clkbuf_2_2__f_clk/A (sky130_fd_sc_hd__clkbuf_16)
     7    0.036293    0.089255    0.255433    0.587092 ^ clkbuf_2_2__f_clk/X (sky130_fd_sc_hd__clkbuf_16)
                                                         clknet_2_2__leaf_clk (net)
                      0.089263    0.000944    0.588035 ^ _662_/CLK (sky130_fd_sc_hd__dfrtp_1)
                                  0.125000    0.713035   clock uncertainty
                                  0.000000    0.713035   clock reconvergence pessimism
                                 -0.091729    0.621306   library hold time
                                              0.621306   data required time
---------------------------------------------------------------------------------------------
                                              0.621306   data required time
                                             -2.732354   data arrival time
---------------------------------------------------------------------------------------------
                                              2.111048   slack (MET)


Startpoint: _668_ (rising edge-triggered flip-flop clocked by clk)
Endpoint: _661_ (rising edge-triggered flip-flop clocked by clk)
Path Group: clk
Path Type: min

Fanout         Cap        Slew       Delay        Time   Description
---------------------------------------------------------------------------------------------
                                  0.000000    0.000000   clock clk (rise edge)
                                  0.000000    0.000000   clock source latency
     1    0.018594    0.250000    0.000000    0.000000 ^ clk (in)
                                                         clk (net)
                      0.251278    0.000639    0.000639 ^ clkbuf_0_clk/A (sky130_fd_sc_hd__clkbuf_16)
     4    0.039160    0.093711    0.330466    0.331105 ^ clkbuf_0_clk/X (sky130_fd_sc_hd__clkbuf_16)
                                                         clknet_0_clk (net)
                      0.093712    0.000544    0.331648 ^ clkbuf_2_0__f_clk/A (sky130_fd_sc_hd__clkbuf_16)
    12    0.031091    0.081934    0.247849    0.579498 ^ clkbuf_2_0__f_clk/X (sky130_fd_sc_hd__clkbuf_16)
                                                         clknet_2_0__leaf_clk (net)
                      0.081941    0.000852    0.580350 ^ _668_/CLK (sky130_fd_sc_hd__dfrtp_1)
     2    0.009191    0.130764    0.801280    1.381630 v _668_/Q (sky130_fd_sc_hd__dfrtp_1)
                                                         a_reg[3] (net)
                      0.130764    0.000166    1.381796 v fanout52/A (sky130_fd_sc_hd__buf_1)
     5    0.014938    0.176802    0.290192    1.671987 v fanout52/X (sky130_fd_sc_hd__buf_1)
                                                         net52 (net)
                      0.176802    0.000039    1.672026 v _554_/A1 (sky130_fd_sc_hd__a31o_1)
     2    0.009731    0.119272    0.425123    2.097150 v _554_/X (sky130_fd_sc_hd__a31o_1)
                                                         _225_ (net)
                      0.119272    0.000232    2.097381 v _572_/A (sky130_fd_sc_hd__nand2_1)
     2    0.005947    0.106376    0.143914    2.241295 ^ _572_/Y (sky130_fd_sc_hd__nand2_1)
                                                         _243_ (net)
                      0.106376    0.000054    2.241349 ^ _594_/B (sky130_fd_sc_hd__nand3_1)
     1    0.002530    0.119214    0.167070    2.408419 v _594_/Y (sky130_fd_sc_hd__nand3_1)
                                                         _264_ (net)
                      0.119214    0.000022    2.408441 v _595_/B (sky130_fd_sc_hd__nand2_1)
     2    0.007216    0.121141    0.167480    2.575921 ^ _595_/Y (sky130_fd_sc_hd__nand2_1)
                                                         _265_ (net)
                      0.121141    0.000084    2.576004 ^ _601_/A (sky130_fd_sc_hd__xnor2_1)
     1    0.002922    0.074771    0.155514    2.731519 v _601_/Y (sky130_fd_sc_hd__xnor2_1)
                                                         product_reg[12] (net)
                      0.074771    0.000034    2.731553 v _661_/D (sky130_fd_sc_hd__dfrtp_1)
                                              2.731553   data arrival time

                                  0.000000    0.000000   clock clk (rise edge)
                                  0.000000    0.000000   clock source latency
     1    0.018594    0.250000    0.000000    0.000000 ^ clk (in)
                                                         clk (net)
                      0.251278    0.000639    0.000639 ^ clkbuf_0_clk/A (sky130_fd_sc_hd__clkbuf_16)
     4    0.039160    0.093711    0.330466    0.331105 ^ clkbuf_0_clk/X (sky130_fd_sc_hd__clkbuf_16)
                                                         clknet_0_clk (net)
                      0.093712    0.000554    0.331659 ^ clkbuf_2_2__f_clk/A (sky130_fd_sc_hd__clkbuf_16)
     7    0.036293    0.089255    0.255433    0.587092 ^ clkbuf_2_2__f_clk/X (sky130_fd_sc_hd__clkbuf_16)
                                                         clknet_2_2__leaf_clk (net)
                      0.089264    0.000983    0.588075 ^ _661_/CLK (sky130_fd_sc_hd__dfrtp_1)
                                  0.125000    0.713075   clock uncertainty
                                  0.000000    0.713075   clock reconvergence pessimism
                                 -0.094320    0.618755   library hold time
                                              0.618755   data required time
---------------------------------------------------------------------------------------------
                                              0.618755   data required time
                                             -2.731553   data arrival time
---------------------------------------------------------------------------------------------
                                              2.112797   slack (MET)


Startpoint: _667_ (rising edge-triggered flip-flop clocked by clk)
Endpoint: _659_ (rising edge-triggered flip-flop clocked by clk)
Path Group: clk
Path Type: min

Fanout         Cap        Slew       Delay        Time   Description
---------------------------------------------------------------------------------------------
                                  0.000000    0.000000   clock clk (rise edge)
                                  0.000000    0.000000   clock source latency
     1    0.018594    0.250000    0.000000    0.000000 ^ clk (in)
                                                         clk (net)
                      0.251278    0.000639    0.000639 ^ clkbuf_0_clk/A (sky130_fd_sc_hd__clkbuf_16)
     4    0.039160    0.093711    0.330466    0.331105 ^ clkbuf_0_clk/X (sky130_fd_sc_hd__clkbuf_16)
                                                         clknet_0_clk (net)
                      0.093712    0.000544    0.331648 ^ clkbuf_2_0__f_clk/A (sky130_fd_sc_hd__clkbuf_16)
    12    0.031091    0.081934    0.247849    0.579498 ^ clkbuf_2_0__f_clk/X (sky130_fd_sc_hd__clkbuf_16)
                                                         clknet_2_0__leaf_clk (net)
                      0.081937    0.000674    0.580172 ^ _667_/CLK (sky130_fd_sc_hd__dfrtp_1)
     2    0.010069    0.138747    0.809288    1.389460 v _667_/Q (sky130_fd_sc_hd__dfrtp_1)
                                                         a_reg[2] (net)
                      0.138747    0.000292    1.389752 v fanout54/A (sky130_fd_sc_hd__buf_1)
     5    0.014202    0.168854    0.288167    1.677919 v fanout54/X (sky130_fd_sc_hd__buf_1)
                                                         net54 (net)
                      0.168854    0.000193    1.678112 v _495_/A1 (sky130_fd_sc_hd__a31o_1)
     2    0.008642    0.110133    0.412727    2.090839 v _495_/X (sky130_fd_sc_hd__a31o_1)
                                                         _168_ (net)
                      0.110133    0.000142    2.090981 v _516_/A (sky130_fd_sc_hd__nand2_1)
     2    0.004866    0.091162    0.128748    2.219729 ^ _516_/Y (sky130_fd_sc_hd__nand2_1)
                                                         _189_ (net)
                      0.091162    0.000040    2.219768 ^ _548_/A2 (sky130_fd_sc_hd__a21oi_1)
     3    0.008576    0.094142    0.204799    2.424567 v _548_/Y (sky130_fd_sc_hd__a21oi_1)
                                                         _220_ (net)
                      0.094142    0.000133    2.424700 v _549_/B (sky130_fd_sc_hd__nor2_1)
     1    0.004857    0.189999    0.193384    2.618084 ^ _549_/Y (sky130_fd_sc_hd__nor2_1)
                                                         _221_ (net)
                      0.189999    0.000044    2.618128 ^ _553_/A (sky130_fd_sc_hd__xnor2_1)
     1    0.002664    0.073240    0.178707    2.796835 v _553_/Y (sky130_fd_sc_hd__xnor2_1)
                                                         product_reg[10] (net)
                      0.073240    0.000030    2.796865 v _659_/D (sky130_fd_sc_hd__dfrtp_1)
                                              2.796865   data arrival time

                                  0.000000    0.000000   clock clk (rise edge)
                                  0.000000    0.000000   clock source latency
     1    0.018594    0.250000    0.000000    0.000000 ^ clk (in)
                                                         clk (net)
                      0.251278    0.000639    0.000639 ^ clkbuf_0_clk/A (sky130_fd_sc_hd__clkbuf_16)
     4    0.039160    0.093711    0.330466    0.331105 ^ clkbuf_0_clk/X (sky130_fd_sc_hd__clkbuf_16)
                                                         clknet_0_clk (net)
                      0.093712    0.000499    0.331604 ^ clkbuf_2_3__f_clk/A (sky130_fd_sc_hd__clkbuf_16)
     8    0.032574    0.083953    0.250308    0.581912 ^ clkbuf_2_3__f_clk/X (sky130_fd_sc_hd__clkbuf_16)
                                                         clknet_2_3__leaf_clk (net)
                      0.083953    0.000352    0.582264 ^ _659_/CLK (sky130_fd_sc_hd__dfrtp_1)
                                  0.125000    0.707264   clock uncertainty
                                  0.000000    0.707264   clock reconvergence pessimism
                                 -0.095043    0.612221   library hold time
                                              0.612221   data required time
---------------------------------------------------------------------------------------------
                                              0.612221   data required time
                                             -2.796865   data arrival time
---------------------------------------------------------------------------------------------
                                              2.184644   slack (MET)


Startpoint: _665_ (rising edge-triggered flip-flop clocked by clk)
Endpoint: _689_ (rising edge-triggered flip-flop clocked by clk)
Path Group: clk
Path Type: min

Fanout         Cap        Slew       Delay        Time   Description
---------------------------------------------------------------------------------------------
                                  0.000000    0.000000   clock clk (rise edge)
                                  0.000000    0.000000   clock source latency
     1    0.018594    0.250000    0.000000    0.000000 ^ clk (in)
                                                         clk (net)
                      0.251278    0.000639    0.000639 ^ clkbuf_0_clk/A (sky130_fd_sc_hd__clkbuf_16)
     4    0.039160    0.093711    0.330466    0.331105 ^ clkbuf_0_clk/X (sky130_fd_sc_hd__clkbuf_16)
                                                         clknet_0_clk (net)
                      0.093711    0.000459    0.331564 ^ clkbuf_2_1__f_clk/A (sky130_fd_sc_hd__clkbuf_16)
     8    0.032158    0.083361    0.249567    0.581131 ^ clkbuf_2_1__f_clk/X (sky130_fd_sc_hd__clkbuf_16)
                                                         clknet_2_1__leaf_clk (net)
                      0.083363    0.000524    0.581654 ^ _665_/CLK (sky130_fd_sc_hd__dfrtp_1)
     4    0.017680    0.260070    0.798945    1.380599 ^ _665_/Q (sky130_fd_sc_hd__dfrtp_1)
                                                         a_reg[0] (net)
                      0.260070    0.000712    1.381312 ^ _427_/A (sky130_fd_sc_hd__and3_1)
     2    0.005421    0.125172    0.383286    1.764598 ^ _427_/X (sky130_fd_sc_hd__and3_1)
                                                         _102_ (net)
                      0.125172    0.000018    1.764616 ^ _460_/B1 (sky130_fd_sc_hd__a31o_1)
     2    0.008895    0.154452    0.253458    2.018073 ^ _460_/X (sky130_fd_sc_hd__a31o_1)
                                                         _134_ (net)
                      0.154452    0.000141    2.018214 ^ _487_/A (sky130_fd_sc_hd__xor2_1)
     3    0.008574    0.109586    0.222448    2.240662 v _487_/X (sky130_fd_sc_hd__xor2_1)
                                                         _161_ (net)
                      0.109586    0.000088    2.240750 v _491_/A (sky130_fd_sc_hd__xnor2_1)
     2    0.009645    0.173397    0.311493    2.552243 v _491_/Y (sky130_fd_sc_hd__xnor2_1)
                                                         _165_ (net)
                      0.173397    0.000080    2.552323 v _493_/A (sky130_fd_sc_hd__xnor2_1)
     1    0.002907    0.076657    0.263746    2.816069 v _493_/Y (sky130_fd_sc_hd__xnor2_1)
                                                         product_reg[8] (net)
                      0.076657    0.000025    2.816094 v _689_/D (sky130_fd_sc_hd__dfrtp_1)
                                              2.816094   data arrival time

                                  0.000000    0.000000   clock clk (rise edge)
                                  0.000000    0.000000   clock source latency
     1    0.018594    0.250000    0.000000    0.000000 ^ clk (in)
                                                         clk (net)
                      0.251278    0.000639    0.000639 ^ clkbuf_0_clk/A (sky130_fd_sc_hd__clkbuf_16)
     4    0.039160    0.093711    0.330466    0.331105 ^ clkbuf_0_clk/X (sky130_fd_sc_hd__clkbuf_16)
                                                         clknet_0_clk (net)
                      0.093712    0.000499    0.331604 ^ clkbuf_2_3__f_clk/A (sky130_fd_sc_hd__clkbuf_16)
     8    0.032574    0.083953    0.250308    0.581912 ^ clkbuf_2_3__f_clk/X (sky130_fd_sc_hd__clkbuf_16)
                                                         clknet_2_3__leaf_clk (net)
                      0.083953    0.000308    0.582220 ^ _689_/CLK (sky130_fd_sc_hd__dfrtp_1)
                                  0.125000    0.707220   clock uncertainty
                                  0.000000    0.707220   clock reconvergence pessimism
                                 -0.096312    0.610908   library hold time
                                              0.610908   data required time
---------------------------------------------------------------------------------------------
                                              0.610908   data required time
                                             -2.816094   data arrival time
---------------------------------------------------------------------------------------------
                                              2.205186   slack (MET)


Startpoint: _679_ (rising edge-triggered flip-flop clocked by clk)
Endpoint: _688_ (rising edge-triggered flip-flop clocked by clk)
Path Group: clk
Path Type: min

Fanout         Cap        Slew       Delay        Time   Description
---------------------------------------------------------------------------------------------
                                  0.000000    0.000000   clock clk (rise edge)
                                  0.000000    0.000000   clock source latency
     1    0.018594    0.250000    0.000000    0.000000 ^ clk (in)
                                                         clk (net)
                      0.251278    0.000639    0.000639 ^ clkbuf_0_clk/A (sky130_fd_sc_hd__clkbuf_16)
     4    0.039160    0.093711    0.330466    0.331105 ^ clkbuf_0_clk/X (sky130_fd_sc_hd__clkbuf_16)
                                                         clknet_0_clk (net)
                      0.093712    0.000554    0.331659 ^ clkbuf_2_2__f_clk/A (sky130_fd_sc_hd__clkbuf_16)
     7    0.036293    0.089255    0.255433    0.587092 ^ clkbuf_2_2__f_clk/X (sky130_fd_sc_hd__clkbuf_16)
                                                         clknet_2_2__leaf_clk (net)
                      0.089260    0.000782    0.587874 ^ _679_/CLK (sky130_fd_sc_hd__dfrtp_1)
     2    0.010146    0.139473    0.813383    1.401257 v _679_/Q (sky130_fd_sc_hd__dfrtp_1)
                                                         b_reg[6] (net)
                      0.139473    0.000284    1.401541 v fanout36/A (sky130_fd_sc_hd__dlymetal6s2s_1)
     6    0.018660    0.198905    0.426462    1.828002 v fanout36/X (sky130_fd_sc_hd__dlymetal6s2s_1)
                                                         net36 (net)
                      0.198905    0.000247    1.828249 v _389_/C1 (sky130_fd_sc_hd__o211a_1)
     4    0.012695    0.143053    0.341123    2.169372 v _389_/X (sky130_fd_sc_hd__o211a_1)
                                                         _065_ (net)
                      0.143053    0.000213    2.169584 v _452_/A (sky130_fd_sc_hd__nand3_1)
     3    0.008560    0.161532    0.198186    2.367770 ^ _452_/Y (sky130_fd_sc_hd__nand3_1)
                                                         _127_ (net)
                      0.161532    0.000075    2.367846 ^ _454_/A1 (sky130_fd_sc_hd__a21oi_1)
     1    0.003336    0.084132    0.163365    2.531211 v _454_/Y (sky130_fd_sc_hd__a21oi_1)
                                                         _129_ (net)
                      0.084132    0.000038    2.531250 v _457_/A (sky130_fd_sc_hd__nor2_1)
     1    0.004974    0.193024    0.217268    2.748517 ^ _457_/Y (sky130_fd_sc_hd__nor2_1)
                                                         _132_ (net)
                      0.193024    0.000045    2.748563 ^ _459_/A (sky130_fd_sc_hd__xor2_1)
     1    0.002467    0.065041    0.169820    2.918382 v _459_/X (sky130_fd_sc_hd__xor2_1)
                                                         product_reg[7] (net)
                      0.065041    0.000025    2.918407 v _688_/D (sky130_fd_sc_hd__dfrtp_1)
                                              2.918407   data arrival time

                                  0.000000    0.000000   clock clk (rise edge)
                                  0.000000    0.000000   clock source latency
     1    0.018594    0.250000    0.000000    0.000000 ^ clk (in)
                                                         clk (net)
                      0.251278    0.000639    0.000639 ^ clkbuf_0_clk/A (sky130_fd_sc_hd__clkbuf_16)
     4    0.039160    0.093711    0.330466    0.331105 ^ clkbuf_0_clk/X (sky130_fd_sc_hd__clkbuf_16)
                                                         clknet_0_clk (net)
                      0.093712    0.000499    0.331604 ^ clkbuf_2_3__f_clk/A (sky130_fd_sc_hd__clkbuf_16)
     8    0.032574    0.083953    0.250308    0.581912 ^ clkbuf_2_3__f_clk/X (sky130_fd_sc_hd__clkbuf_16)
                                                         clknet_2_3__leaf_clk (net)
                      0.083953    0.000279    0.582191 ^ _688_/CLK (sky130_fd_sc_hd__dfrtp_1)
                                  0.125000    0.707191   clock uncertainty
                                  0.000000    0.707191   clock reconvergence pessimism
                                 -0.091999    0.615192   library hold time
                                              0.615192   data required time
---------------------------------------------------------------------------------------------
                                              0.615192   data required time
                                             -2.918407   data arrival time
---------------------------------------------------------------------------------------------
                                              2.303215   slack (MET)


Startpoint: _668_ (rising edge-triggered flip-flop clocked by clk)
Endpoint: _660_ (rising edge-triggered flip-flop clocked by clk)
Path Group: clk
Path Type: min

Fanout         Cap        Slew       Delay        Time   Description
---------------------------------------------------------------------------------------------
                                  0.000000    0.000000   clock clk (rise edge)
                                  0.000000    0.000000   clock source latency
     1    0.018594    0.250000    0.000000    0.000000 ^ clk (in)
                                                         clk (net)
                      0.251278    0.000639    0.000639 ^ clkbuf_0_clk/A (sky130_fd_sc_hd__clkbuf_16)
     4    0.039160    0.093711    0.330466    0.331105 ^ clkbuf_0_clk/X (sky130_fd_sc_hd__clkbuf_16)
                                                         clknet_0_clk (net)
                      0.093712    0.000544    0.331648 ^ clkbuf_2_0__f_clk/A (sky130_fd_sc_hd__clkbuf_16)
    12    0.031091    0.081934    0.247849    0.579498 ^ clkbuf_2_0__f_clk/X (sky130_fd_sc_hd__clkbuf_16)
                                                         clknet_2_0__leaf_clk (net)
                      0.081941    0.000852    0.580350 ^ _668_/CLK (sky130_fd_sc_hd__dfrtp_1)
     2    0.009191    0.130764    0.801280    1.381630 v _668_/Q (sky130_fd_sc_hd__dfrtp_1)
                                                         a_reg[3] (net)
                      0.130764    0.000166    1.381796 v fanout52/A (sky130_fd_sc_hd__buf_1)
     5    0.014938    0.176802    0.290192    1.671987 v fanout52/X (sky130_fd_sc_hd__buf_1)
                                                         net52 (net)
                      0.176802    0.000179    1.672166 v _524_/A1 (sky130_fd_sc_hd__a31o_1)
     2    0.008670    0.110363    0.416482    2.088648 v _524_/X (sky130_fd_sc_hd__a31o_1)
                                                         _196_ (net)
                      0.110363    0.000146    2.088794 v _545_/A (sky130_fd_sc_hd__nand2_1)
     2    0.005663    0.101746    0.136888    2.225682 ^ _545_/Y (sky130_fd_sc_hd__nand2_1)
                                                         _217_ (net)
                      0.101746    0.000048    2.225731 ^ _575_/B (sky130_fd_sc_hd__nand3_1)
     4    0.011860    0.318501    0.325458    2.551189 v _575_/Y (sky130_fd_sc_hd__nand3_1)
                                                         _246_ (net)
                      0.318501    0.000157    2.551345 v _576_/B (sky130_fd_sc_hd__nand2b_1)
     1    0.004854    0.104511    0.238559    2.789904 ^ _576_/Y (sky130_fd_sc_hd__nand2b_1)
                                                         _247_ (net)
                      0.104511    0.000043    2.789947 ^ _578_/A (sky130_fd_sc_hd__xor2_1)
     1    0.002319    0.063905    0.134773    2.924720 v _578_/X (sky130_fd_sc_hd__xor2_1)
                                                         product_reg[11] (net)
                      0.063905    0.000023    2.924743 v _660_/D (sky130_fd_sc_hd__dfrtp_1)
                                              2.924743   data arrival time

                                  0.000000    0.000000   clock clk (rise edge)
                                  0.000000    0.000000   clock source latency
     1    0.018594    0.250000    0.000000    0.000000 ^ clk (in)
                                                         clk (net)
                      0.251278    0.000639    0.000639 ^ clkbuf_0_clk/A (sky130_fd_sc_hd__clkbuf_16)
     4    0.039160    0.093711    0.330466    0.331105 ^ clkbuf_0_clk/X (sky130_fd_sc_hd__clkbuf_16)
                                                         clknet_0_clk (net)
                      0.093712    0.000499    0.331604 ^ clkbuf_2_3__f_clk/A (sky130_fd_sc_hd__clkbuf_16)
     8    0.032574    0.083953    0.250308    0.581912 ^ clkbuf_2_3__f_clk/X (sky130_fd_sc_hd__clkbuf_16)
                                                         clknet_2_3__leaf_clk (net)
                      0.083953    0.000358    0.582270 ^ _660_/CLK (sky130_fd_sc_hd__dfrtp_1)
                                  0.125000    0.707270   clock uncertainty
                                  0.000000    0.707270   clock reconvergence pessimism
                                 -0.091577    0.615693   library hold time
                                              0.615693   data required time
---------------------------------------------------------------------------------------------
                                              0.615693   data required time
                                             -2.924743   data arrival time
---------------------------------------------------------------------------------------------
                                              2.309050   slack (MET)


Startpoint: _675_ (rising edge-triggered flip-flop clocked by clk)
Endpoint: _686_ (rising edge-triggered flip-flop clocked by clk)
Path Group: clk
Path Type: min

Fanout         Cap        Slew       Delay        Time   Description
---------------------------------------------------------------------------------------------
                                  0.000000    0.000000   clock clk (rise edge)
                                  0.000000    0.000000   clock source latency
     1    0.018594    0.250000    0.000000    0.000000 ^ clk (in)
                                                         clk (net)
                      0.251278    0.000639    0.000639 ^ clkbuf_0_clk/A (sky130_fd_sc_hd__clkbuf_16)
     4    0.039160    0.093711    0.330466    0.331105 ^ clkbuf_0_clk/X (sky130_fd_sc_hd__clkbuf_16)
                                                         clknet_0_clk (net)
                      0.093712    0.000544    0.331648 ^ clkbuf_2_0__f_clk/A (sky130_fd_sc_hd__clkbuf_16)
    12    0.031091    0.081934    0.247849    0.579498 ^ clkbuf_2_0__f_clk/X (sky130_fd_sc_hd__clkbuf_16)
                                                         clknet_2_0__leaf_clk (net)
                      0.081938    0.000695    0.580192 ^ _675_/CLK (sky130_fd_sc_hd__dfrtp_4)
    10    0.039770    0.232652    0.954458    1.534650 ^ _675_/Q (sky130_fd_sc_hd__dfrtp_4)
                                                         b_reg[2] (net)
                      0.232652    0.001027    1.535677 ^ _326_/B (sky130_fd_sc_hd__nand2_1)
     1    0.004846    0.109384    0.191312    1.726989 v _326_/Y (sky130_fd_sc_hd__nand2_1)
                                                         _294_ (net)
                      0.109384    0.000027    1.727016 v _330_/A (sky130_fd_sc_hd__xnor2_1)
     2    0.004435    0.099132    0.250595    1.977611 v _330_/Y (sky130_fd_sc_hd__xnor2_1)
                                                         _298_ (net)
                      0.099132    0.000029    1.977640 v _331_/B (sky130_fd_sc_hd__nand2_1)
     3    0.006775    0.117004    0.153518    2.131158 ^ _331_/Y (sky130_fd_sc_hd__nand2_1)
                                                         _299_ (net)
                      0.117004    0.000073    2.131232 ^ _345_/A (sky130_fd_sc_hd__nor2_1)
     3    0.007896    0.078118    0.132028    2.263259 v _345_/Y (sky130_fd_sc_hd__nor2_1)
                                                         _312_ (net)
                      0.078118    0.000072    2.263331 v _364_/A (sky130_fd_sc_hd__and2_1)
     4    0.011459    0.135034    0.349259    2.612590 v _364_/X (sky130_fd_sc_hd__and2_1)
                                                         _041_ (net)
                      0.135034    0.000149    2.612739 v _625_/B1 (sky130_fd_sc_hd__a21oi_1)
     1    0.003230    0.163498    0.218883    2.831621 ^ _625_/Y (sky130_fd_sc_hd__a21oi_1)
                                                         _291_ (net)
                      0.163498    0.000032    2.831654 ^ _626_/B (sky130_fd_sc_hd__nor2_1)
     1    0.002207    0.048630    0.100360    2.932014 v _626_/Y (sky130_fd_sc_hd__nor2_1)
                                                         product_reg[5] (net)
                      0.048630    0.000020    2.932033 v _686_/D (sky130_fd_sc_hd__dfrtp_1)
                                              2.932033   data arrival time

                                  0.000000    0.000000   clock clk (rise edge)
                                  0.000000    0.000000   clock source latency
     1    0.018594    0.250000    0.000000    0.000000 ^ clk (in)
                                                         clk (net)
                      0.251278    0.000639    0.000639 ^ clkbuf_0_clk/A (sky130_fd_sc_hd__clkbuf_16)
     4    0.039160    0.093711    0.330466    0.331105 ^ clkbuf_0_clk/X (sky130_fd_sc_hd__clkbuf_16)
                                                         clknet_0_clk (net)
                      0.093712    0.000499    0.331604 ^ clkbuf_2_3__f_clk/A (sky130_fd_sc_hd__clkbuf_16)
     8    0.032574    0.083953    0.250308    0.581912 ^ clkbuf_2_3__f_clk/X (sky130_fd_sc_hd__clkbuf_16)
                                                         clknet_2_3__leaf_clk (net)
                      0.083953    0.000319    0.582231 ^ _686_/CLK (sky130_fd_sc_hd__dfrtp_1)
                                  0.125000    0.707231   clock uncertainty
                                  0.000000    0.707231   clock reconvergence pessimism
                                 -0.085906    0.621325   library hold time
                                              0.621325   data required time
---------------------------------------------------------------------------------------------
                                              0.621325   data required time
                                             -2.932033   data arrival time
---------------------------------------------------------------------------------------------
                                              2.310708   slack (MET)


Startpoint: _665_ (rising edge-triggered flip-flop clocked by clk)
Endpoint: _658_ (rising edge-triggered flip-flop clocked by clk)
Path Group: clk
Path Type: min

Fanout         Cap        Slew       Delay        Time   Description
---------------------------------------------------------------------------------------------
                                  0.000000    0.000000   clock clk (rise edge)
                                  0.000000    0.000000   clock source latency
     1    0.018594    0.250000    0.000000    0.000000 ^ clk (in)
                                                         clk (net)
                      0.251278    0.000639    0.000639 ^ clkbuf_0_clk/A (sky130_fd_sc_hd__clkbuf_16)
     4    0.039160    0.093711    0.330466    0.331105 ^ clkbuf_0_clk/X (sky130_fd_sc_hd__clkbuf_16)
                                                         clknet_0_clk (net)
                      0.093711    0.000459    0.331564 ^ clkbuf_2_1__f_clk/A (sky130_fd_sc_hd__clkbuf_16)
     8    0.032158    0.083361    0.249567    0.581131 ^ clkbuf_2_1__f_clk/X (sky130_fd_sc_hd__clkbuf_16)
                                                         clknet_2_1__leaf_clk (net)
                      0.083363    0.000524    0.581654 ^ _665_/CLK (sky130_fd_sc_hd__dfrtp_1)
     4    0.017680    0.260070    0.798945    1.380599 ^ _665_/Q (sky130_fd_sc_hd__dfrtp_1)
                                                         a_reg[0] (net)
                      0.260070    0.000712    1.381312 ^ _427_/A (sky130_fd_sc_hd__and3_1)
     2    0.005421    0.125172    0.383286    1.764598 ^ _427_/X (sky130_fd_sc_hd__and3_1)
                                                         _102_ (net)
                      0.125172    0.000018    1.764616 ^ _460_/B1 (sky130_fd_sc_hd__a31o_1)
     2    0.008895    0.154452    0.253458    2.018073 ^ _460_/X (sky130_fd_sc_hd__a31o_1)
                                                         _134_ (net)
                      0.154452    0.000126    2.018200 ^ _494_/A1 (sky130_fd_sc_hd__a21o_1)
     2    0.003494    0.065945    0.242361    2.260561 ^ _494_/X (sky130_fd_sc_hd__a21o_1)
                                                         _167_ (net)
                      0.065945    0.000028    2.260589 ^ _520_/A (sky130_fd_sc_hd__and2_1)
     4    0.012577    0.214498    0.323310    2.583899 ^ _520_/X (sky130_fd_sc_hd__and2_1)
                                                         _193_ (net)
                      0.214498    0.000145    2.584044 ^ _521_/B (sky130_fd_sc_hd__nor2_1)
     1    0.004559    0.057395    0.141637    2.725681 v _521_/Y (sky130_fd_sc_hd__nor2_1)
                                                         _194_ (net)
                      0.057395    0.000024    2.725705 v _523_/A (sky130_fd_sc_hd__xor2_1)
     1    0.004118    0.196325    0.262279    2.987984 ^ _523_/X (sky130_fd_sc_hd__xor2_1)
                                                         product_reg[9] (net)
                      0.196325    0.000069    2.988053 ^ _658_/D (sky130_fd_sc_hd__dfrtp_1)
                                              2.988053   data arrival time

                                  0.000000    0.000000   clock clk (rise edge)
                                  0.000000    0.000000   clock source latency
     1    0.018594    0.250000    0.000000    0.000000 ^ clk (in)
                                                         clk (net)
                      0.251278    0.000639    0.000639 ^ clkbuf_0_clk/A (sky130_fd_sc_hd__clkbuf_16)
     4    0.039160    0.093711    0.330466    0.331105 ^ clkbuf_0_clk/X (sky130_fd_sc_hd__clkbuf_16)
                                                         clknet_0_clk (net)
                      0.093712    0.000499    0.331604 ^ clkbuf_2_3__f_clk/A (sky130_fd_sc_hd__clkbuf_16)
     8    0.032574    0.083953    0.250308    0.581912 ^ clkbuf_2_3__f_clk/X (sky130_fd_sc_hd__clkbuf_16)
                                                         clknet_2_3__leaf_clk (net)
                      0.083953    0.000322    0.582235 ^ _658_/CLK (sky130_fd_sc_hd__dfrtp_1)
                                  0.125000    0.707235   clock uncertainty
                                  0.000000    0.707235   clock reconvergence pessimism
                                 -0.103478    0.603756   library hold time
                                              0.603756   data required time
---------------------------------------------------------------------------------------------
                                              0.603756   data required time
                                             -2.988053   data arrival time
---------------------------------------------------------------------------------------------
                                              2.384297   slack (MET)


Startpoint: _665_ (rising edge-triggered flip-flop clocked by clk)
Endpoint: _687_ (rising edge-triggered flip-flop clocked by clk)
Path Group: clk
Path Type: min

Fanout         Cap        Slew       Delay        Time   Description
---------------------------------------------------------------------------------------------
                                  0.000000    0.000000   clock clk (rise edge)
                                  0.000000    0.000000   clock source latency
     1    0.018594    0.250000    0.000000    0.000000 ^ clk (in)
                                                         clk (net)
                      0.251278    0.000639    0.000639 ^ clkbuf_0_clk/A (sky130_fd_sc_hd__clkbuf_16)
     4    0.039160    0.093711    0.330466    0.331105 ^ clkbuf_0_clk/X (sky130_fd_sc_hd__clkbuf_16)
                                                         clknet_0_clk (net)
                      0.093711    0.000459    0.331564 ^ clkbuf_2_1__f_clk/A (sky130_fd_sc_hd__clkbuf_16)
     8    0.032158    0.083361    0.249567    0.581131 ^ clkbuf_2_1__f_clk/X (sky130_fd_sc_hd__clkbuf_16)
                                                         clknet_2_1__leaf_clk (net)
                      0.083363    0.000524    0.581654 ^ _665_/CLK (sky130_fd_sc_hd__dfrtp_1)
     4    0.017680    0.260070    0.798945    1.380599 ^ _665_/Q (sky130_fd_sc_hd__dfrtp_1)
                                                         a_reg[0] (net)
                      0.260070    0.000746    1.381345 ^ _390_/A1 (sky130_fd_sc_hd__a211oi_1)
     1    0.002307    0.064870    0.202472    1.583817 v _390_/Y (sky130_fd_sc_hd__a211oi_1)
                                                         _066_ (net)
                      0.064870    0.000008    1.583825 v _391_/B (sky130_fd_sc_hd__nor2_1)
     2    0.008406    0.287773    0.256018    1.839843 ^ _391_/Y (sky130_fd_sc_hd__nor2_1)
                                                         _067_ (net)
                      0.287773    0.000106    1.839949 ^ _412_/B1 (sky130_fd_sc_hd__a21o_1)
     2    0.005495    0.092538    0.246184    2.086133 ^ _412_/X (sky130_fd_sc_hd__a21o_1)
                                                         _088_ (net)
                      0.092538    0.000048    2.086182 ^ _414_/A2 (sky130_fd_sc_hd__a211oi_1)
     3    0.008542    0.112091    0.216651    2.302832 v _414_/Y (sky130_fd_sc_hd__a211oi_1)
                                                         _090_ (net)
                      0.112091    0.000058    2.302891 v _418_/B (sky130_fd_sc_hd__nor3_1)
     2    0.004840    0.347563    0.374019    2.676909 ^ _418_/Y (sky130_fd_sc_hd__nor3_1)
                                                         _094_ (net)
                      0.347563    0.000034    2.676943 ^ _420_/A (sky130_fd_sc_hd__or2_1)
     1    0.005173    0.096442    0.298306    2.975249 ^ _420_/X (sky130_fd_sc_hd__or2_1)
                                                         _096_ (net)
                      0.096442    0.000035    2.975284 ^ _423_/A (sky130_fd_sc_hd__xnor2_1)
     1    0.002488    0.070621    0.140554    3.115837 v _423_/Y (sky130_fd_sc_hd__xnor2_1)
                                                         product_reg[6] (net)
                      0.070621    0.000026    3.115864 v _687_/D (sky130_fd_sc_hd__dfrtp_1)
                                              3.115864   data arrival time

                                  0.000000    0.000000   clock clk (rise edge)
                                  0.000000    0.000000   clock source latency
     1    0.018594    0.250000    0.000000    0.000000 ^ clk (in)
                                                         clk (net)
                      0.251278    0.000639    0.000639 ^ clkbuf_0_clk/A (sky130_fd_sc_hd__clkbuf_16)
     4    0.039160    0.093711    0.330466    0.331105 ^ clkbuf_0_clk/X (sky130_fd_sc_hd__clkbuf_16)
                                                         clknet_0_clk (net)
                      0.093712    0.000499    0.331604 ^ clkbuf_2_3__f_clk/A (sky130_fd_sc_hd__clkbuf_16)
     8    0.032574    0.083953    0.250308    0.581912 ^ clkbuf_2_3__f_clk/X (sky130_fd_sc_hd__clkbuf_16)
                                                         clknet_2_3__leaf_clk (net)
                      0.083953    0.000294    0.582207 ^ _687_/CLK (sky130_fd_sc_hd__dfrtp_1)
                                  0.125000    0.707207   clock uncertainty
                                  0.000000    0.707207   clock reconvergence pessimism
                                 -0.094071    0.613136   library hold time
                                              0.613136   data required time
---------------------------------------------------------------------------------------------
                                              0.613136   data required time
                                             -3.115864   data arrival time
---------------------------------------------------------------------------------------------
                                              2.502728   slack (MET)



