
===========================================================================
Violator List
============================================================================
[hold in-reg] a[1] -> _1039_/D : -0.630016
[hold in-reg] b[1] -> _1047_/D : -0.629722
[hold in-reg] a[2] -> _1040_/D : -0.629640
[hold in-reg] b[5] -> _1051_/D : -0.629543
[hold in-reg] a[3] -> _1041_/D : -0.629520
[hold in-reg] a[4] -> _1042_/D : -0.629245
[hold in-reg] a[0] -> _1038_/D : -0.629220
[hold in-reg] b[0] -> _1046_/D : -0.629200
[hold in-reg] b[2] -> _1048_/D : -0.628753
[hold in-reg] a[5] -> _1043_/D : -0.628705
[hold in-reg] b[4] -> _1050_/D : -0.628545
[hold in-reg] a[7] -> _1045_/D : -0.628291
[hold in-reg] a[6] -> _1044_/D : -0.628286
[hold in-reg] b[6] -> _1052_/D : -0.628268
[hold in-reg] b[7] -> _1053_/D : -0.627702
[hold in-reg] b[3] -> _1049_/D : -0.627017
Writing metric timing__hold_vio__count__corner:nom_tt_025C_1v80: 16
Writing metric timing__hold_r2r__ws__corner:nom_tt_025C_1v80: 0.212528
Writing metric timing__hold_r2r_vio__count__corner:nom_tt_025C_1v80: 0
Writing metric timing__setup_vio__count__corner:nom_tt_025C_1v80: 0
Writing metric timing__setup_r2r__ws__corner:nom_tt_025C_1v80: 2.347542
Writing metric timing__setup_r2r_vio__count__corner:nom_tt_025C_1v80: 0
