
===========================================================================
 report_power
============================================================================
======================= nom_tt_025C_1v80 Corner ===================================

Group                    Internal    Switching      Leakage        Total
                            Power        Power        Power        Power (Watts)
------------------------------------------------------------------------
Sequential           8.722763e-04 2.457429e-05 5.150522e-10 8.968511e-04  51.5%
Combinational        1.463858e-05 1.891983e-05 1.182845e-10 3.355853e-05   1.9%
Clock                4.647088e-04 3.459534e-04 1.025379e-08 8.106724e-04  46.6%
Macro                0.000000e+00 0.000000e+00 0.000000e+00 0.000000e+00   0.0%
Pad                  0.000000e+00 0.000000e+00 0.000000e+00 0.000000e+00   0.0%
------------------------------------------------------------------------
Total                1.351624e-03 3.894475e-04 1.088715e-08 1.741082e-03 100.0%
                            77.6%        22.4%         0.0%

