
===========================================================================
 report_power
============================================================================
======================= max_tt_025C_1v80 Corner ===================================

Group                    Internal    Switching      Leakage        Total
                            Power        Power        Power        Power (Watts)
------------------------------------------------------------------------
Sequential           3.486943e-03 1.989681e-04 3.071057e-09 3.685914e-03  48.9%
Combinational        9.266336e-04 7.409353e-04 3.424142e-09 1.667572e-03  22.1%
Clock                9.876712e-04 1.201105e-03 2.295605e-09 2.188779e-03  29.0%
Macro                0.000000e+00 0.000000e+00 0.000000e+00 0.000000e+00   0.0%
Pad                  0.000000e+00 0.000000e+00 0.000000e+00 0.000000e+00   0.0%
------------------------------------------------------------------------
Total                5.401248e-03 2.141010e-03 8.790760e-09 7.542266e-03 100.0%
                            71.6%        28.4%         0.0%

