
===========================================================================
report_checks -path_delay min (Hold)
============================================================================
======================= nom_tt_025C_1v80 Corner ===================================

Startpoint: _673_ (rising edge-triggered flip-flop clocked by clk)
Endpoint: _681_ (rising edge-triggered flip-flop clocked by clk)
Path Group: clk
Path Type: min

Fanout         Cap        Slew       Delay        Time   Description
---------------------------------------------------------------------------------------------
                                  0.000000    0.000000   clock clk (rise edge)
                                  0.000000    0.000000   clock source latency
     1    0.019844    0.250000    0.000000    0.000000 ^ clk (in)
                                                         clk (net)
                      0.251861    0.000930    0.000930 ^ clkbuf_0_clk/A (sky130_fd_sc_hd__clkbuf_16)
     4    0.039937    0.062392    0.209276    0.210206 ^ clkbuf_0_clk/X (sky130_fd_sc_hd__clkbuf_16)
                                                         clknet_0_clk (net)
                      0.062419    0.001122    0.211329 ^ clkbuf_2_0__f_clk/A (sky130_fd_sc_hd__clkbuf_16)
    12    0.033237    0.053772    0.142725    0.354053 ^ clkbuf_2_0__f_clk/X (sky130_fd_sc_hd__clkbuf_16)
                                                         clknet_2_0__leaf_clk (net)
                      0.053778    0.001008    0.355061 ^ _673_/CLK (sky130_fd_sc_hd__dfrtp_1)
     5    0.015128    0.142359    0.397367    0.752428 ^ _673_/Q (sky130_fd_sc_hd__dfrtp_1)
                                                         b_reg[0] (net)
                      0.142359    0.000398    0.752827 ^ _322_/A (sky130_fd_sc_hd__and2_1)
     2    0.004327    0.059703    0.151767    0.904594 ^ _322_/X (sky130_fd_sc_hd__and2_1)
                                                         product_reg[0] (net)
                      0.059703    0.000086    0.904680 ^ _681_/D (sky130_fd_sc_hd__dfrtp_1)
                                              0.904680   data arrival time

                                  0.000000    0.000000   clock clk (rise edge)
                                  0.000000    0.000000   clock source latency
     1    0.019844    0.250000    0.000000    0.000000 ^ clk (in)
                                                         clk (net)
                      0.251861    0.000930    0.000930 ^ clkbuf_0_clk/A (sky130_fd_sc_hd__clkbuf_16)
     4    0.039937    0.062392    0.209276    0.210206 ^ clkbuf_0_clk/X (sky130_fd_sc_hd__clkbuf_16)
                                                         clknet_0_clk (net)
                      0.062412    0.001011    0.211217 ^ clkbuf_2_1__f_clk/A (sky130_fd_sc_hd__clkbuf_16)
     8    0.034275    0.054632    0.143692    0.354910 ^ clkbuf_2_1__f_clk/X (sky130_fd_sc_hd__clkbuf_16)
                                                         clknet_2_1__leaf_clk (net)
                      0.054672    0.001228    0.356137 ^ _681_/CLK (sky130_fd_sc_hd__dfrtp_1)
                                  0.125000    0.481137   clock uncertainty
                                  0.000000    0.481137   clock reconvergence pessimism
                                 -0.036521    0.444616   library hold time
                                              0.444616   data required time
---------------------------------------------------------------------------------------------
                                              0.444616   data required time
                                             -0.904680   data arrival time
---------------------------------------------------------------------------------------------
                                              0.460064   slack (MET)


Startpoint: _673_ (rising edge-triggered flip-flop clocked by clk)
Endpoint: _682_ (rising edge-triggered flip-flop clocked by clk)
Path Group: clk
Path Type: min

Fanout         Cap        Slew       Delay        Time   Description
---------------------------------------------------------------------------------------------
                                  0.000000    0.000000   clock clk (rise edge)
                                  0.000000    0.000000   clock source latency
     1    0.019844    0.250000    0.000000    0.000000 ^ clk (in)
                                                         clk (net)
                      0.251861    0.000930    0.000930 ^ clkbuf_0_clk/A (sky130_fd_sc_hd__clkbuf_16)
     4    0.039937    0.062392    0.209276    0.210206 ^ clkbuf_0_clk/X (sky130_fd_sc_hd__clkbuf_16)
                                                         clknet_0_clk (net)
                      0.062419    0.001122    0.211329 ^ clkbuf_2_0__f_clk/A (sky130_fd_sc_hd__clkbuf_16)
    12    0.033237    0.053772    0.142725    0.354053 ^ clkbuf_2_0__f_clk/X (sky130_fd_sc_hd__clkbuf_16)
                                                         clknet_2_0__leaf_clk (net)
                      0.053778    0.001008    0.355061 ^ _673_/CLK (sky130_fd_sc_hd__dfrtp_1)
     5    0.015128    0.142359    0.397367    0.752428 ^ _673_/Q (sky130_fd_sc_hd__dfrtp_1)
                                                         b_reg[0] (net)
                      0.142359    0.000501    0.752929 ^ _323_/A1 (sky130_fd_sc_hd__a22oi_1)
     1    0.002588    0.063475    0.101857    0.854786 v _323_/Y (sky130_fd_sc_hd__a22oi_1)
                                                         _292_ (net)
                      0.063475    0.000051    0.854837 v _325_/A (sky130_fd_sc_hd__nor2_1)
     1    0.002698    0.074736    0.102015    0.956852 ^ _325_/Y (sky130_fd_sc_hd__nor2_1)
                                                         product_reg[1] (net)
                      0.074736    0.000076    0.956928 ^ _682_/D (sky130_fd_sc_hd__dfrtp_1)
                                              0.956928   data arrival time

                                  0.000000    0.000000   clock clk (rise edge)
                                  0.000000    0.000000   clock source latency
     1    0.019844    0.250000    0.000000    0.000000 ^ clk (in)
                                                         clk (net)
                      0.251861    0.000930    0.000930 ^ clkbuf_0_clk/A (sky130_fd_sc_hd__clkbuf_16)
     4    0.039937    0.062392    0.209276    0.210206 ^ clkbuf_0_clk/X (sky130_fd_sc_hd__clkbuf_16)
                                                         clknet_0_clk (net)
                      0.062412    0.001011    0.211217 ^ clkbuf_2_1__f_clk/A (sky130_fd_sc_hd__clkbuf_16)
     8    0.034275    0.054632    0.143692    0.354910 ^ clkbuf_2_1__f_clk/X (sky130_fd_sc_hd__clkbuf_16)
                                                         clknet_2_1__leaf_clk (net)
                      0.054682    0.001363    0.356273 ^ _682_/CLK (sky130_fd_sc_hd__dfrtp_1)
                                  0.125000    0.481273   clock uncertainty
                                  0.000000    0.481273   clock reconvergence pessimism
                                 -0.039667    0.441606   library hold time
                                              0.441606   data required time
---------------------------------------------------------------------------------------------
                                              0.441606   data required time
                                             -0.956928   data arrival time
---------------------------------------------------------------------------------------------
                                              0.515322   slack (MET)


Startpoint: _672_ (rising edge-triggered flip-flop clocked by clk)
Endpoint: _664_ (rising edge-triggered flip-flop clocked by clk)
Path Group: clk
Path Type: min

Fanout         Cap        Slew       Delay        Time   Description
---------------------------------------------------------------------------------------------
                                  0.000000    0.000000   clock clk (rise edge)
                                  0.000000    0.000000   clock source latency
     1    0.019844    0.250000    0.000000    0.000000 ^ clk (in)
                                                         clk (net)
                      0.251861    0.000930    0.000930 ^ clkbuf_0_clk/A (sky130_fd_sc_hd__clkbuf_16)
     4    0.039937    0.062392    0.209276    0.210206 ^ clkbuf_0_clk/X (sky130_fd_sc_hd__clkbuf_16)
                                                         clknet_0_clk (net)
                      0.062419    0.001122    0.211329 ^ clkbuf_2_0__f_clk/A (sky130_fd_sc_hd__clkbuf_16)
    12    0.033237    0.053772    0.142725    0.354053 ^ clkbuf_2_0__f_clk/X (sky130_fd_sc_hd__clkbuf_16)
                                                         clknet_2_0__leaf_clk (net)
                      0.053861    0.002070    0.356124 ^ _672_/CLK (sky130_fd_sc_hd__dfrtp_1)
     2    0.013276    0.127130    0.386222    0.742345 ^ _672_/Q (sky130_fd_sc_hd__dfrtp_1)
                                                         a_reg[7] (net)
                      0.127130    0.000374    0.742719 ^ fanout46/A (sky130_fd_sc_hd__buf_1)
     5    0.015357    0.186288    0.202598    0.945318 ^ fanout46/X (sky130_fd_sc_hd__buf_1)
                                                         net46 (net)
                      0.186288    0.000314    0.945632 ^ _623_/C1 (sky130_fd_sc_hd__o311a_1)
     1    0.002684    0.044857    0.185364    1.130996 ^ _623_/X (sky130_fd_sc_hd__o311a_1)
                                                         _290_ (net)
                      0.044857    0.000087    1.131083 ^ _624_/B (sky130_fd_sc_hd__or2_1)
     1    0.002243    0.034888    0.083828    1.214911 ^ _624_/X (sky130_fd_sc_hd__or2_1)
                                                         product_reg[15] (net)
                      0.034888    0.000063    1.214974 ^ _664_/D (sky130_fd_sc_hd__dfrtp_1)
                                              1.214974   data arrival time

                                  0.000000    0.000000   clock clk (rise edge)
                                  0.000000    0.000000   clock source latency
     1    0.019844    0.250000    0.000000    0.000000 ^ clk (in)
                                                         clk (net)
                      0.251861    0.000930    0.000930 ^ clkbuf_0_clk/A (sky130_fd_sc_hd__clkbuf_16)
     4    0.039937    0.062392    0.209276    0.210206 ^ clkbuf_0_clk/X (sky130_fd_sc_hd__clkbuf_16)
                                                         clknet_0_clk (net)
                      0.062420    0.001153    0.211359 ^ clkbuf_2_2__f_clk/A (sky130_fd_sc_hd__clkbuf_16)
     7    0.038594    0.058452    0.146892    0.358251 ^ clkbuf_2_2__f_clk/X (sky130_fd_sc_hd__clkbuf_16)
                                                         clknet_2_2__leaf_clk (net)
                      0.058500    0.001424    0.359675 ^ _664_/CLK (sky130_fd_sc_hd__dfrtp_1)
                                  0.125000    0.484675   clock uncertainty
                                  0.000000    0.484675   clock reconvergence pessimism
                                 -0.030803    0.453871   library hold time
                                              0.453871   data required time
---------------------------------------------------------------------------------------------
                                              0.453871   data required time
                                             -1.214974   data arrival time
---------------------------------------------------------------------------------------------
                                              0.761103   slack (MET)


Startpoint: _675_ (rising edge-triggered flip-flop clocked by clk)
Endpoint: _683_ (rising edge-triggered flip-flop clocked by clk)
Path Group: clk
Path Type: min

Fanout         Cap        Slew       Delay        Time   Description
---------------------------------------------------------------------------------------------
                                  0.000000    0.000000   clock clk (rise edge)
                                  0.000000    0.000000   clock source latency
     1    0.019844    0.250000    0.000000    0.000000 ^ clk (in)
                                                         clk (net)
                      0.251861    0.000930    0.000930 ^ clkbuf_0_clk/A (sky130_fd_sc_hd__clkbuf_16)
     4    0.039937    0.062392    0.209276    0.210206 ^ clkbuf_0_clk/X (sky130_fd_sc_hd__clkbuf_16)
                                                         clknet_0_clk (net)
                      0.062419    0.001122    0.211329 ^ clkbuf_2_0__f_clk/A (sky130_fd_sc_hd__clkbuf_16)
    12    0.033237    0.053772    0.142725    0.354053 ^ clkbuf_2_0__f_clk/X (sky130_fd_sc_hd__clkbuf_16)
                                                         clknet_2_0__leaf_clk (net)
                      0.053788    0.001277    0.355330 ^ _675_/CLK (sky130_fd_sc_hd__dfrtp_4)
    10    0.041636    0.143871    0.485614    0.840944 ^ _675_/Q (sky130_fd_sc_hd__dfrtp_4)
                                                         b_reg[2] (net)
                      0.143901    0.002026    0.842970 ^ _326_/B (sky130_fd_sc_hd__nand2_1)
     1    0.004955    0.053832    0.084520    0.927490 v _326_/Y (sky130_fd_sc_hd__nand2_1)
                                                         _294_ (net)
                      0.053832    0.000106    0.927596 v _330_/A (sky130_fd_sc_hd__xnor2_1)
     2    0.004549    0.045177    0.133136    1.060732 v _330_/Y (sky130_fd_sc_hd__xnor2_1)
                                                         _298_ (net)
                      0.045177    0.000086    1.060818 v _331_/B (sky130_fd_sc_hd__nand2_1)
     3    0.007078    0.074149    0.087763    1.148581 ^ _331_/Y (sky130_fd_sc_hd__nand2_1)
                                                         _299_ (net)
                      0.074149    0.000134    1.148715 ^ _333_/A (sky130_fd_sc_hd__and2_1)
     1    0.002336    0.042214    0.116244    1.264959 ^ _333_/X (sky130_fd_sc_hd__and2_1)
                                                         product_reg[2] (net)
                      0.042214    0.000066    1.265025 ^ _683_/D (sky130_fd_sc_hd__dfrtp_1)
                                              1.265025   data arrival time

                                  0.000000    0.000000   clock clk (rise edge)
                                  0.000000    0.000000   clock source latency
     1    0.019844    0.250000    0.000000    0.000000 ^ clk (in)
                                                         clk (net)
                      0.251861    0.000930    0.000930 ^ clkbuf_0_clk/A (sky130_fd_sc_hd__clkbuf_16)
     4    0.039937    0.062392    0.209276    0.210206 ^ clkbuf_0_clk/X (sky130_fd_sc_hd__clkbuf_16)
                                                         clknet_0_clk (net)
                      0.062412    0.001011    0.211217 ^ clkbuf_2_1__f_clk/A (sky130_fd_sc_hd__clkbuf_16)
     8    0.034275    0.054632    0.143692    0.354910 ^ clkbuf_2_1__f_clk/X (sky130_fd_sc_hd__clkbuf_16)
                                                         clknet_2_1__leaf_clk (net)
                      0.054697    0.001567    0.356476 ^ _683_/CLK (sky130_fd_sc_hd__dfrtp_1)
                                  0.125000    0.481476   clock uncertainty
                                  0.000000    0.481476   clock reconvergence pessimism
                                 -0.032856    0.448620   library hold time
                                              0.448620   data required time
---------------------------------------------------------------------------------------------
                                              0.448620   data required time
                                             -1.265025   data arrival time
---------------------------------------------------------------------------------------------
                                              0.816404   slack (MET)


Startpoint: _675_ (rising edge-triggered flip-flop clocked by clk)
Endpoint: _684_ (rising edge-triggered flip-flop clocked by clk)
Path Group: clk
Path Type: min

Fanout         Cap        Slew       Delay        Time   Description
---------------------------------------------------------------------------------------------
                                  0.000000    0.000000   clock clk (rise edge)
                                  0.000000    0.000000   clock source latency
     1    0.019844    0.250000    0.000000    0.000000 ^ clk (in)
                                                         clk (net)
                      0.251861    0.000930    0.000930 ^ clkbuf_0_clk/A (sky130_fd_sc_hd__clkbuf_16)
     4    0.039937    0.062392    0.209276    0.210206 ^ clkbuf_0_clk/X (sky130_fd_sc_hd__clkbuf_16)
                                                         clknet_0_clk (net)
                      0.062419    0.001122    0.211329 ^ clkbuf_2_0__f_clk/A (sky130_fd_sc_hd__clkbuf_16)
    12    0.033237    0.053772    0.142725    0.354053 ^ clkbuf_2_0__f_clk/X (sky130_fd_sc_hd__clkbuf_16)
                                                         clknet_2_0__leaf_clk (net)
                      0.053788    0.001277    0.355330 ^ _675_/CLK (sky130_fd_sc_hd__dfrtp_4)
    10    0.041636    0.143871    0.485614    0.840944 ^ _675_/Q (sky130_fd_sc_hd__dfrtp_4)
                                                         b_reg[2] (net)
                      0.143901    0.002026    0.842970 ^ _326_/B (sky130_fd_sc_hd__nand2_1)
     1    0.004955    0.053832    0.084520    0.927490 v _326_/Y (sky130_fd_sc_hd__nand2_1)
                                                         _294_ (net)
                      0.053832    0.000106    0.927596 v _330_/A (sky130_fd_sc_hd__xnor2_1)
     2    0.004549    0.045177    0.133136    1.060732 v _330_/Y (sky130_fd_sc_hd__xnor2_1)
                                                         _298_ (net)
                      0.045177    0.000086    1.060818 v _331_/B (sky130_fd_sc_hd__nand2_1)
     3    0.007078    0.074149    0.087763    1.148581 ^ _331_/Y (sky130_fd_sc_hd__nand2_1)
                                                         _299_ (net)
                      0.074174    0.000197    1.148778 ^ _346_/A (sky130_fd_sc_hd__and2_1)
     1    0.003019    0.047827    0.121497    1.270275 ^ _346_/X (sky130_fd_sc_hd__and2_1)
                                                         _313_ (net)
                      0.047827    0.000087    1.270362 ^ _347_/B (sky130_fd_sc_hd__nor2_1)
     1    0.002330    0.020093    0.034960    1.305321 v _347_/Y (sky130_fd_sc_hd__nor2_1)
                                                         product_reg[3] (net)
                      0.020093    0.000065    1.305387 v _684_/D (sky130_fd_sc_hd__dfrtp_1)
                                              1.305387   data arrival time

                                  0.000000    0.000000   clock clk (rise edge)
                                  0.000000    0.000000   clock source latency
     1    0.019844    0.250000    0.000000    0.000000 ^ clk (in)
                                                         clk (net)
                      0.251861    0.000930    0.000930 ^ clkbuf_0_clk/A (sky130_fd_sc_hd__clkbuf_16)
     4    0.039937    0.062392    0.209276    0.210206 ^ clkbuf_0_clk/X (sky130_fd_sc_hd__clkbuf_16)
                                                         clknet_0_clk (net)
                      0.062412    0.001011    0.211217 ^ clkbuf_2_1__f_clk/A (sky130_fd_sc_hd__clkbuf_16)
     8    0.034275    0.054632    0.143692    0.354910 ^ clkbuf_2_1__f_clk/X (sky130_fd_sc_hd__clkbuf_16)
                                                         clknet_2_1__leaf_clk (net)
                      0.054702    0.001621    0.356531 ^ _684_/CLK (sky130_fd_sc_hd__dfrtp_1)
                                  0.125000    0.481531   clock uncertainty
                                  0.000000    0.481531   clock reconvergence pessimism
                                 -0.033424    0.448107   library hold time
                                              0.448107   data required time
---------------------------------------------------------------------------------------------
                                              0.448107   data required time
                                             -1.305387   data arrival time
---------------------------------------------------------------------------------------------
                                              0.857279   slack (MET)


Startpoint: _675_ (rising edge-triggered flip-flop clocked by clk)
Endpoint: _685_ (rising edge-triggered flip-flop clocked by clk)
Path Group: clk
Path Type: min

Fanout         Cap        Slew       Delay        Time   Description
---------------------------------------------------------------------------------------------
                                  0.000000    0.000000   clock clk (rise edge)
                                  0.000000    0.000000   clock source latency
     1    0.019844    0.250000    0.000000    0.000000 ^ clk (in)
                                                         clk (net)
                      0.251861    0.000930    0.000930 ^ clkbuf_0_clk/A (sky130_fd_sc_hd__clkbuf_16)
     4    0.039937    0.062392    0.209276    0.210206 ^ clkbuf_0_clk/X (sky130_fd_sc_hd__clkbuf_16)
                                                         clknet_0_clk (net)
                      0.062419    0.001122    0.211329 ^ clkbuf_2_0__f_clk/A (sky130_fd_sc_hd__clkbuf_16)
    12    0.033237    0.053772    0.142725    0.354053 ^ clkbuf_2_0__f_clk/X (sky130_fd_sc_hd__clkbuf_16)
                                                         clknet_2_0__leaf_clk (net)
                      0.053788    0.001277    0.355330 ^ _675_/CLK (sky130_fd_sc_hd__dfrtp_4)
    10    0.041636    0.143871    0.485614    0.840944 ^ _675_/Q (sky130_fd_sc_hd__dfrtp_4)
                                                         b_reg[2] (net)
                      0.143901    0.002026    0.842970 ^ _326_/B (sky130_fd_sc_hd__nand2_1)
     1    0.004955    0.053832    0.084520    0.927490 v _326_/Y (sky130_fd_sc_hd__nand2_1)
                                                         _294_ (net)
                      0.053832    0.000106    0.927596 v _330_/A (sky130_fd_sc_hd__xnor2_1)
     2    0.004549    0.045177    0.133136    1.060732 v _330_/Y (sky130_fd_sc_hd__xnor2_1)
                                                         _298_ (net)
                      0.045177    0.000086    1.060818 v _331_/B (sky130_fd_sc_hd__nand2_1)
     3    0.007078    0.074149    0.087763    1.148581 ^ _331_/Y (sky130_fd_sc_hd__nand2_1)
                                                         _299_ (net)
                      0.074174    0.000186    1.148767 ^ _345_/A (sky130_fd_sc_hd__nor2_1)
     3    0.008099    0.041981    0.068446    1.217212 v _345_/Y (sky130_fd_sc_hd__nor2_1)
                                                         _312_ (net)
                      0.041981    0.000193    1.217406 v _365_/A (sky130_fd_sc_hd__nor2_1)
     1    0.003439    0.085782    0.103073    1.320479 ^ _365_/Y (sky130_fd_sc_hd__nor2_1)
                                                         _042_ (net)
                      0.085782    0.000105    1.320584 ^ _366_/B (sky130_fd_sc_hd__nor2_1)
     1    0.002309    0.027127    0.043145    1.363729 v _366_/Y (sky130_fd_sc_hd__nor2_1)
                                                         product_reg[4] (net)
                      0.027127    0.000065    1.363794 v _685_/D (sky130_fd_sc_hd__dfrtp_1)
                                              1.363794   data arrival time

                                  0.000000    0.000000   clock clk (rise edge)
                                  0.000000    0.000000   clock source latency
     1    0.019844    0.250000    0.000000    0.000000 ^ clk (in)
                                                         clk (net)
                      0.251861    0.000930    0.000930 ^ clkbuf_0_clk/A (sky130_fd_sc_hd__clkbuf_16)
     4    0.039937    0.062392    0.209276    0.210206 ^ clkbuf_0_clk/X (sky130_fd_sc_hd__clkbuf_16)
                                                         clknet_0_clk (net)
                      0.062412    0.001011    0.211217 ^ clkbuf_2_1__f_clk/A (sky130_fd_sc_hd__clkbuf_16)
     8    0.034275    0.054632    0.143692    0.354910 ^ clkbuf_2_1__f_clk/X (sky130_fd_sc_hd__clkbuf_16)
                                                         clknet_2_1__leaf_clk (net)
                      0.054704    0.001650    0.356559 ^ _685_/CLK (sky130_fd_sc_hd__dfrtp_1)
                                  0.125000    0.481559   clock uncertainty
                                  0.000000    0.481559   clock reconvergence pessimism
                                 -0.036286    0.445273   library hold time
                                              0.445273   data required time
---------------------------------------------------------------------------------------------
                                              0.445273   data required time
                                             -1.363794   data arrival time
---------------------------------------------------------------------------------------------
                                              0.918521   slack (MET)


Startpoint: _672_ (rising edge-triggered flip-flop clocked by clk)
Endpoint: _663_ (rising edge-triggered flip-flop clocked by clk)
Path Group: clk
Path Type: min

Fanout         Cap        Slew       Delay        Time   Description
---------------------------------------------------------------------------------------------
                                  0.000000    0.000000   clock clk (rise edge)
                                  0.000000    0.000000   clock source latency
     1    0.019844    0.250000    0.000000    0.000000 ^ clk (in)
                                                         clk (net)
                      0.251861    0.000930    0.000930 ^ clkbuf_0_clk/A (sky130_fd_sc_hd__clkbuf_16)
     4    0.039937    0.062392    0.209276    0.210206 ^ clkbuf_0_clk/X (sky130_fd_sc_hd__clkbuf_16)
                                                         clknet_0_clk (net)
                      0.062419    0.001122    0.211329 ^ clkbuf_2_0__f_clk/A (sky130_fd_sc_hd__clkbuf_16)
    12    0.033237    0.053772    0.142725    0.354053 ^ clkbuf_2_0__f_clk/X (sky130_fd_sc_hd__clkbuf_16)
                                                         clknet_2_0__leaf_clk (net)
                      0.053861    0.002070    0.356124 ^ _672_/CLK (sky130_fd_sc_hd__dfrtp_1)
     2    0.012940    0.083066    0.406811    0.762934 v _672_/Q (sky130_fd_sc_hd__dfrtp_1)
                                                         a_reg[7] (net)
                      0.083067    0.000363    0.763298 v fanout46/A (sky130_fd_sc_hd__buf_1)
     5    0.014622    0.089884    0.156500    0.919798 v fanout46/X (sky130_fd_sc_hd__buf_1)
                                                         net46 (net)
                      0.089884    0.000293    0.920091 v _616_/A (sky130_fd_sc_hd__and3_1)
     1    0.006800    0.050751    0.178011    1.098102 v _616_/X (sky130_fd_sc_hd__and3_1)
                                                         _284_ (net)
                      0.050752    0.000263    1.098365 v _618_/A (sky130_fd_sc_hd__xnor2_1)
     2    0.008808    0.076278    0.155253    1.253619 v _618_/Y (sky130_fd_sc_hd__xnor2_1)
                                                         _286_ (net)
                      0.076278    0.000256    1.253874 v _622_/A (sky130_fd_sc_hd__xnor2_1)
     1    0.002459    0.034901    0.131015    1.384889 v _622_/Y (sky130_fd_sc_hd__xnor2_1)
                                                         product_reg[14] (net)
                      0.034901    0.000071    1.384960 v _663_/D (sky130_fd_sc_hd__dfrtp_1)
                                              1.384960   data arrival time

                                  0.000000    0.000000   clock clk (rise edge)
                                  0.000000    0.000000   clock source latency
     1    0.019844    0.250000    0.000000    0.000000 ^ clk (in)
                                                         clk (net)
                      0.251861    0.000930    0.000930 ^ clkbuf_0_clk/A (sky130_fd_sc_hd__clkbuf_16)
     4    0.039937    0.062392    0.209276    0.210206 ^ clkbuf_0_clk/X (sky130_fd_sc_hd__clkbuf_16)
                                                         clknet_0_clk (net)
                      0.062420    0.001153    0.211359 ^ clkbuf_2_2__f_clk/A (sky130_fd_sc_hd__clkbuf_16)
     7    0.038594    0.058452    0.146892    0.358251 ^ clkbuf_2_2__f_clk/X (sky130_fd_sc_hd__clkbuf_16)
                                                         clknet_2_2__leaf_clk (net)
                      0.058517    0.001637    0.359888 ^ _663_/CLK (sky130_fd_sc_hd__dfrtp_1)
                                  0.125000    0.484888   clock uncertainty
                                  0.000000    0.484888   clock reconvergence pessimism
                                 -0.038581    0.446306   library hold time
                                              0.446306   data required time
---------------------------------------------------------------------------------------------
                                              0.446306   data required time
                                             -1.384960   data arrival time
---------------------------------------------------------------------------------------------
                                              0.938654   slack (MET)


Startpoint: _668_ (rising edge-triggered flip-flop clocked by clk)
Endpoint: _661_ (rising edge-triggered flip-flop clocked by clk)
Path Group: clk
Path Type: min

Fanout         Cap        Slew       Delay        Time   Description
---------------------------------------------------------------------------------------------
                                  0.000000    0.000000   clock clk (rise edge)
                                  0.000000    0.000000   clock source latency
     1    0.019844    0.250000    0.000000    0.000000 ^ clk (in)
                                                         clk (net)
                      0.251861    0.000930    0.000930 ^ clkbuf_0_clk/A (sky130_fd_sc_hd__clkbuf_16)
     4    0.039937    0.062392    0.209276    0.210206 ^ clkbuf_0_clk/X (sky130_fd_sc_hd__clkbuf_16)
                                                         clknet_0_clk (net)
                      0.062419    0.001122    0.211329 ^ clkbuf_2_0__f_clk/A (sky130_fd_sc_hd__clkbuf_16)
    12    0.033237    0.053772    0.142725    0.354053 ^ clkbuf_2_0__f_clk/X (sky130_fd_sc_hd__clkbuf_16)
                                                         clknet_2_0__leaf_clk (net)
                      0.053803    0.001463    0.355516 ^ _668_/CLK (sky130_fd_sc_hd__dfrtp_1)
     2    0.009686    0.068973    0.393679    0.749195 v _668_/Q (sky130_fd_sc_hd__dfrtp_1)
                                                         a_reg[3] (net)
                      0.068973    0.000331    0.749526 v fanout52/A (sky130_fd_sc_hd__buf_1)
     5    0.015193    0.093011    0.152670    0.902197 v fanout52/X (sky130_fd_sc_hd__buf_1)
                                                         net52 (net)
                      0.093011    0.000179    0.902375 v _554_/A1 (sky130_fd_sc_hd__a31o_1)
     2    0.010089    0.065256    0.223718    1.126093 v _554_/X (sky130_fd_sc_hd__a31o_1)
                                                         _225_ (net)
                      0.065257    0.000404    1.126497 v _572_/A (sky130_fd_sc_hd__nand2_1)
     2    0.006087    0.066206    0.083068    1.209565 ^ _572_/Y (sky130_fd_sc_hd__nand2_1)
                                                         _243_ (net)
                      0.066206    0.000152    1.209718 ^ _594_/B (sky130_fd_sc_hd__nand3_1)
     1    0.002557    0.049062    0.070939    1.280656 v _594_/Y (sky130_fd_sc_hd__nand3_1)
                                                         _264_ (net)
                      0.049062    0.000072    1.280728 v _595_/B (sky130_fd_sc_hd__nand2_1)
     2    0.007524    0.077466    0.092252    1.372981 ^ _595_/Y (sky130_fd_sc_hd__nand2_1)
                                                         _265_ (net)
                      0.077467    0.000221    1.373202 ^ _601_/A (sky130_fd_sc_hd__xnor2_1)
     1    0.003149    0.037042    0.074391    1.447593 v _601_/Y (sky130_fd_sc_hd__xnor2_1)
                                                         product_reg[12] (net)
                      0.037042    0.000094    1.447687 v _661_/D (sky130_fd_sc_hd__dfrtp_1)
                                              1.447687   data arrival time

                                  0.000000    0.000000   clock clk (rise edge)
                                  0.000000    0.000000   clock source latency
     1    0.019844    0.250000    0.000000    0.000000 ^ clk (in)
                                                         clk (net)
                      0.251861    0.000930    0.000930 ^ clkbuf_0_clk/A (sky130_fd_sc_hd__clkbuf_16)
     4    0.039937    0.062392    0.209276    0.210206 ^ clkbuf_0_clk/X (sky130_fd_sc_hd__clkbuf_16)
                                                         clknet_0_clk (net)
                      0.062420    0.001153    0.211359 ^ clkbuf_2_2__f_clk/A (sky130_fd_sc_hd__clkbuf_16)
     7    0.038594    0.058452    0.146892    0.358251 ^ clkbuf_2_2__f_clk/X (sky130_fd_sc_hd__clkbuf_16)
                                                         clknet_2_2__leaf_clk (net)
                      0.058522    0.001696    0.359946 ^ _661_/CLK (sky130_fd_sc_hd__dfrtp_1)
                                  0.125000    0.484946   clock uncertainty
                                  0.000000    0.484946   clock reconvergence pessimism
                                 -0.039452    0.445495   library hold time
                                              0.445495   data required time
---------------------------------------------------------------------------------------------
                                              0.445495   data required time
                                             -1.447687   data arrival time
---------------------------------------------------------------------------------------------
                                              1.002192   slack (MET)


Startpoint: _669_ (rising edge-triggered flip-flop clocked by clk)
Endpoint: _662_ (rising edge-triggered flip-flop clocked by clk)
Path Group: clk
Path Type: min

Fanout         Cap        Slew       Delay        Time   Description
---------------------------------------------------------------------------------------------
                                  0.000000    0.000000   clock clk (rise edge)
                                  0.000000    0.000000   clock source latency
     1    0.019844    0.250000    0.000000    0.000000 ^ clk (in)
                                                         clk (net)
                      0.251861    0.000930    0.000930 ^ clkbuf_0_clk/A (sky130_fd_sc_hd__clkbuf_16)
     4    0.039937    0.062392    0.209276    0.210206 ^ clkbuf_0_clk/X (sky130_fd_sc_hd__clkbuf_16)
                                                         clknet_0_clk (net)
                      0.062419    0.001122    0.211329 ^ clkbuf_2_0__f_clk/A (sky130_fd_sc_hd__clkbuf_16)
    12    0.033237    0.053772    0.142725    0.354053 ^ clkbuf_2_0__f_clk/X (sky130_fd_sc_hd__clkbuf_16)
                                                         clknet_2_0__leaf_clk (net)
                      0.053838    0.001831    0.355884 ^ _669_/CLK (sky130_fd_sc_hd__dfrtp_1)
     3    0.012056    0.117161    0.378698    0.734582 ^ _669_/Q (sky130_fd_sc_hd__dfrtp_1)
                                                         a_reg[4] (net)
                      0.117162    0.000649    0.735231 ^ _563_/A (sky130_fd_sc_hd__and2_1)
     2    0.005368    0.068235    0.152537    0.887769 ^ _563_/X (sky130_fd_sc_hd__and2_1)
                                                         _234_ (net)
                      0.068235    0.000088    0.887857 ^ _565_/B (sky130_fd_sc_hd__and2_1)
     3    0.010027    0.109301    0.170980    1.058837 ^ _565_/X (sky130_fd_sc_hd__and2_1)
                                                         _236_ (net)
                      0.109301    0.000285    1.059122 ^ _589_/A2 (sky130_fd_sc_hd__o21a_1)
     3    0.008558    0.089743    0.155739    1.214861 ^ _589_/X (sky130_fd_sc_hd__o21a_1)
                                                         _259_ (net)
                      0.089743    0.000251    1.215112 ^ _612_/A2 (sky130_fd_sc_hd__o21a_1)
     3    0.008223    0.086836    0.148233    1.363345 ^ _612_/X (sky130_fd_sc_hd__o21a_1)
                                                         _281_ (net)
                      0.086836    0.000259    1.363604 ^ _613_/B2 (sky130_fd_sc_hd__o22ai_1)
     1    0.002643    0.045852    0.068619    1.432223 v _613_/Y (sky130_fd_sc_hd__o22ai_1)
                                                         _282_ (net)
                      0.045852    0.000054    1.432276 v _615_/A (sky130_fd_sc_hd__nand2_1)
     1    0.003078    0.039569    0.055705    1.487982 ^ _615_/Y (sky130_fd_sc_hd__nand2_1)
                                                         product_reg[13] (net)
                      0.039569    0.000093    1.488075 ^ _662_/D (sky130_fd_sc_hd__dfrtp_1)
                                              1.488075   data arrival time

                                  0.000000    0.000000   clock clk (rise edge)
                                  0.000000    0.000000   clock source latency
     1    0.019844    0.250000    0.000000    0.000000 ^ clk (in)
                                                         clk (net)
                      0.251861    0.000930    0.000930 ^ clkbuf_0_clk/A (sky130_fd_sc_hd__clkbuf_16)
     4    0.039937    0.062392    0.209276    0.210206 ^ clkbuf_0_clk/X (sky130_fd_sc_hd__clkbuf_16)
                                                         clknet_0_clk (net)
                      0.062420    0.001153    0.211359 ^ clkbuf_2_2__f_clk/A (sky130_fd_sc_hd__clkbuf_16)
     7    0.038594    0.058452    0.146892    0.358251 ^ clkbuf_2_2__f_clk/X (sky130_fd_sc_hd__clkbuf_16)
                                                         clknet_2_2__leaf_clk (net)
                      0.058516    0.001628    0.359878 ^ _662_/CLK (sky130_fd_sc_hd__dfrtp_1)
                                  0.125000    0.484878   clock uncertainty
                                  0.000000    0.484878   clock reconvergence pessimism
                                 -0.031781    0.453098   library hold time
                                              0.453098   data required time
---------------------------------------------------------------------------------------------
                                              0.453098   data required time
                                             -1.488075   data arrival time
---------------------------------------------------------------------------------------------
                                              1.034977   slack (MET)


Startpoint: _667_ (rising edge-triggered flip-flop clocked by clk)
Endpoint: _659_ (rising edge-triggered flip-flop clocked by clk)
Path Group: clk
Path Type: min

Fanout         Cap        Slew       Delay        Time   Description
---------------------------------------------------------------------------------------------
                                  0.000000    0.000000   clock clk (rise edge)
                                  0.000000    0.000000   clock source latency
     1    0.019844    0.250000    0.000000    0.000000 ^ clk (in)
                                                         clk (net)
                      0.251861    0.000930    0.000930 ^ clkbuf_0_clk/A (sky130_fd_sc_hd__clkbuf_16)
     4    0.039937    0.062392    0.209276    0.210206 ^ clkbuf_0_clk/X (sky130_fd_sc_hd__clkbuf_16)
                                                         clknet_0_clk (net)
                      0.062419    0.001122    0.211329 ^ clkbuf_2_0__f_clk/A (sky130_fd_sc_hd__clkbuf_16)
    12    0.033237    0.053772    0.142725    0.354053 ^ clkbuf_2_0__f_clk/X (sky130_fd_sc_hd__clkbuf_16)
                                                         clknet_2_0__leaf_clk (net)
                      0.053785    0.001238    0.355291 ^ _667_/CLK (sky130_fd_sc_hd__dfrtp_1)
     2    0.010722    0.073468    0.397776    0.753067 v _667_/Q (sky130_fd_sc_hd__dfrtp_1)
                                                         a_reg[2] (net)
                      0.073470    0.000528    0.753595 v fanout54/A (sky130_fd_sc_hd__buf_1)
     5    0.014543    0.089461    0.151860    0.905456 v fanout54/X (sky130_fd_sc_hd__buf_1)
                                                         net54 (net)
                      0.089461    0.000399    0.905854 v _495_/A1 (sky130_fd_sc_hd__a31o_1)
     2    0.008806    0.060088    0.217149    1.123003 v _495_/X (sky130_fd_sc_hd__a31o_1)
                                                         _168_ (net)
                      0.060088    0.000284    1.123288 v _516_/A (sky130_fd_sc_hd__nand2_1)
     2    0.005029    0.056755    0.074104    1.197392 ^ _516_/Y (sky130_fd_sc_hd__nand2_1)
                                                         _189_ (net)
                      0.056755    0.000118    1.197509 ^ _548_/A2 (sky130_fd_sc_hd__a21oi_1)
     3    0.008893    0.055127    0.094153    1.291663 v _548_/Y (sky130_fd_sc_hd__a21oi_1)
                                                         _220_ (net)
                      0.055127    0.000288    1.291950 v _549_/B (sky130_fd_sc_hd__nor2_1)
     1    0.004991    0.111023    0.112050    1.404001 ^ _549_/Y (sky130_fd_sc_hd__nor2_1)
                                                         _221_ (net)
                      0.111023    0.000146    1.404146 ^ _553_/A (sky130_fd_sc_hd__xnor2_1)
     1    0.002851    0.037275    0.081761    1.485907 v _553_/Y (sky130_fd_sc_hd__xnor2_1)
                                                         product_reg[10] (net)
                      0.037275    0.000084    1.485991 v _659_/D (sky130_fd_sc_hd__dfrtp_1)
                                              1.485991   data arrival time

                                  0.000000    0.000000   clock clk (rise edge)
                                  0.000000    0.000000   clock source latency
     1    0.019844    0.250000    0.000000    0.000000 ^ clk (in)
                                                         clk (net)
                      0.251861    0.000930    0.000930 ^ clkbuf_0_clk/A (sky130_fd_sc_hd__clkbuf_16)
     4    0.039937    0.062392    0.209276    0.210206 ^ clkbuf_0_clk/X (sky130_fd_sc_hd__clkbuf_16)
                                                         clknet_0_clk (net)
                      0.062416    0.001081    0.211288 ^ clkbuf_2_3__f_clk/A (sky130_fd_sc_hd__clkbuf_16)
     8    0.034639    0.055019    0.144178    0.355465 ^ clkbuf_2_3__f_clk/X (sky130_fd_sc_hd__clkbuf_16)
                                                         clknet_2_3__leaf_clk (net)
                      0.055040    0.000742    0.356207 ^ _659_/CLK (sky130_fd_sc_hd__dfrtp_1)
                                  0.125000    0.481207   clock uncertainty
                                  0.000000    0.481207   clock reconvergence pessimism
                                 -0.040341    0.440866   library hold time
                                              0.440866   data required time
---------------------------------------------------------------------------------------------
                                              0.440866   data required time
                                             -1.485991   data arrival time
---------------------------------------------------------------------------------------------
                                              1.045126   slack (MET)


Startpoint: _665_ (rising edge-triggered flip-flop clocked by clk)
Endpoint: _689_ (rising edge-triggered flip-flop clocked by clk)
Path Group: clk
Path Type: min

Fanout         Cap        Slew       Delay        Time   Description
---------------------------------------------------------------------------------------------
                                  0.000000    0.000000   clock clk (rise edge)
                                  0.000000    0.000000   clock source latency
     1    0.019844    0.250000    0.000000    0.000000 ^ clk (in)
                                                         clk (net)
                      0.251861    0.000930    0.000930 ^ clkbuf_0_clk/A (sky130_fd_sc_hd__clkbuf_16)
     4    0.039937    0.062392    0.209276    0.210206 ^ clkbuf_0_clk/X (sky130_fd_sc_hd__clkbuf_16)
                                                         clknet_0_clk (net)
                      0.062412    0.001011    0.211217 ^ clkbuf_2_1__f_clk/A (sky130_fd_sc_hd__clkbuf_16)
     8    0.034275    0.054632    0.143692    0.354910 ^ clkbuf_2_1__f_clk/X (sky130_fd_sc_hd__clkbuf_16)
                                                         clknet_2_1__leaf_clk (net)
                      0.054660    0.001060    0.355970 ^ _665_/CLK (sky130_fd_sc_hd__dfrtp_1)
     4    0.018859    0.173216    0.419899    0.775869 ^ _665_/Q (sky130_fd_sc_hd__dfrtp_1)
                                                         a_reg[0] (net)
                      0.173221    0.001184    0.777053 ^ _427_/A (sky130_fd_sc_hd__and3_1)
     2    0.005508    0.072342    0.193363    0.970416 ^ _427_/X (sky130_fd_sc_hd__and3_1)
                                                         _102_ (net)
                      0.072342    0.000081    0.970497 ^ _460_/B1 (sky130_fd_sc_hd__a31o_1)
     2    0.009089    0.094946    0.138502    1.108999 ^ _460_/X (sky130_fd_sc_hd__a31o_1)
                                                         _134_ (net)
                      0.094946    0.000304    1.109303 ^ _487_/A (sky130_fd_sc_hd__xor2_1)
     3    0.008868    0.059946    0.103906    1.213210 v _487_/X (sky130_fd_sc_hd__xor2_1)
                                                         _161_ (net)
                      0.059946    0.000233    1.213443 v _491_/A (sky130_fd_sc_hd__xnor2_1)
     2    0.010042    0.084031    0.166076    1.379519 v _491_/Y (sky130_fd_sc_hd__xnor2_1)
                                                         _165_ (net)
                      0.084031    0.000233    1.379753 v _493_/A (sky130_fd_sc_hd__xnor2_1)
     1    0.003099    0.038847    0.138490    1.518243 v _493_/Y (sky130_fd_sc_hd__xnor2_1)
                                                         product_reg[8] (net)
                      0.038847    0.000069    1.518312 v _689_/D (sky130_fd_sc_hd__dfrtp_1)
                                              1.518312   data arrival time

                                  0.000000    0.000000   clock clk (rise edge)
                                  0.000000    0.000000   clock source latency
     1    0.019844    0.250000    0.000000    0.000000 ^ clk (in)
                                                         clk (net)
                      0.251861    0.000930    0.000930 ^ clkbuf_0_clk/A (sky130_fd_sc_hd__clkbuf_16)
     4    0.039937    0.062392    0.209276    0.210206 ^ clkbuf_0_clk/X (sky130_fd_sc_hd__clkbuf_16)
                                                         clknet_0_clk (net)
                      0.062416    0.001081    0.211288 ^ clkbuf_2_3__f_clk/A (sky130_fd_sc_hd__clkbuf_16)
     8    0.034639    0.055019    0.144178    0.355465 ^ clkbuf_2_3__f_clk/X (sky130_fd_sc_hd__clkbuf_16)
                                                         clknet_2_3__leaf_clk (net)
                      0.055038    0.000697    0.356162 ^ _689_/CLK (sky130_fd_sc_hd__dfrtp_1)
                                  0.125000    0.481162   clock uncertainty
                                  0.000000    0.481162   clock reconvergence pessimism
                                 -0.040981    0.440182   library hold time
                                              0.440182   data required time
---------------------------------------------------------------------------------------------
                                              0.440182   data required time
                                             -1.518312   data arrival time
---------------------------------------------------------------------------------------------
                                              1.078130   slack (MET)


Startpoint: _668_ (rising edge-triggered flip-flop clocked by clk)
Endpoint: _660_ (rising edge-triggered flip-flop clocked by clk)
Path Group: clk
Path Type: min

Fanout         Cap        Slew       Delay        Time   Description
---------------------------------------------------------------------------------------------
                                  0.000000    0.000000   clock clk (rise edge)
                                  0.000000    0.000000   clock source latency
     1    0.019844    0.250000    0.000000    0.000000 ^ clk (in)
                                                         clk (net)
                      0.251861    0.000930    0.000930 ^ clkbuf_0_clk/A (sky130_fd_sc_hd__clkbuf_16)
     4    0.039937    0.062392    0.209276    0.210206 ^ clkbuf_0_clk/X (sky130_fd_sc_hd__clkbuf_16)
                                                         clknet_0_clk (net)
                      0.062419    0.001122    0.211329 ^ clkbuf_2_0__f_clk/A (sky130_fd_sc_hd__clkbuf_16)
    12    0.033237    0.053772    0.142725    0.354053 ^ clkbuf_2_0__f_clk/X (sky130_fd_sc_hd__clkbuf_16)
                                                         clknet_2_0__leaf_clk (net)
                      0.053803    0.001463    0.355516 ^ _668_/CLK (sky130_fd_sc_hd__dfrtp_1)
     2    0.009686    0.068973    0.393679    0.749195 v _668_/Q (sky130_fd_sc_hd__dfrtp_1)
                                                         a_reg[3] (net)
                      0.068973    0.000331    0.749526 v fanout52/A (sky130_fd_sc_hd__buf_1)
     5    0.015193    0.093011    0.152670    0.902197 v fanout52/X (sky130_fd_sc_hd__buf_1)
                                                         net52 (net)
                      0.093011    0.000389    0.902586 v _524_/A1 (sky130_fd_sc_hd__a31o_1)
     2    0.008919    0.060467    0.219185    1.121771 v _524_/X (sky130_fd_sc_hd__a31o_1)
                                                         _196_ (net)
                      0.060468    0.000292    1.122063 v _545_/A (sky130_fd_sc_hd__nand2_1)
     2    0.005762    0.062982    0.078905    1.200968 ^ _545_/Y (sky130_fd_sc_hd__nand2_1)
                                                         _217_ (net)
                      0.062982    0.000142    1.201110 ^ _575_/B (sky130_fd_sc_hd__nand3_1)
     4    0.012463    0.137367    0.140096    1.341206 v _575_/Y (sky130_fd_sc_hd__nand3_1)
                                                         _246_ (net)
                      0.137368    0.000351    1.341557 v _576_/B (sky130_fd_sc_hd__nand2b_1)
     1    0.004870    0.065848    0.119525    1.461082 ^ _576_/Y (sky130_fd_sc_hd__nand2b_1)
                                                         _247_ (net)
                      0.065848    0.000142    1.461224 ^ _578_/A (sky130_fd_sc_hd__xor2_1)
     1    0.002477    0.034920    0.062711    1.523935 v _578_/X (sky130_fd_sc_hd__xor2_1)
                                                         product_reg[11] (net)
                      0.034920    0.000071    1.524006 v _660_/D (sky130_fd_sc_hd__dfrtp_1)
                                              1.524006   data arrival time

                                  0.000000    0.000000   clock clk (rise edge)
                                  0.000000    0.000000   clock source latency
     1    0.019844    0.250000    0.000000    0.000000 ^ clk (in)
                                                         clk (net)
                      0.251861    0.000930    0.000930 ^ clkbuf_0_clk/A (sky130_fd_sc_hd__clkbuf_16)
     4    0.039937    0.062392    0.209276    0.210206 ^ clkbuf_0_clk/X (sky130_fd_sc_hd__clkbuf_16)
                                                         clknet_0_clk (net)
                      0.062416    0.001081    0.211288 ^ clkbuf_2_3__f_clk/A (sky130_fd_sc_hd__clkbuf_16)
     8    0.034639    0.055019    0.144178    0.355465 ^ clkbuf_2_3__f_clk/X (sky130_fd_sc_hd__clkbuf_16)
                                                         clknet_2_3__leaf_clk (net)
                      0.055041    0.000751    0.356216 ^ _660_/CLK (sky130_fd_sc_hd__dfrtp_1)
                                  0.125000    0.481216   clock uncertainty
                                  0.000000    0.481216   clock reconvergence pessimism
                                 -0.039382    0.441834   library hold time
                                              0.441834   data required time
---------------------------------------------------------------------------------------------
                                              0.441834   data required time
                                             -1.524006   data arrival time
---------------------------------------------------------------------------------------------
                                              1.082172   slack (MET)


Startpoint: _679_ (rising edge-triggered flip-flop clocked by clk)
Endpoint: _688_ (rising edge-triggered flip-flop clocked by clk)
Path Group: clk
Path Type: min

Fanout         Cap        Slew       Delay        Time   Description
---------------------------------------------------------------------------------------------
                                  0.000000    0.000000   clock clk (rise edge)
                                  0.000000    0.000000   clock source latency
     1    0.019844    0.250000    0.000000    0.000000 ^ clk (in)
                                                         clk (net)
                      0.251861    0.000930    0.000930 ^ clkbuf_0_clk/A (sky130_fd_sc_hd__clkbuf_16)
     4    0.039937    0.062392    0.209276    0.210206 ^ clkbuf_0_clk/X (sky130_fd_sc_hd__clkbuf_16)
                                                         clknet_0_clk (net)
                      0.062420    0.001153    0.211359 ^ clkbuf_2_2__f_clk/A (sky130_fd_sc_hd__clkbuf_16)
     7    0.038594    0.058452    0.146892    0.358251 ^ clkbuf_2_2__f_clk/X (sky130_fd_sc_hd__clkbuf_16)
                                                         clknet_2_2__leaf_clk (net)
                      0.058499    0.001406    0.359656 ^ _679_/CLK (sky130_fd_sc_hd__dfrtp_1)
     2    0.010995    0.074672    0.400620    0.760276 v _679_/Q (sky130_fd_sc_hd__dfrtp_1)
                                                         b_reg[6] (net)
                      0.074674    0.000521    0.760797 v fanout36/A (sky130_fd_sc_hd__dlymetal6s2s_1)
     6    0.019063    0.105643    0.209342    0.970139 v fanout36/X (sky130_fd_sc_hd__dlymetal6s2s_1)
                                                         net36 (net)
                      0.105644    0.000494    0.970633 v _389_/C1 (sky130_fd_sc_hd__o211a_1)
     4    0.012926    0.074026    0.175306    1.145939 v _389_/X (sky130_fd_sc_hd__o211a_1)
                                                         _065_ (net)
                      0.074027    0.000415    1.146354 v _452_/A (sky130_fd_sc_hd__nand3_1)
     3    0.008911    0.102948    0.116031    1.262385 ^ _452_/Y (sky130_fd_sc_hd__nand3_1)
                                                         _127_ (net)
                      0.102982    0.000175    1.262560 ^ _454_/A1 (sky130_fd_sc_hd__a21oi_1)
     1    0.003425    0.045305    0.075904    1.338464 v _454_/Y (sky130_fd_sc_hd__a21oi_1)
                                                         _129_ (net)
                      0.045305    0.000106    1.338570 v _457_/A (sky130_fd_sc_hd__nor2_1)
     1    0.005013    0.111321    0.123748    1.462318 ^ _457_/Y (sky130_fd_sc_hd__nor2_1)
                                                         _132_ (net)
                      0.111322    0.000146    1.462465 ^ _459_/A (sky130_fd_sc_hd__xor2_1)
     1    0.002639    0.035697    0.076197    1.538662 v _459_/X (sky130_fd_sc_hd__xor2_1)
                                                         product_reg[7] (net)
                      0.035697    0.000075    1.538737 v _688_/D (sky130_fd_sc_hd__dfrtp_1)
                                              1.538737   data arrival time

                                  0.000000    0.000000   clock clk (rise edge)
                                  0.000000    0.000000   clock source latency
     1    0.019844    0.250000    0.000000    0.000000 ^ clk (in)
                                                         clk (net)
                      0.251861    0.000930    0.000930 ^ clkbuf_0_clk/A (sky130_fd_sc_hd__clkbuf_16)
     4    0.039937    0.062392    0.209276    0.210206 ^ clkbuf_0_clk/X (sky130_fd_sc_hd__clkbuf_16)
                                                         clknet_0_clk (net)
                      0.062416    0.001081    0.211288 ^ clkbuf_2_3__f_clk/A (sky130_fd_sc_hd__clkbuf_16)
     8    0.034639    0.055019    0.144178    0.355465 ^ clkbuf_2_3__f_clk/X (sky130_fd_sc_hd__clkbuf_16)
                                                         clknet_2_3__leaf_clk (net)
                      0.055037    0.000661    0.356126 ^ _688_/CLK (sky130_fd_sc_hd__dfrtp_1)
                                  0.125000    0.481126   clock uncertainty
                                  0.000000    0.481126   clock reconvergence pessimism
                                 -0.039699    0.441427   library hold time
                                              0.441427   data required time
---------------------------------------------------------------------------------------------
                                              0.441427   data required time
                                             -1.538737   data arrival time
---------------------------------------------------------------------------------------------
                                              1.097311   slack (MET)


Startpoint: _675_ (rising edge-triggered flip-flop clocked by clk)
Endpoint: _686_ (rising edge-triggered flip-flop clocked by clk)
Path Group: clk
Path Type: min

Fanout         Cap        Slew       Delay        Time   Description
---------------------------------------------------------------------------------------------
                                  0.000000    0.000000   clock clk (rise edge)
                                  0.000000    0.000000   clock source latency
     1    0.019844    0.250000    0.000000    0.000000 ^ clk (in)
                                                         clk (net)
                      0.251861    0.000930    0.000930 ^ clkbuf_0_clk/A (sky130_fd_sc_hd__clkbuf_16)
     4    0.039937    0.062392    0.209276    0.210206 ^ clkbuf_0_clk/X (sky130_fd_sc_hd__clkbuf_16)
                                                         clknet_0_clk (net)
                      0.062419    0.001122    0.211329 ^ clkbuf_2_0__f_clk/A (sky130_fd_sc_hd__clkbuf_16)
    12    0.033237    0.053772    0.142725    0.354053 ^ clkbuf_2_0__f_clk/X (sky130_fd_sc_hd__clkbuf_16)
                                                         clknet_2_0__leaf_clk (net)
                      0.053788    0.001277    0.355330 ^ _675_/CLK (sky130_fd_sc_hd__dfrtp_4)
    10    0.041636    0.143871    0.485614    0.840944 ^ _675_/Q (sky130_fd_sc_hd__dfrtp_4)
                                                         b_reg[2] (net)
                      0.143901    0.002026    0.842970 ^ _326_/B (sky130_fd_sc_hd__nand2_1)
     1    0.004955    0.053832    0.084520    0.927490 v _326_/Y (sky130_fd_sc_hd__nand2_1)
                                                         _294_ (net)
                      0.053832    0.000106    0.927596 v _330_/A (sky130_fd_sc_hd__xnor2_1)
     2    0.004549    0.045177    0.133136    1.060732 v _330_/Y (sky130_fd_sc_hd__xnor2_1)
                                                         _298_ (net)
                      0.045177    0.000086    1.060818 v _331_/B (sky130_fd_sc_hd__nand2_1)
     3    0.007078    0.074149    0.087763    1.148581 ^ _331_/Y (sky130_fd_sc_hd__nand2_1)
                                                         _299_ (net)
                      0.074174    0.000186    1.148767 ^ _345_/A (sky130_fd_sc_hd__nor2_1)
     3    0.008099    0.041981    0.068446    1.217212 v _345_/Y (sky130_fd_sc_hd__nor2_1)
                                                         _312_ (net)
                      0.041981    0.000171    1.217384 v _364_/A (sky130_fd_sc_hd__and2_1)
     4    0.011759    0.070326    0.168999    1.386383 v _364_/X (sky130_fd_sc_hd__and2_1)
                                                         _041_ (net)
                      0.070327    0.000314    1.386697 v _625_/B1 (sky130_fd_sc_hd__a21oi_1)
     1    0.003351    0.096818    0.126478    1.513175 ^ _625_/Y (sky130_fd_sc_hd__a21oi_1)
                                                         _291_ (net)
                      0.096818    0.000097    1.513272 ^ _626_/B (sky130_fd_sc_hd__nor2_1)
     1    0.002361    0.029444    0.045660    1.558932 v _626_/Y (sky130_fd_sc_hd__nor2_1)
                                                         product_reg[5] (net)
                      0.029444    0.000067    1.558999 v _686_/D (sky130_fd_sc_hd__dfrtp_1)
                                              1.558999   data arrival time

                                  0.000000    0.000000   clock clk (rise edge)
                                  0.000000    0.000000   clock source latency
     1    0.019844    0.250000    0.000000    0.000000 ^ clk (in)
                                                         clk (net)
                      0.251861    0.000930    0.000930 ^ clkbuf_0_clk/A (sky130_fd_sc_hd__clkbuf_16)
     4    0.039937    0.062392    0.209276    0.210206 ^ clkbuf_0_clk/X (sky130_fd_sc_hd__clkbuf_16)
                                                         clknet_0_clk (net)
                      0.062416    0.001081    0.211288 ^ clkbuf_2_3__f_clk/A (sky130_fd_sc_hd__clkbuf_16)
     8    0.034639    0.055019    0.144178    0.355465 ^ clkbuf_2_3__f_clk/X (sky130_fd_sc_hd__clkbuf_16)
                                                         clknet_2_3__leaf_clk (net)
                      0.055039    0.000721    0.356186 ^ _686_/CLK (sky130_fd_sc_hd__dfrtp_1)
                                  0.125000    0.481186   clock uncertainty
                                  0.000000    0.481186   clock reconvergence pessimism
                                 -0.037153    0.444033   library hold time
                                              0.444033   data required time
---------------------------------------------------------------------------------------------
                                              0.444033   data required time
                                             -1.558999   data arrival time
---------------------------------------------------------------------------------------------
                                              1.114966   slack (MET)


Startpoint: _667_ (rising edge-triggered flip-flop clocked by clk)
Endpoint: _658_ (rising edge-triggered flip-flop clocked by clk)
Path Group: clk
Path Type: min

Fanout         Cap        Slew       Delay        Time   Description
---------------------------------------------------------------------------------------------
                                  0.000000    0.000000   clock clk (rise edge)
                                  0.000000    0.000000   clock source latency
     1    0.019844    0.250000    0.000000    0.000000 ^ clk (in)
                                                         clk (net)
                      0.251861    0.000930    0.000930 ^ clkbuf_0_clk/A (sky130_fd_sc_hd__clkbuf_16)
     4    0.039937    0.062392    0.209276    0.210206 ^ clkbuf_0_clk/X (sky130_fd_sc_hd__clkbuf_16)
                                                         clknet_0_clk (net)
                      0.062419    0.001122    0.211329 ^ clkbuf_2_0__f_clk/A (sky130_fd_sc_hd__clkbuf_16)
    12    0.033237    0.053772    0.142725    0.354053 ^ clkbuf_2_0__f_clk/X (sky130_fd_sc_hd__clkbuf_16)
                                                         clknet_2_0__leaf_clk (net)
                      0.053785    0.001238    0.355291 ^ _667_/CLK (sky130_fd_sc_hd__dfrtp_1)
     2    0.011128    0.109548    0.373103    0.728393 ^ _667_/Q (sky130_fd_sc_hd__dfrtp_1)
                                                         a_reg[2] (net)
                      0.109549    0.000550    0.728944 ^ fanout54/A (sky130_fd_sc_hd__buf_1)
     5    0.015150    0.183885    0.196790    0.925734 ^ fanout54/X (sky130_fd_sc_hd__buf_1)
                                                         net54 (net)
                      0.183887    0.000416    0.926150 ^ _495_/A1 (sky130_fd_sc_hd__a31o_1)
     2    0.009261    0.096497    0.206214    1.132363 ^ _495_/X (sky130_fd_sc_hd__a31o_1)
                                                         _168_ (net)
                      0.096497    0.000316    1.132679 ^ _517_/A (sky130_fd_sc_hd__xor2_1)
     2    0.003946    0.040637    0.079142    1.211821 v _517_/X (sky130_fd_sc_hd__xor2_1)
                                                         _190_ (net)
                      0.040637    0.000071    1.211892 v _520_/B (sky130_fd_sc_hd__and2_1)
     4    0.011712    0.070145    0.186891    1.398783 v _520_/X (sky130_fd_sc_hd__and2_1)
                                                         _193_ (net)
                      0.070145    0.000301    1.399084 v _521_/B (sky130_fd_sc_hd__nor2_1)
     1    0.004862    0.109209    0.116242    1.515326 ^ _521_/Y (sky130_fd_sc_hd__nor2_1)
                                                         _194_ (net)
                      0.109209    0.000101    1.515426 ^ _523_/A (sky130_fd_sc_hd__xor2_1)
     1    0.004391    0.042460    0.085196    1.600622 v _523_/X (sky130_fd_sc_hd__xor2_1)
                                                         product_reg[9] (net)
                      0.042460    0.000148    1.600770 v _658_/D (sky130_fd_sc_hd__dfrtp_1)
                                              1.600770   data arrival time

                                  0.000000    0.000000   clock clk (rise edge)
                                  0.000000    0.000000   clock source latency
     1    0.019844    0.250000    0.000000    0.000000 ^ clk (in)
                                                         clk (net)
                      0.251861    0.000930    0.000930 ^ clkbuf_0_clk/A (sky130_fd_sc_hd__clkbuf_16)
     4    0.039937    0.062392    0.209276    0.210206 ^ clkbuf_0_clk/X (sky130_fd_sc_hd__clkbuf_16)
                                                         clknet_0_clk (net)
                      0.062416    0.001081    0.211288 ^ clkbuf_2_3__f_clk/A (sky130_fd_sc_hd__clkbuf_16)
     8    0.034639    0.055019    0.144178    0.355465 ^ clkbuf_2_3__f_clk/X (sky130_fd_sc_hd__clkbuf_16)
                                                         clknet_2_3__leaf_clk (net)
                      0.055039    0.000720    0.356185 ^ _658_/CLK (sky130_fd_sc_hd__dfrtp_1)
                                  0.125000    0.481185   clock uncertainty
                                  0.000000    0.481185   clock reconvergence pessimism
                                 -0.042452    0.438733   library hold time
                                              0.438733   data required time
---------------------------------------------------------------------------------------------
                                              0.438733   data required time
                                             -1.600770   data arrival time
---------------------------------------------------------------------------------------------
                                              1.162037   slack (MET)


Startpoint: _665_ (rising edge-triggered flip-flop clocked by clk)
Endpoint: _687_ (rising edge-triggered flip-flop clocked by clk)
Path Group: clk
Path Type: min

Fanout         Cap        Slew       Delay        Time   Description
---------------------------------------------------------------------------------------------
                                  0.000000    0.000000   clock clk (rise edge)
                                  0.000000    0.000000   clock source latency
     1    0.019844    0.250000    0.000000    0.000000 ^ clk (in)
                                                         clk (net)
                      0.251861    0.000930    0.000930 ^ clkbuf_0_clk/A (sky130_fd_sc_hd__clkbuf_16)
     4    0.039937    0.062392    0.209276    0.210206 ^ clkbuf_0_clk/X (sky130_fd_sc_hd__clkbuf_16)
                                                         clknet_0_clk (net)
                      0.062412    0.001011    0.211217 ^ clkbuf_2_1__f_clk/A (sky130_fd_sc_hd__clkbuf_16)
     8    0.034275    0.054632    0.143692    0.354910 ^ clkbuf_2_1__f_clk/X (sky130_fd_sc_hd__clkbuf_16)
                                                         clknet_2_1__leaf_clk (net)
                      0.054660    0.001060    0.355970 ^ _665_/CLK (sky130_fd_sc_hd__dfrtp_1)
     4    0.018859    0.173216    0.419899    0.775869 ^ _665_/Q (sky130_fd_sc_hd__dfrtp_1)
                                                         a_reg[0] (net)
                      0.173222    0.001248    0.777116 ^ _390_/A1 (sky130_fd_sc_hd__a211oi_1)
     1    0.002295    0.037229    0.092436    0.869553 v _390_/Y (sky130_fd_sc_hd__a211oi_1)
                                                         _066_ (net)
                      0.037229    0.000044    0.869596 v _391_/B (sky130_fd_sc_hd__nor2_1)
     2    0.008545    0.169533    0.149771    1.019367 ^ _391_/Y (sky130_fd_sc_hd__nor2_1)
                                                         _067_ (net)
                      0.169533    0.000244    1.019611 ^ _412_/B1 (sky130_fd_sc_hd__a21o_1)
     2    0.005566    0.058207    0.120812    1.140424 ^ _412_/X (sky130_fd_sc_hd__a21o_1)
                                                         _088_ (net)
                      0.058207    0.000140    1.140564 ^ _414_/A2 (sky130_fd_sc_hd__a211oi_1)
     3    0.008686    0.069526    0.098784    1.239348 v _414_/Y (sky130_fd_sc_hd__a211oi_1)
                                                         _090_ (net)
                      0.069526    0.000172    1.239520 v _418_/B (sky130_fd_sc_hd__nor3_1)
     2    0.005043    0.200953    0.214990    1.454510 ^ _418_/Y (sky130_fd_sc_hd__nor3_1)
                                                         _094_ (net)
                      0.200953    0.000108    1.454618 ^ _420_/A (sky130_fd_sc_hd__or2_1)
     1    0.005332    0.061109    0.149346    1.603964 ^ _420_/X (sky130_fd_sc_hd__or2_1)
                                                         _096_ (net)
                      0.061109    0.000117    1.604081 ^ _423_/A (sky130_fd_sc_hd__xnor2_1)
     1    0.002658    0.036132    0.067066    1.671147 v _423_/Y (sky130_fd_sc_hd__xnor2_1)
                                                         product_reg[6] (net)
                      0.036132    0.000078    1.671225 v _687_/D (sky130_fd_sc_hd__dfrtp_1)
                                              1.671225   data arrival time

                                  0.000000    0.000000   clock clk (rise edge)
                                  0.000000    0.000000   clock source latency
     1    0.019844    0.250000    0.000000    0.000000 ^ clk (in)
                                                         clk (net)
                      0.251861    0.000930    0.000930 ^ clkbuf_0_clk/A (sky130_fd_sc_hd__clkbuf_16)
     4    0.039937    0.062392    0.209276    0.210206 ^ clkbuf_0_clk/X (sky130_fd_sc_hd__clkbuf_16)
                                                         clknet_0_clk (net)
                      0.062416    0.001081    0.211288 ^ clkbuf_2_3__f_clk/A (sky130_fd_sc_hd__clkbuf_16)
     8    0.034639    0.055019    0.144178    0.355465 ^ clkbuf_2_3__f_clk/X (sky130_fd_sc_hd__clkbuf_16)
                                                         clknet_2_3__leaf_clk (net)
                      0.055038    0.000681    0.356146 ^ _687_/CLK (sky130_fd_sc_hd__dfrtp_1)
                                  0.125000    0.481146   clock uncertainty
                                  0.000000    0.481146   clock reconvergence pessimism
                                 -0.039876    0.441270   library hold time
                                              0.441270   data required time
---------------------------------------------------------------------------------------------
                                              0.441270   data required time
                                             -1.671225   data arrival time
---------------------------------------------------------------------------------------------
                                              1.229956   slack (MET)



