
===========================================================================
report_checks -unconstrained
===========================================================================
======================= min_ff_n40C_1v95 Corner ===================================

Startpoint: rst (input port clocked by clk)
Endpoint: _679_ (recovery check against rising-edge clock clk)
Path Group: asynchronous
Path Type: max

Fanout         Cap        Slew       Delay        Time   Description
---------------------------------------------------------------------------------------------
                                  0.000000    0.000000   clock clk (rise edge)
                                  0.000000    0.000000   clock network delay (propagated)
                                  1.666600    1.666600 v input external delay
     1    0.002670    0.004541    0.002144    1.668744 v rst (in)
                                                         rst (net)
                      0.004541    0.000000    1.668744 v input17/A (sky130_fd_sc_hd__clkbuf_1)
     1    0.002217    0.016315    0.044267    1.713012 v input17/X (sky130_fd_sc_hd__clkbuf_1)
                                                         net17 (net)
                      0.016315    0.000020    1.713032 v fanout62/A (sky130_fd_sc_hd__buf_2)
     5    0.029448    0.055558    0.106023    1.819055 v fanout62/X (sky130_fd_sc_hd__buf_2)
                                                         net62 (net)
                      0.055558    0.000299    1.819354 v fanout60/A (sky130_fd_sc_hd__buf_4)
    10    0.061548    0.065428    0.140429    1.959783 v fanout60/X (sky130_fd_sc_hd__buf_4)
                                                         net60 (net)
                      0.065428    0.000108    1.959891 v fanout59/A (sky130_fd_sc_hd__buf_4)
    10    0.053472    0.058709    0.138909    2.098800 v fanout59/X (sky130_fd_sc_hd__buf_4)
                                                         net59 (net)
                      0.058863    0.002618    2.101418 v _647_/A (sky130_fd_sc_hd__inv_2)
     1    0.004283    0.025832    0.041643    2.143061 ^ _647_/Y (sky130_fd_sc_hd__inv_2)
                                                         _021_ (net)
                      0.025832    0.000038    2.143099 ^ _679_/RESET_B (sky130_fd_sc_hd__dfrtp_1)
                                              2.143099   data arrival time

                                  8.333000    8.333000   clock clk (rise edge)
                                  0.000000    8.333000   clock source latency
     1    0.017947    0.064935    0.044372    8.377372 ^ clk (in)
                                                         clk (net)
                      0.064953    0.000000    8.377372 ^ clkbuf_0_clk/A (sky130_fd_sc_hd__clkbuf_16)
     4    0.039692    0.045101    0.106354    8.483726 ^ clkbuf_0_clk/X (sky130_fd_sc_hd__clkbuf_16)
                                                         clknet_0_clk (net)
                      0.045106    0.000469    8.484195 ^ clkbuf_2_0__f_clk/A (sky130_fd_sc_hd__clkbuf_16)
    12    0.034874    0.041549    0.097972    8.582168 ^ clkbuf_2_0__f_clk/X (sky130_fd_sc_hd__clkbuf_16)
                                                         clknet_2_0__leaf_clk (net)
                      0.041613    0.001453    8.583620 ^ _679_/CLK (sky130_fd_sc_hd__dfrtp_1)
                                 -0.250000    8.333620   clock uncertainty
                                  0.000000    8.333620   clock reconvergence pessimism
                                  0.146215    8.479836   library recovery time
                                              8.479836   data required time
---------------------------------------------------------------------------------------------
                                              8.479836   data required time
                                             -2.143099   data arrival time
---------------------------------------------------------------------------------------------
                                              6.336737   slack (MET)


Startpoint: _669_ (rising edge-triggered flip-flop clocked by clk)
Endpoint: _662_ (rising edge-triggered flip-flop clocked by clk)
Path Group: clk
Path Type: max

Fanout         Cap        Slew       Delay        Time   Description
---------------------------------------------------------------------------------------------
                                  0.000000    0.000000   clock clk (rise edge)
                                  0.000000    0.000000   clock source latency
     1    0.017947    0.064935    0.044372    0.044372 ^ clk (in)
                                                         clk (net)
                      0.064953    0.000000    0.044372 ^ clkbuf_0_clk/A (sky130_fd_sc_hd__clkbuf_16)
     4    0.039692    0.045101    0.106354    0.150726 ^ clkbuf_0_clk/X (sky130_fd_sc_hd__clkbuf_16)
                                                         clknet_0_clk (net)
                      0.045106    0.000469    0.151195 ^ clkbuf_2_0__f_clk/A (sky130_fd_sc_hd__clkbuf_16)
    12    0.034874    0.041549    0.097972    0.249167 ^ clkbuf_2_0__f_clk/X (sky130_fd_sc_hd__clkbuf_16)
                                                         clknet_2_0__leaf_clk (net)
                      0.041583    0.001105    0.250272 ^ _669_/CLK (sky130_fd_sc_hd__dfrtp_1)
     3    0.011776    0.055280    0.256494    0.506766 v _669_/Q (sky130_fd_sc_hd__dfrtp_1)
                                                         a_reg[4] (net)
                      0.055280    0.000125    0.506891 v fanout51/A (sky130_fd_sc_hd__buf_2)
    10    0.034766    0.063453    0.128129    0.635020 v fanout51/X (sky130_fd_sc_hd__buf_2)
                                                         net51 (net)
                      0.063457    0.000520    0.635540 v _370_/C (sky130_fd_sc_hd__and4_1)
     3    0.006953    0.040431    0.143366    0.778907 v _370_/X (sky130_fd_sc_hd__and4_1)
                                                         _046_ (net)
                      0.040431    0.000054    0.778961 v _372_/B (sky130_fd_sc_hd__or3_1)
     2    0.005800    0.054228    0.212006    0.990967 v _372_/X (sky130_fd_sc_hd__or3_1)
                                                         _048_ (net)
                      0.054228    0.000039    0.991006 v _375_/A1 (sky130_fd_sc_hd__a21o_1)
     3    0.008836    0.041909    0.122719    1.113725 v _375_/X (sky130_fd_sc_hd__a21o_1)
                                                         _051_ (net)
                      0.041909    0.000134    1.113859 v _384_/A2 (sky130_fd_sc_hd__a21o_1)
     2    0.004600    0.029313    0.120291    1.234150 v _384_/X (sky130_fd_sc_hd__a21o_1)
                                                         _060_ (net)
                      0.029313    0.000041    1.234191 v _385_/C (sky130_fd_sc_hd__and3_1)
     4    0.015391    0.062893    0.148888    1.383079 v _385_/X (sky130_fd_sc_hd__and3_1)
                                                         _061_ (net)
                      0.062893    0.000124    1.383203 v _387_/B (sky130_fd_sc_hd__nor3b_2)
     3    0.008374    0.137363    0.149878    1.533082 ^ _387_/Y (sky130_fd_sc_hd__nor3b_2)
                                                         _063_ (net)
                      0.137363    0.000085    1.533167 ^ max_cap34/A (sky130_fd_sc_hd__clkbuf_1)
     2    0.006847    0.066405    0.084654    1.617821 ^ max_cap34/X (sky130_fd_sc_hd__clkbuf_1)
                                                         net34 (net)
                      0.066405    0.000067    1.617888 ^ _388_/A (sky130_fd_sc_hd__inv_2)
     1    0.003215    0.017278    0.015931    1.633820 v _388_/Y (sky130_fd_sc_hd__inv_2)
                                                         _064_ (net)
                      0.017278    0.000021    1.633841 v _421_/A1 (sky130_fd_sc_hd__a21o_1)
     3    0.008197    0.039925    0.106711    1.740552 v _421_/X (sky130_fd_sc_hd__a21o_1)
                                                         _097_ (net)
                      0.039925    0.000104    1.740656 v _458_/A4 (sky130_fd_sc_hd__a41o_1)
     2    0.008124    0.045967    0.174169    1.914825 v _458_/X (sky130_fd_sc_hd__a41o_1)
                                                         _133_ (net)
                      0.045967    0.000122    1.914948 v _492_/A2 (sky130_fd_sc_hd__a21o_1)
     4    0.016603    0.062731    0.155861    2.070808 v _492_/X (sky130_fd_sc_hd__a21o_1)
                                                         _166_ (net)
                      0.062733    0.000388    2.071196 v _598_/A1 (sky130_fd_sc_hd__a211o_1)
     2    0.005989    0.044019    0.177438    2.248634 v _598_/X (sky130_fd_sc_hd__a211o_1)
                                                         _268_ (net)
                      0.044019    0.000069    2.248703 v _600_/C (sky130_fd_sc_hd__and4b_1)
     4    0.012327    0.056815    0.150838    2.399541 v _600_/X (sky130_fd_sc_hd__and4b_1)
                                                         _270_ (net)
                      0.056815    0.000164    2.399705 v _614_/B (sky130_fd_sc_hd__or4_1)
     1    0.002629    0.052174    0.284688    2.684392 v _614_/X (sky130_fd_sc_hd__or4_1)
                                                         _283_ (net)
                      0.052174    0.000023    2.684416 v _615_/B (sky130_fd_sc_hd__nand2_1)
     1    0.002334    0.032195    0.049425    2.733841 ^ _615_/Y (sky130_fd_sc_hd__nand2_1)
                                                         product_reg[13] (net)
                      0.032195    0.000020    2.733860 ^ _662_/D (sky130_fd_sc_hd__dfrtp_1)
                                              2.733860   data arrival time

                                  8.333000    8.333000   clock clk (rise edge)
                                  0.000000    8.333000   clock source latency
     1    0.017947    0.064935    0.044372    8.377372 ^ clk (in)
                                                         clk (net)
                      0.064953    0.000000    8.377372 ^ clkbuf_0_clk/A (sky130_fd_sc_hd__clkbuf_16)
     4    0.039692    0.045101    0.106354    8.483726 ^ clkbuf_0_clk/X (sky130_fd_sc_hd__clkbuf_16)
                                                         clknet_0_clk (net)
                      0.045106    0.000466    8.484192 ^ clkbuf_2_2__f_clk/A (sky130_fd_sc_hd__clkbuf_16)
     8    0.042534    0.046911    0.102411    8.586603 ^ clkbuf_2_2__f_clk/X (sky130_fd_sc_hd__clkbuf_16)
                                                         clknet_2_2__leaf_clk (net)
                      0.046927    0.000785    8.587388 ^ _662_/CLK (sky130_fd_sc_hd__dfrtp_1)
                                 -0.250000    8.337388   clock uncertainty
                                  0.000000    8.337388   clock reconvergence pessimism
                                 -0.033367    8.304021   library setup time
                                              8.304021   data required time
---------------------------------------------------------------------------------------------
                                              8.304021   data required time
                                             -2.733860   data arrival time
---------------------------------------------------------------------------------------------
                                              5.570160   slack (MET)




===========================================================================
report_checks --slack_max -0.01
============================================================================
======================= min_ff_n40C_1v95 Corner ===================================

No paths found.


===========================================================================
 report_check_types -max_slew -max_cap -max_fanout -violators
============================================================================
======================= min_ff_n40C_1v95 Corner ===================================

max fanout

Pin                                   Limit Fanout  Slack
---------------------------------------------------------
clkbuf_2_0__f_clk/X                      10     12     -2 (VIOLATED)



===========================================================================
report_parasitic_annotation -report_unannotated
============================================================================
Found 3 unannotated drivers.
 clkload0/Y
 clkload1/Y
 clkload2/Y
Found 0 partially unannotated drivers.

===========================================================================
max slew violation count 0
max fanout violation count 1
max cap violation count 0
============================================================================

===========================================================================
check_setup -verbose -unconstrained_endpoints -multiple_clock -no_clock -no_input_delay -loops -generated_clocks
===========================================================================
