Clock: clk
Sources: clk 
Generated: no
Virtual: yes
Propagated: no
Period: 3.333000

===========================================================================
report_clock_properties
============================================================================
Clock                   Period          Waveform
----------------------------------------------------
clk                   3.333000    0.000000  1.666500

===========================================================================
report_clock_latency
============================================================================
Clock clk
rise -> rise
    min     max
0.000000 0.000000 source latency
1.037311         network latency _1325_/CLK
        1.071257 network latency _1438_/CLK
---------------
1.037311 1.071257 latency
        0.033947 skew

fall -> fall
    min     max
0.000000 0.000000 source latency
0.976387         network latency _1325_/CLK
        1.000528 network latency _1438_/CLK
---------------
0.976387 1.000528 latency
        0.024141 skew



===========================================================================
report_clock_min_period
============================================================================
clk period_min = 4.69 fmax = 213.40
