
===========================================================================
report_checks -unconstrained
===========================================================================
======================= nom_tt_025C_1v80 Corner ===================================

Startpoint: rst (input port clocked by clk)
Endpoint: _679_ (recovery check against rising-edge clock clk)
Path Group: asynchronous
Path Type: max

Fanout         Cap        Slew       Delay        Time   Description
---------------------------------------------------------------------------------------------
                                  0.000000    0.000000   clock clk (rise edge)
                                  0.000000    0.000000   clock network delay (propagated)
                                  1.666600    1.666600 v input external delay
     1    0.002661    0.008303    0.004201    1.670801 v rst (in)
                                                         rst (net)
                      0.008304    0.000000    1.670801 v input17/A (sky130_fd_sc_hd__clkbuf_1)
     1    0.002203    0.023431    0.068770    1.739570 v input17/X (sky130_fd_sc_hd__clkbuf_1)
                                                         net17 (net)
                      0.023431    0.000062    1.739632 v fanout62/A (sky130_fd_sc_hd__buf_2)
     5    0.030599    0.081917    0.163721    1.903354 v fanout62/X (sky130_fd_sc_hd__buf_2)
                                                         net62 (net)
                      0.081923    0.000724    1.904077 v fanout60/A (sky130_fd_sc_hd__buf_4)
    10    0.063625    0.089034    0.212566    2.116643 v fanout60/X (sky130_fd_sc_hd__buf_4)
                                                         net60 (net)
                      0.089040    0.000622    2.117265 v fanout59/A (sky130_fd_sc_hd__buf_4)
    10    0.054467    0.079119    0.207935    2.325199 v fanout59/X (sky130_fd_sc_hd__buf_4)
                                                         net59 (net)
                      0.079502    0.004043    2.329242 v _647_/A (sky130_fd_sc_hd__inv_2)
     1    0.004358    0.034668    0.059050    2.388292 ^ _647_/Y (sky130_fd_sc_hd__inv_2)
                                                         _021_ (net)
                      0.034668    0.000094    2.388386 ^ _679_/RESET_B (sky130_fd_sc_hd__dfrtp_1)
                                              2.388386   data arrival time

                                  8.333000    8.333000   clock clk (rise edge)
                                  0.000000    8.333000   clock source latency
     1    0.018913    0.090935    0.062686    8.395686 ^ clk (in)
                                                         clk (net)
                      0.090963    0.000000    8.395686 ^ clkbuf_0_clk/A (sky130_fd_sc_hd__clkbuf_16)
     4    0.040252    0.059983    0.158640    8.554326 ^ clkbuf_0_clk/X (sky130_fd_sc_hd__clkbuf_16)
                                                         clknet_0_clk (net)
                      0.060006    0.001057    8.555384 ^ clkbuf_2_0__f_clk/A (sky130_fd_sc_hd__clkbuf_16)
    12    0.035034    0.055303    0.143129    8.698512 ^ clkbuf_2_0__f_clk/X (sky130_fd_sc_hd__clkbuf_16)
                                                         clknet_2_0__leaf_clk (net)
                      0.055463    0.002226    8.700738 ^ _679_/CLK (sky130_fd_sc_hd__dfrtp_1)
                                 -0.250000    8.450738   clock uncertainty
                                  0.000000    8.450738   clock reconvergence pessimism
                                  0.236211    8.686948   library recovery time
                                              8.686948   data required time
---------------------------------------------------------------------------------------------
                                              8.686948   data required time
                                             -2.388386   data arrival time
---------------------------------------------------------------------------------------------
                                              6.298562   slack (MET)


Startpoint: _669_ (rising edge-triggered flip-flop clocked by clk)
Endpoint: _662_ (rising edge-triggered flip-flop clocked by clk)
Path Group: clk
Path Type: max

Fanout         Cap        Slew       Delay        Time   Description
---------------------------------------------------------------------------------------------
                                  0.000000    0.000000   clock clk (rise edge)
                                  0.000000    0.000000   clock source latency
     1    0.018913    0.090935    0.062686    0.062686 ^ clk (in)
                                                         clk (net)
                      0.090963    0.000000    0.062686 ^ clkbuf_0_clk/A (sky130_fd_sc_hd__clkbuf_16)
     4    0.040252    0.059983    0.158640    0.221327 ^ clkbuf_0_clk/X (sky130_fd_sc_hd__clkbuf_16)
                                                         clknet_0_clk (net)
                      0.060006    0.001056    0.222383 ^ clkbuf_2_0__f_clk/A (sky130_fd_sc_hd__clkbuf_16)
    12    0.035034    0.055303    0.143130    0.365512 ^ clkbuf_2_0__f_clk/X (sky130_fd_sc_hd__clkbuf_16)
                                                         clknet_2_0__leaf_clk (net)
                      0.055418    0.001785    0.367298 ^ _669_/CLK (sky130_fd_sc_hd__dfrtp_1)
     3    0.012306    0.080335    0.404755    0.772053 v _669_/Q (sky130_fd_sc_hd__dfrtp_1)
                                                         a_reg[4] (net)
                      0.080335    0.000283    0.772336 v fanout51/A (sky130_fd_sc_hd__buf_2)
    10    0.035719    0.092740    0.198442    0.970778 v fanout51/X (sky130_fd_sc_hd__buf_2)
                                                         net51 (net)
                      0.092752    0.001021    0.971799 v _370_/C (sky130_fd_sc_hd__and4_1)
     3    0.006952    0.055965    0.225485    1.197284 v _370_/X (sky130_fd_sc_hd__and4_1)
                                                         _046_ (net)
                      0.055965    0.000139    1.197423 v _372_/B (sky130_fd_sc_hd__or3_1)
     2    0.005919    0.082128    0.367025    1.564448 v _372_/X (sky130_fd_sc_hd__or3_1)
                                                         _048_ (net)
                      0.082128    0.000126    1.564574 v _375_/A1 (sky130_fd_sc_hd__a21o_1)
     3    0.009019    0.059041    0.194077    1.758651 v _375_/X (sky130_fd_sc_hd__a21o_1)
                                                         _051_ (net)
                      0.059041    0.000306    1.758958 v _384_/A2 (sky130_fd_sc_hd__a21o_1)
     2    0.004601    0.040676    0.185833    1.944790 v _384_/X (sky130_fd_sc_hd__a21o_1)
                                                         _060_ (net)
                      0.040676    0.000112    1.944902 v _385_/C (sky130_fd_sc_hd__and3_1)
     4    0.015559    0.090326    0.227454    2.172356 v _385_/X (sky130_fd_sc_hd__and3_1)
                                                         _061_ (net)
                      0.090326    0.000359    2.172714 v _387_/B (sky130_fd_sc_hd__nor3b_2)
     3    0.008352    0.191683    0.221374    2.394089 ^ _387_/Y (sky130_fd_sc_hd__nor3b_2)
                                                         _063_ (net)
                      0.191683    0.000205    2.394294 ^ max_cap34/A (sky130_fd_sc_hd__clkbuf_1)
     2    0.006811    0.089332    0.143762    2.538056 ^ max_cap34/X (sky130_fd_sc_hd__clkbuf_1)
                                                         net34 (net)
                      0.089332    0.000157    2.538213 ^ _417_/A_N (sky130_fd_sc_hd__nand3b_2)
     5    0.015012    0.117738    0.165599    2.703812 ^ _417_/Y (sky130_fd_sc_hd__nand3b_2)
                                                         _093_ (net)
                      0.117738    0.000414    2.704226 ^ _418_/C (sky130_fd_sc_hd__nor3_1)
     2    0.004342    0.067590    0.066122    2.770349 v _418_/Y (sky130_fd_sc_hd__nor3_1)
                                                         _094_ (net)
                      0.067590    0.000068    2.770417 v _458_/B1 (sky130_fd_sc_hd__a41o_1)
     2    0.008327    0.063672    0.235224    3.005640 v _458_/X (sky130_fd_sc_hd__a41o_1)
                                                         _133_ (net)
                      0.063672    0.000257    3.005897 v _492_/A2 (sky130_fd_sc_hd__a21o_1)
     4    0.017177    0.091751    0.238281    3.244178 v _492_/X (sky130_fd_sc_hd__a21o_1)
                                                         _166_ (net)
                      0.091755    0.000701    3.244879 v _598_/A1 (sky130_fd_sc_hd__a211o_1)
     2    0.006198    0.063518    0.287775    3.532654 v _598_/X (sky130_fd_sc_hd__a211o_1)
                                                         _268_ (net)
                      0.063518    0.000149    3.532803 v _600_/C (sky130_fd_sc_hd__and4b_1)
     4    0.012753    0.081230    0.235248    3.768050 v _600_/X (sky130_fd_sc_hd__and4b_1)
                                                         _270_ (net)
                      0.081230    0.000322    3.768372 v _614_/B (sky130_fd_sc_hd__or4_1)
     1    0.002686    0.080910    0.502777    4.271149 v _614_/X (sky130_fd_sc_hd__or4_1)
                                                         _283_ (net)
                      0.080910    0.000077    4.271226 v _615_/B (sky130_fd_sc_hd__nand2_1)
     1    0.002288    0.043897    0.073396    4.344622 ^ _615_/Y (sky130_fd_sc_hd__nand2_1)
                                                         product_reg[13] (net)
                      0.043897    0.000064    4.344686 ^ _662_/D (sky130_fd_sc_hd__dfrtp_1)
                                              4.344686   data arrival time

                                  8.333000    8.333000   clock clk (rise edge)
                                  0.000000    8.333000   clock source latency
     1    0.018913    0.090935    0.062686    8.395686 ^ clk (in)
                                                         clk (net)
                      0.090963    0.000000    8.395686 ^ clkbuf_0_clk/A (sky130_fd_sc_hd__clkbuf_16)
     4    0.040252    0.059983    0.158640    8.554326 ^ clkbuf_0_clk/X (sky130_fd_sc_hd__clkbuf_16)
                                                         clknet_0_clk (net)
                      0.060005    0.001041    8.555367 ^ clkbuf_2_2__f_clk/A (sky130_fd_sc_hd__clkbuf_16)
     8    0.043631    0.062979    0.149715    8.705082 ^ clkbuf_2_2__f_clk/X (sky130_fd_sc_hd__clkbuf_16)
                                                         clknet_2_2__leaf_clk (net)
                      0.063024    0.001469    8.706552 ^ _662_/CLK (sky130_fd_sc_hd__dfrtp_1)
                                 -0.250000    8.456552   clock uncertainty
                                  0.000000    8.456552   clock reconvergence pessimism
                                 -0.056867    8.399684   library setup time
                                              8.399684   data required time
---------------------------------------------------------------------------------------------
                                              8.399684   data required time
                                             -4.344686   data arrival time
---------------------------------------------------------------------------------------------
                                              4.054998   slack (MET)




===========================================================================
report_checks --slack_max -0.01
============================================================================
======================= nom_tt_025C_1v80 Corner ===================================

No paths found.


===========================================================================
 report_check_types -max_slew -max_cap -max_fanout -violators
============================================================================
======================= nom_tt_025C_1v80 Corner ===================================

max fanout

Pin                                   Limit Fanout  Slack
---------------------------------------------------------
clkbuf_2_0__f_clk/X                      10     12     -2 (VIOLATED)



===========================================================================
report_parasitic_annotation -report_unannotated
============================================================================
Found 3 unannotated drivers.
 clkload0/Y
 clkload1/Y
 clkload2/Y
Found 0 partially unannotated drivers.

===========================================================================
max slew violation count 0
max fanout violation count 1
max cap violation count 0
============================================================================

===========================================================================
check_setup -verbose -unconstrained_endpoints -multiple_clock -no_clock -no_input_delay -loops -generated_clocks
===========================================================================
