Clock: clk
Sources: clk 
Generated: no
Virtual: yes
Propagated: no
Period: 8.333000

===========================================================================
report_clock_properties
============================================================================
Clock                   Period          Waveform
----------------------------------------------------
clk                   8.333000    0.000000  4.166500

===========================================================================
report_clock_latency
============================================================================
Clock clk
rise -> rise
    min     max
0.000000 0.000000 source latency
0.253734         network latency _688_/CLK
        0.260594 network latency _680_/CLK
---------------
0.253734 0.260594 latency
        0.006859 skew

fall -> fall
    min     max
0.000000 0.000000 source latency
0.234027         network latency _688_/CLK
        0.239057 network latency _680_/CLK
---------------
0.234027 0.239057 latency
        0.005030 skew



===========================================================================
report_clock_min_period
============================================================================
clk period_min = 2.78 fmax = 359.25
