
===========================================================================
report_checks -unconstrained
===========================================================================
======================= nom_tt_025C_1v80 Corner ===================================

Startpoint: rst (input port clocked by clk)
Endpoint: _827_ (recovery check against rising-edge clock clk)
Path Group: asynchronous
Path Type: max

Fanout         Cap        Slew       Delay        Time   Description
---------------------------------------------------------------------------------------------
                                  0.000000    0.000000   clock clk (rise edge)
                                  0.000000    0.000000   clock network delay (propagated)
                                  1.000000    1.000000 v input external delay
    72    0.355303    0.772238    0.579257    1.579257 v rst (in)
                                                         rst (net)
                      0.772408    0.000000    1.579257 v _755_/A (sky130_fd_sc_hd__inv_2)
     1    0.003674    0.123740    0.180090    1.759347 ^ _755_/Y (sky130_fd_sc_hd__inv_2)
                                                         _115_ (net)
                      0.123740    0.000001    1.759349 ^ _827_/RESET_B (sky130_fd_sc_hd__dfrtp_2)
                                              1.759349   data arrival time

                                  5.000000    5.000000   clock clk (rise edge)
                                  0.000000    5.000000   clock source latency
    72    0.184956    0.828079    0.570041    5.570041 ^ clk (in)
                                                         clk (net)
                      0.828079    0.000000    5.570041 ^ _827_/CLK (sky130_fd_sc_hd__dfrtp_2)
                                 -0.250000    5.320041   clock uncertainty
                                  0.000000    5.320041   clock reconvergence pessimism
                                  0.379108    5.699149   library recovery time
                                              5.699149   data required time
---------------------------------------------------------------------------------------------
                                              5.699149   data required time
                                             -1.759349   data arrival time
---------------------------------------------------------------------------------------------
                                              3.939800   slack (MET)


Startpoint: _822_ (rising edge-triggered flip-flop clocked by clk)
Endpoint: _802_ (rising edge-triggered flip-flop clocked by clk)
Path Group: clk
Path Type: max

Fanout         Cap        Slew       Delay        Time   Description
---------------------------------------------------------------------------------------------
                                  0.000000    0.000000   clock clk (rise edge)
                                  0.000000    0.000000   clock source latency
    72    0.184956    0.828079    0.571618    0.571618 ^ clk (in)
                                                         clk (net)
                      0.828087    0.000000    0.571618 ^ _822_/CLK (sky130_fd_sc_hd__dfrtp_2)
    18    0.061587    0.295127    0.706107    1.277724 ^ _822_/Q (sky130_fd_sc_hd__dfrtp_2)
                                                         a_low[2] (net)
                      0.295127    0.000455    1.278180 ^ _447_/C (sky130_fd_sc_hd__and4_2)
     4    0.010682    0.090982    0.305462    1.583642 ^ _447_/X (sky130_fd_sc_hd__and4_2)
                                                         _181_ (net)
                      0.090982    0.000003    1.583645 ^ _449_/A_N (sky130_fd_sc_hd__and4bb_2)
     3    0.010135    0.060690    0.255031    1.838675 v _449_/X (sky130_fd_sc_hd__and4bb_2)
                                                         _183_ (net)
                      0.060690    0.000005    1.838681 v _464_/B (sky130_fd_sc_hd__or3_2)
     1    0.001711    0.070813    0.434839    2.273520 v _464_/X (sky130_fd_sc_hd__or3_2)
                                                         _197_ (net)
                      0.070813    0.000003    2.273523 v _465_/B (sky130_fd_sc_hd__and2_2)
     2    0.012890    0.058753    0.227363    2.500886 v _465_/X (sky130_fd_sc_hd__and2_2)
                                                         _198_ (net)
                      0.058753    0.000028    2.500914 v _467_/B (sky130_fd_sc_hd__xnor2_2)
     2    0.014400    0.234141    0.211009    2.711923 ^ _467_/Y (sky130_fd_sc_hd__xnor2_2)
                                                         _200_ (net)
                      0.234141    0.000033    2.711957 ^ _469_/A (sky130_fd_sc_hd__nand2_2)
     2    0.004207    0.061673    0.071117    2.783073 v _469_/Y (sky130_fd_sc_hd__nand2_2)
                                                         _202_ (net)
                      0.061673    0.000007    2.783080 v _483_/A1 (sky130_fd_sc_hd__o21ba_2)
     2    0.005988    0.043726    0.222410    3.005490 v _483_/X (sky130_fd_sc_hd__o21ba_2)
                                                         _214_ (net)
                      0.043726    0.000008    3.005498 v _485_/B (sky130_fd_sc_hd__and2_2)
     1    0.004219    0.041459    0.188132    3.193630 v _485_/X (sky130_fd_sc_hd__and2_2)
                                                         _216_ (net)
                      0.041459    0.000002    3.193632 v _486_/B (sky130_fd_sc_hd__nor2_2)
     1    0.002791    0.062099    0.067806    3.261439 ^ _486_/Y (sky130_fd_sc_hd__nor2_2)
                                                         _051_ (net)
                      0.062099    0.000010    3.261449 ^ _802_/D (sky130_fd_sc_hd__dfrtp_2)
                                              3.261449   data arrival time

                                  5.000000    5.000000   clock clk (rise edge)
                                  0.000000    5.000000   clock source latency
    72    0.184956    0.828079    0.571282    5.571282 ^ clk (in)
                                                         clk (net)
                      0.828085    0.000000    5.571282 ^ _802_/CLK (sky130_fd_sc_hd__dfrtp_2)
                                 -0.250000    5.321282   clock uncertainty
                                  0.000000    5.321282   clock reconvergence pessimism
                                  0.013444    5.334726   library setup time
                                              5.334726   data required time
---------------------------------------------------------------------------------------------
                                              5.334726   data required time
                                             -3.261449   data arrival time
---------------------------------------------------------------------------------------------
                                              2.073278   slack (MET)




===========================================================================
report_checks --slack_max -0.01
============================================================================
======================= nom_tt_025C_1v80 Corner ===================================

No paths found.


===========================================================================
 report_check_types -max_slew -max_cap -max_fanout -violators
============================================================================
======================= nom_tt_025C_1v80 Corner ===================================

max slew

Pin                                        Limit        Slew       Slack
------------------------------------------------------------------------
_755_/A                                 0.750000    1.700095   -0.950095 (VIOLATED)
_762_/A                                 0.750000    1.700095   -0.950095 (VIOLATED)
_763_/A                                 0.750000    1.700095   -0.950095 (VIOLATED)
_752_/A                                 0.750000    1.700094   -0.950094 (VIOLATED)
_753_/A                                 0.750000    1.700093   -0.950093 (VIOLATED)
_754_/A                                 0.750000    1.700094   -0.950094 (VIOLATED)
_761_/A                                 0.750000    1.700093   -0.950093 (VIOLATED)
_739_/A                                 0.750000    1.700090   -0.950090 (VIOLATED)
_731_/A                                 0.750000    1.700089   -0.950089 (VIOLATED)
_738_/A                                 0.750000    1.700084   -0.950084 (VIOLATED)
_737_/A                                 0.750000    1.700078   -0.950078 (VIOLATED)
_736_/A                                 0.750000    1.700073   -0.950073 (VIOLATED)
_728_/A                                 0.750000    1.700070   -0.950070 (VIOLATED)
_735_/A                                 0.750000    1.700067   -0.950067 (VIOLATED)
_758_/A                                 0.750000    1.700066   -0.950066 (VIOLATED)
_759_/A                                 0.750000    1.700065   -0.950065 (VIOLATED)
_760_/A                                 0.750000    1.700066   -0.950066 (VIOLATED)
_734_/A                                 0.750000    1.700064   -0.950064 (VIOLATED)
_750_/A                                 0.750000    1.700064   -0.950064 (VIOLATED)
_751_/A                                 0.750000    1.700065   -0.950065 (VIOLATED)
_727_/A                                 0.750000    1.700063   -0.950063 (VIOLATED)
_757_/A                                 0.750000    1.700064   -0.950064 (VIOLATED)
_729_/A                                 0.750000    1.700062   -0.950062 (VIOLATED)
_730_/A                                 0.750000    1.700063   -0.950063 (VIOLATED)
_749_/A                                 0.750000    1.700059   -0.950059 (VIOLATED)
_756_/A                                 0.750000    1.700060   -0.950060 (VIOLATED)
_716_/A                                 0.750000    1.700057   -0.950057 (VIOLATED)
_726_/A                                 0.750000    1.700057   -0.950057 (VIOLATED)
_744_/A                                 0.750000    1.700057   -0.950057 (VIOLATED)
_745_/A                                 0.750000    1.700057   -0.950057 (VIOLATED)
_746_/A                                 0.750000    1.700058   -0.950058 (VIOLATED)
_747_/A                                 0.750000    1.700058   -0.950058 (VIOLATED)
_748_/A                                 0.750000    1.700057   -0.950057 (VIOLATED)
_382_/A                                 0.750000    1.700055   -0.950055 (VIOLATED)
_715_/A                                 0.750000    1.700056   -0.950056 (VIOLATED)
_743_/A                                 0.750000    1.700056   -0.950056 (VIOLATED)
_714_/A                                 0.750000    1.700054   -0.950054 (VIOLATED)
_733_/A                                 0.750000    1.700055   -0.950055 (VIOLATED)
_742_/A                                 0.750000    1.700054   -0.950054 (VIOLATED)
_741_/A                                 0.750000    1.700053   -0.950053 (VIOLATED)
_713_/A                                 0.750000    1.700052   -0.950052 (VIOLATED)
_717_/A                                 0.750000    1.700052   -0.950052 (VIOLATED)
_693_/A                                 0.750000    1.700049   -0.950049 (VIOLATED)
_725_/A                                 0.750000    1.700050   -0.950050 (VIOLATED)
_740_/A                                 0.750000    1.700050   -0.950050 (VIOLATED)
_712_/A                                 0.750000    1.700048   -0.950048 (VIOLATED)
_718_/A                                 0.750000    1.700048   -0.950048 (VIOLATED)
_732_/A                                 0.750000    1.700048   -0.950048 (VIOLATED)
_694_/A                                 0.750000    1.700047   -0.950047 (VIOLATED)
_695_/A                                 0.750000    1.700047   -0.950047 (VIOLATED)
_719_/A                                 0.750000    1.700046   -0.950046 (VIOLATED)
_724_/A                                 0.750000    1.700046   -0.950046 (VIOLATED)
_711_/A                                 0.750000    1.700045   -0.950045 (VIOLATED)
_723_/A                                 0.750000    1.700043   -0.950043 (VIOLATED)
_710_/A                                 0.750000    1.700040   -0.950040 (VIOLATED)
_720_/A                                 0.750000    1.700039   -0.950039 (VIOLATED)
_722_/A                                 0.750000    1.700038   -0.950038 (VIOLATED)
_708_/A                                 0.750000    1.700035   -0.950035 (VIOLATED)
_709_/A                                 0.750000    1.700033   -0.950033 (VIOLATED)
_721_/A                                 0.750000    1.700032   -0.950032 (VIOLATED)
_705_/A                                 0.750000    1.700027   -0.950027 (VIOLATED)
_706_/A                                 0.750000    1.700027   -0.950027 (VIOLATED)
_707_/A                                 0.750000    1.700027   -0.950027 (VIOLATED)
_703_/A                                 0.750000    1.700026   -0.950026 (VIOLATED)
_704_/A                                 0.750000    1.700027   -0.950027 (VIOLATED)
_701_/A                                 0.750000    1.700024   -0.950024 (VIOLATED)
_702_/A                                 0.750000    1.700025   -0.950025 (VIOLATED)
_700_/A                                 0.750000    1.700022   -0.950022 (VIOLATED)
_699_/A                                 0.750000    1.700021   -0.950021 (VIOLATED)
_698_/A                                 0.750000    1.700019   -0.950019 (VIOLATED)
_697_/A                                 0.750000    1.700016   -0.950016 (VIOLATED)
_696_/A                                 0.750000    1.700014   -0.950014 (VIOLATED)
rst                                     0.750000    1.700003   -0.950003 (VIOLATED)
_766_/CLK                               0.750000    0.828092   -0.078092 (VIOLATED)
_767_/CLK                               0.750000    0.828092   -0.078092 (VIOLATED)
_791_/CLK                               0.750000    0.828092   -0.078092 (VIOLATED)
_790_/CLK                               0.750000    0.828091   -0.078091 (VIOLATED)
_765_/CLK                               0.750000    0.828091   -0.078091 (VIOLATED)
_789_/CLK                               0.750000    0.828091   -0.078091 (VIOLATED)
_768_/CLK                               0.750000    0.828091   -0.078091 (VIOLATED)
_769_/CLK                               0.750000    0.828091   -0.078091 (VIOLATED)
_764_/CLK                               0.750000    0.828090   -0.078090 (VIOLATED)
_770_/CLK                               0.750000    0.828090   -0.078090 (VIOLATED)
_771_/CLK                               0.750000    0.828090   -0.078090 (VIOLATED)
_788_/CLK                               0.750000    0.828090   -0.078090 (VIOLATED)
_820_/CLK                               0.750000    0.828090   -0.078090 (VIOLATED)
_772_/CLK                               0.750000    0.828090   -0.078090 (VIOLATED)
_780_/CLK                               0.750000    0.828089   -0.078089 (VIOLATED)
_781_/CLK                               0.750000    0.828089   -0.078089 (VIOLATED)
_821_/CLK                               0.750000    0.828089   -0.078089 (VIOLATED)
_793_/CLK                               0.750000    0.828089   -0.078089 (VIOLATED)
_792_/CLK                               0.750000    0.828089   -0.078089 (VIOLATED)
_773_/CLK                               0.750000    0.828089   -0.078089 (VIOLATED)
_782_/CLK                               0.750000    0.828089   -0.078089 (VIOLATED)
_794_/CLK                               0.750000    0.828089   -0.078089 (VIOLATED)
_828_/CLK                               0.750000    0.828089   -0.078089 (VIOLATED)
_795_/CLK                               0.750000    0.828089   -0.078089 (VIOLATED)
_783_/CLK                               0.750000    0.828089   -0.078089 (VIOLATED)
_774_/CLK                               0.750000    0.828089   -0.078089 (VIOLATED)
_796_/CLK                               0.750000    0.828089   -0.078089 (VIOLATED)
_784_/CLK                               0.750000    0.828088   -0.078088 (VIOLATED)
_804_/CLK                               0.750000    0.828088   -0.078088 (VIOLATED)
_797_/CLK                               0.750000    0.828088   -0.078088 (VIOLATED)
_812_/CLK                               0.750000    0.828088   -0.078088 (VIOLATED)
_775_/CLK                               0.750000    0.828088   -0.078088 (VIOLATED)
_785_/CLK                               0.750000    0.828088   -0.078088 (VIOLATED)
_805_/CLK                               0.750000    0.828088   -0.078088 (VIOLATED)
_798_/CLK                               0.750000    0.828088   -0.078088 (VIOLATED)
_813_/CLK                               0.750000    0.828088   -0.078088 (VIOLATED)
_776_/CLK                               0.750000    0.828087   -0.078087 (VIOLATED)
_829_/CLK                               0.750000    0.828087   -0.078087 (VIOLATED)
_786_/CLK                               0.750000    0.828087   -0.078087 (VIOLATED)
_777_/CLK                               0.750000    0.828087   -0.078087 (VIOLATED)
_799_/CLK                               0.750000    0.828087   -0.078087 (VIOLATED)
_814_/CLK                               0.750000    0.828087   -0.078087 (VIOLATED)
_806_/CLK                               0.750000    0.828087   -0.078087 (VIOLATED)
_822_/CLK                               0.750000    0.828087   -0.078087 (VIOLATED)
_787_/CLK                               0.750000    0.828087   -0.078087 (VIOLATED)
_815_/CLK                               0.750000    0.828086   -0.078086 (VIOLATED)
_823_/CLK                               0.750000    0.828086   -0.078086 (VIOLATED)
_807_/CLK                               0.750000    0.828086   -0.078086 (VIOLATED)
_778_/CLK                               0.750000    0.828086   -0.078086 (VIOLATED)
_779_/CLK                               0.750000    0.828086   -0.078086 (VIOLATED)
_816_/CLK                               0.750000    0.828086   -0.078086 (VIOLATED)
_831_/CLK                               0.750000    0.828086   -0.078086 (VIOLATED)
_800_/CLK                               0.750000    0.828086   -0.078086 (VIOLATED)
_817_/CLK                               0.750000    0.828085   -0.078085 (VIOLATED)
_808_/CLK                               0.750000    0.828085   -0.078085 (VIOLATED)
_832_/CLK                               0.750000    0.828085   -0.078085 (VIOLATED)
_819_/CLK                               0.750000    0.828085   -0.078085 (VIOLATED)
_801_/CLK                               0.750000    0.828085   -0.078085 (VIOLATED)
_802_/CLK                               0.750000    0.828085   -0.078085 (VIOLATED)
_809_/CLK                               0.750000    0.828084   -0.078084 (VIOLATED)
_830_/CLK                               0.750000    0.828084   -0.078084 (VIOLATED)
_818_/CLK                               0.750000    0.828084   -0.078084 (VIOLATED)
_810_/CLK                               0.750000    0.828082   -0.078082 (VIOLATED)
_803_/CLK                               0.750000    0.828081   -0.078081 (VIOLATED)
_811_/CLK                               0.750000    0.828081   -0.078081 (VIOLATED)
_835_/CLK                               0.750000    0.828080   -0.078080 (VIOLATED)
clk                                     0.750000    0.828079   -0.078079 (VIOLATED)
_824_/CLK                               0.750000    0.828079   -0.078079 (VIOLATED)
_825_/CLK                               0.750000    0.828079   -0.078079 (VIOLATED)
_826_/CLK                               0.750000    0.828079   -0.078079 (VIOLATED)
_827_/CLK                               0.750000    0.828079   -0.078079 (VIOLATED)
_833_/CLK                               0.750000    0.828079   -0.078079 (VIOLATED)
_834_/CLK                               0.750000    0.828079   -0.078079 (VIOLATED)

max fanout

Pin                                   Limit Fanout  Slack
---------------------------------------------------------
clk                                      10     72    -62 (VIOLATED)
rst                                      10     72    -62 (VIOLATED)
_822_/Q                                  10     18     -8 (VIOLATED)
_826_/Q                                  10     18     -8 (VIOLATED)
_829_/Q                                  10     17     -7 (VIOLATED)
_830_/Q                                  10     17     -7 (VIOLATED)
_823_/Q                                  10     16     -6 (VIOLATED)
_831_/Q                                  10     16     -6 (VIOLATED)
_833_/Q                                  10     16     -6 (VIOLATED)
_835_/Q                                  10     16     -6 (VIOLATED)
_825_/Q                                  10     15     -5 (VIOLATED)
_821_/Q                                  10     14     -4 (VIOLATED)
_834_/Q                                  10     14     -4 (VIOLATED)
_824_/Q                                  10     13     -3 (VIOLATED)
_827_/Q                                  10     13     -3 (VIOLATED)
_820_/Q                                  10     12     -2 (VIOLATED)
_832_/Q                                  10     12     -2 (VIOLATED)
_828_/Q                                  10     11        (VIOLATED)

max capacitance

Pin                                        Limit         Cap       Slack
------------------------------------------------------------------------
rst                                     0.200000    0.381655   -0.181655 (VIOLATED)



===========================================================================
report_parasitic_annotation -report_unannotated
============================================================================
Found 0 unannotated drivers.
Found 0 partially unannotated drivers.

===========================================================================
max slew violation count 146
Writing metric design__max_slew_violation__count__corner:nom_tt_025C_1v80: 146
max fanout violation count 18
Writing metric design__max_fanout_violation__count__corner:nom_tt_025C_1v80: 18
max cap violation count 1
Writing metric design__max_cap_violation__count__corner:nom_tt_025C_1v80: 1
============================================================================

===========================================================================
check_setup -verbose -unconstrained_endpoints -multiple_clock -no_clock -no_input_delay -loops -generated_clocks
===========================================================================
