
===========================================================================
 report_power
============================================================================
======================= nom_tt_025C_1v80 Corner ===================================

Group                    Internal    Switching      Leakage        Total
                            Power        Power        Power        Power (Watts)
------------------------------------------------------------------------
Sequential           3.690975e-04 2.086145e-05 7.660669e-10 3.899597e-04  32.6%
Combinational        1.631851e-04 2.328740e-04 1.509477e-09 3.960606e-04  33.1%
Clock                2.705206e-04 1.399038e-04 1.156070e-09 4.104255e-04  34.3%
Macro                0.000000e+00 0.000000e+00 0.000000e+00 0.000000e+00   0.0%
Pad                  0.000000e+00 0.000000e+00 0.000000e+00 0.000000e+00   0.0%
------------------------------------------------------------------------
Total                8.028030e-04 3.936394e-04 3.431612e-09 1.196446e-03 100.0%
                            67.1%        32.9%         0.0%

