
===========================================================================
 report_power
============================================================================
======================= nom_ss_100C_1v60 Corner ===================================

Group                    Internal    Switching      Leakage        Total
                            Power        Power        Power        Power (Watts)
------------------------------------------------------------------------
Sequential           2.935940e-04 8.054759e-05 1.246690e-06 3.753882e-04  55.9%
Combinational        1.764277e-04 1.179918e-04 1.937334e-06 2.963568e-04  44.1%
Clock                0.000000e+00 0.000000e+00 0.000000e+00 0.000000e+00   0.0%
Macro                0.000000e+00 0.000000e+00 0.000000e+00 0.000000e+00   0.0%
Pad                  0.000000e+00 0.000000e+00 0.000000e+00 0.000000e+00   0.0%
------------------------------------------------------------------------
Total                4.700217e-04 1.985394e-04 3.184022e-06 6.717452e-04 100.0%
                            70.0%        29.6%         0.5%

