
===========================================================================
 report_power
============================================================================
======================= min_tt_025C_1v80 Corner ===================================

Group                    Internal    Switching      Leakage        Total
                            Power        Power        Power        Power (Watts)
------------------------------------------------------------------------
Sequential           3.691217e-04 2.024442e-05 7.660669e-10 3.893669e-04  32.8%
Combinational        1.631495e-04 2.288392e-04 1.509477e-09 3.919902e-04  33.0%
Clock                2.704134e-04 1.355516e-04 1.156070e-09 4.059661e-04  34.2%
Macro                0.000000e+00 0.000000e+00 0.000000e+00 0.000000e+00   0.0%
Pad                  0.000000e+00 0.000000e+00 0.000000e+00 0.000000e+00   0.0%
------------------------------------------------------------------------
Total                8.026845e-04 3.846352e-04 3.431612e-09 1.187323e-03 100.0%
                            67.6%        32.4%         0.0%

