
===========================================================================
 report_power
============================================================================
======================= min_tt_025C_1v80 Corner ===================================

Group                    Internal    Switching      Leakage        Total
                            Power        Power        Power        Power (Watts)
------------------------------------------------------------------------
Sequential           7.044083e-04 4.211468e-05 8.611230e-10 7.465238e-04  37.2%
Combinational        2.678728e-04 3.500398e-04 1.587194e-09 6.179142e-04  30.8%
Clock                4.005891e-04 2.398911e-04 1.162461e-09 6.404814e-04  31.9%
Macro                0.000000e+00 0.000000e+00 0.000000e+00 0.000000e+00   0.0%
Pad                  0.000000e+00 0.000000e+00 0.000000e+00 0.000000e+00   0.0%
------------------------------------------------------------------------
Total                1.372869e-03 6.320456e-04 3.610774e-09 2.004919e-03 100.0%
                            68.5%        31.5%         0.0%

