
===========================================================================
report_checks -unconstrained
===========================================================================
======================= nom_tt_025C_1v80 Corner ===================================

Startpoint: rst (input port clocked by clk)
Endpoint: _772_ (recovery check against rising-edge clock clk)
Path Group: asynchronous
Path Type: max

Fanout         Cap        Slew       Delay        Time   Description
---------------------------------------------------------------------------------------------
                                  0.000000    0.000000   clock clk (rise edge)
                                  0.000000    0.000000   clock network delay (propagated)
                                  1.250000    1.250000 v input external delay
     1    0.001968    0.006718    0.003028    1.253028 v rst (in)
                                                         rst (net)
                      0.006718    0.000000    1.253028 v hold6/A (sky130_fd_sc_hd__dlygate4sd3_1)
     1    0.002696    0.052449    0.533011    1.786039 v hold6/X (sky130_fd_sc_hd__dlygate4sd3_1)
                                                         net68 (net)
                      0.052449    0.000075    1.786114 v input17/A (sky130_fd_sc_hd__clkbuf_2)
     3    0.031503    0.123099    0.182755    1.968869 v input17/X (sky130_fd_sc_hd__clkbuf_2)
                                                         net17 (net)
                      0.123100    0.000635    1.969504 v fanout62/A (sky130_fd_sc_hd__buf_2)
     6    0.033534    0.088394    0.213188    2.182692 v fanout62/X (sky130_fd_sc_hd__buf_2)
                                                         net62 (net)
                      0.088396    0.000525    2.183217 v fanout59/A (sky130_fd_sc_hd__clkbuf_4)
     8    0.041951    0.093476    0.213360    2.396577 v fanout59/X (sky130_fd_sc_hd__clkbuf_4)
                                                         net59 (net)
                      0.093517    0.001809    2.398386 v fanout57/A (sky130_fd_sc_hd__buf_4)
    10    0.053417    0.079630    0.210134    2.608520 v fanout57/X (sky130_fd_sc_hd__buf_4)
                                                         net57 (net)
                      0.079648    0.001172    2.609692 v _708_/A (sky130_fd_sc_hd__inv_2)
     1    0.003969    0.033267    0.057361    2.667053 ^ _708_/Y (sky130_fd_sc_hd__inv_2)
                                                         _062_ (net)
                      0.033267    0.000045    2.667097 ^ _772_/RESET_B (sky130_fd_sc_hd__dfrtp_1)
                                              2.667097   data arrival time

                                  6.250000    6.250000   clock clk (rise edge)
                                  0.000000    6.250000   clock source latency
     1    0.019689    0.094099    0.065280    6.315280 ^ clk (in)
                                                         clk (net)
                      0.094137    0.000000    6.315280 ^ clkbuf_0_clk/A (sky130_fd_sc_hd__clkbuf_16)
     8    0.081147    0.097805    0.189478    6.504758 ^ clkbuf_0_clk/X (sky130_fd_sc_hd__clkbuf_16)
                                                         clknet_0_clk (net)
                      0.097899    0.002718    6.507476 ^ clkbuf_3_0__f_clk/A (sky130_fd_sc_hd__clkbuf_16)
     7    0.030773    0.051721    0.154289    6.661766 ^ clkbuf_3_0__f_clk/X (sky130_fd_sc_hd__clkbuf_16)
                                                         clknet_3_0__leaf_clk (net)
                      0.051724    0.000759    6.662525 ^ _772_/CLK (sky130_fd_sc_hd__dfrtp_1)
                                 -0.250000    6.412525   clock uncertainty
                                  0.000000    6.412525   clock reconvergence pessimism
                                  0.235428    6.647953   library recovery time
                                              6.647953   data required time
---------------------------------------------------------------------------------------------
                                              6.647953   data required time
                                             -2.667097   data arrival time
---------------------------------------------------------------------------------------------
                                              3.980856   slack (MET)


Startpoint: _787_ (rising edge-triggered flip-flop clocked by clk)
Endpoint: _769_ (rising edge-triggered flip-flop clocked by clk)
Path Group: clk
Path Type: max

Fanout         Cap        Slew       Delay        Time   Description
---------------------------------------------------------------------------------------------
                                  0.000000    0.000000   clock clk (rise edge)
                                  0.000000    0.000000   clock source latency
     1    0.019689    0.094099    0.065280    0.065280 ^ clk (in)
                                                         clk (net)
                      0.094137    0.000000    0.065280 ^ clkbuf_0_clk/A (sky130_fd_sc_hd__clkbuf_16)
     8    0.081147    0.097805    0.189478    0.254759 ^ clkbuf_0_clk/X (sky130_fd_sc_hd__clkbuf_16)
                                                         clknet_0_clk (net)
                      0.097876    0.002412    0.257171 ^ clkbuf_3_2__f_clk/A (sky130_fd_sc_hd__clkbuf_16)
    12    0.034932    0.055305    0.157394    0.414565 ^ clkbuf_3_2__f_clk/X (sky130_fd_sc_hd__clkbuf_16)
                                                         clknet_3_2__leaf_clk (net)
                      0.055324    0.000651    0.415215 ^ _787_/CLK (sky130_fd_sc_hd__dfrtp_1)
     2    0.006954    0.058221    0.379970    0.795185 v _787_/Q (sky130_fd_sc_hd__dfrtp_1)
                                                         pp2[1] (net)
                      0.058300    0.000210    0.795395 v _569_/A (sky130_fd_sc_hd__xor2_1)
     2    0.007465    0.070211    0.180021    0.975416 v _569_/X (sky130_fd_sc_hd__xor2_1)
                                                         _279_ (net)
                      0.070211    0.000095    0.975511 v _574_/A1 (sky130_fd_sc_hd__a31o_1)
     3    0.012699    0.078704    0.224233    1.199745 v _574_/X (sky130_fd_sc_hd__a31o_1)
                                                         _283_ (net)
                      0.078705    0.000370    1.200115 v _594_/A1 (sky130_fd_sc_hd__a31o_4)
     3    0.015479    0.049893    0.247151    1.447267 v _594_/X (sky130_fd_sc_hd__a31o_4)
                                                         _301_ (net)
                      0.049893    0.000484    1.447751 v _617_/A1 (sky130_fd_sc_hd__a211oi_1)
     2    0.006986    0.294204    0.283768    1.731519 ^ _617_/Y (sky130_fd_sc_hd__a211oi_1)
                                                         _322_ (net)
                      0.294204    0.000188    1.731707 ^ _618_/B (sky130_fd_sc_hd__or2_1)
     1    0.009183    0.096077    0.188205    1.919913 ^ _618_/X (sky130_fd_sc_hd__or2_1)
                                                         _323_ (net)
                      0.096077    0.000122    1.920035 ^ _619_/B (sky130_fd_sc_hd__xor2_2)
     2    0.011929    0.185596    0.201195    2.121230 ^ _619_/X (sky130_fd_sc_hd__xor2_2)
                                                         _324_ (net)
                      0.185596    0.000371    2.121601 ^ _621_/B (sky130_fd_sc_hd__xnor2_2)
     3    0.010435    0.071890    0.105030    2.226631 v _621_/Y (sky130_fd_sc_hd__xnor2_2)
                                                         _326_ (net)
                      0.071890    0.000163    2.226794 v _637_/B (sky130_fd_sc_hd__or4_4)
     2    0.007028    0.088804    0.523717    2.750511 v _637_/X (sky130_fd_sc_hd__or4_4)
                                                         _340_ (net)
                      0.088804    0.000188    2.750700 v _639_/A1 (sky130_fd_sc_hd__a31o_1)
     4    0.010713    0.070473    0.224399    2.975099 v _639_/X (sky130_fd_sc_hd__a31o_1)
                                                         _342_ (net)
                      0.070473    0.000355    2.975454 v _645_/A2 (sky130_fd_sc_hd__a211o_1)
     1    0.004707    0.056464    0.305793    3.281248 v _645_/X (sky130_fd_sc_hd__a211o_1)
                                                         _346_ (net)
                      0.056464    0.000094    3.281342 v _647_/B (sky130_fd_sc_hd__xnor2_1)
     1    0.002347    0.042387    0.119301    3.400643 v _647_/Y (sky130_fd_sc_hd__xnor2_1)
                                                         _027_ (net)
                      0.042387    0.000066    3.400708 v _769_/D (sky130_fd_sc_hd__dfrtp_1)
                                              3.400708   data arrival time

                                  6.250000    6.250000   clock clk (rise edge)
                                  0.000000    6.250000   clock source latency
     1    0.019689    0.094099    0.065280    6.315280 ^ clk (in)
                                                         clk (net)
                      0.094137    0.000000    6.315280 ^ clkbuf_0_clk/A (sky130_fd_sc_hd__clkbuf_16)
     8    0.081147    0.097805    0.189478    6.504758 ^ clkbuf_0_clk/X (sky130_fd_sc_hd__clkbuf_16)
                                                         clknet_0_clk (net)
                      0.097849    0.001973    6.506732 ^ clkbuf_3_7__f_clk/A (sky130_fd_sc_hd__clkbuf_16)
    11    0.035563    0.055834    0.157814    6.664545 ^ clkbuf_3_7__f_clk/X (sky130_fd_sc_hd__clkbuf_16)
                                                         clknet_3_7__leaf_clk (net)
                      0.055880    0.000972    6.665517 ^ _769_/CLK (sky130_fd_sc_hd__dfrtp_1)
                                 -0.250000    6.415517   clock uncertainty
                                  0.000000    6.415517   clock reconvergence pessimism
                                 -0.110645    6.304873   library setup time
                                              6.304873   data required time
---------------------------------------------------------------------------------------------
                                              6.304873   data required time
                                             -3.400708   data arrival time
---------------------------------------------------------------------------------------------
                                              2.904164   slack (MET)




===========================================================================
report_checks --slack_max -0.01
============================================================================
======================= nom_tt_025C_1v80 Corner ===================================

No paths found.


===========================================================================
 report_check_types -max_slew -max_cap -max_fanout -violators
============================================================================
======================= nom_tt_025C_1v80 Corner ===================================

max fanout

Pin                                   Limit Fanout  Slack
---------------------------------------------------------
clkbuf_3_2__f_clk/X                      10     12     -2 (VIOLATED)
clkbuf_3_7__f_clk/X                      10     11        (VIOLATED)



===========================================================================
report_parasitic_annotation -report_unannotated
============================================================================
Found 7 unannotated drivers.
 clkload0/Y
 clkload1/Y
 clkload2/Y
 clkload3/Y
 clkload4/Y
 clkload5/Y
 clkload6/X
Found 0 partially unannotated drivers.

===========================================================================
max slew violation count 0
max fanout violation count 2
max cap violation count 0
============================================================================

===========================================================================
check_setup -verbose -unconstrained_endpoints -multiple_clock -no_clock -no_input_delay -loops -generated_clocks
===========================================================================
