
===========================================================================
 report_power
============================================================================
======================= max_tt_025C_1v80 Corner ===================================

Group                    Internal    Switching      Leakage        Total
                            Power        Power        Power        Power (Watts)
------------------------------------------------------------------------
Sequential           1.482550e-03 6.685164e-05 1.965091e-09 1.549404e-03  49.0%
Combinational        3.361336e-04 3.197597e-04 2.156785e-09 6.558954e-04  20.7%
Clock                5.208025e-04 4.380662e-04 1.492761e-09 9.588702e-04  30.3%
Macro                0.000000e+00 0.000000e+00 0.000000e+00 0.000000e+00   0.0%
Pad                  0.000000e+00 0.000000e+00 0.000000e+00 0.000000e+00   0.0%
------------------------------------------------------------------------
Total                2.339485e-03 8.246772e-04 5.614619e-09 3.164168e-03 100.0%
                            73.9%        26.1%         0.0%

