
===========================================================================
 report_power
============================================================================
======================= min_ss_100C_1v60 Corner ===================================

Group                    Internal    Switching      Leakage        Total
                            Power        Power        Power        Power (Watts)
------------------------------------------------------------------------
Sequential           3.807849e-04 2.109481e-05 1.204055e-06 4.030838e-04  31.6%
Combinational        1.918193e-04 2.438405e-04 1.922870e-06 4.375827e-04  34.4%
Clock                2.947576e-04 1.380013e-04 2.452287e-07 4.330041e-04  34.0%
Macro                0.000000e+00 0.000000e+00 0.000000e+00 0.000000e+00   0.0%
Pad                  0.000000e+00 0.000000e+00 0.000000e+00 0.000000e+00   0.0%
------------------------------------------------------------------------
Total                8.673618e-04 4.029365e-04 3.372150e-06 1.273671e-03 100.0%
                            68.1%        31.6%         0.3%

