
===========================================================================
 report_power
============================================================================
======================= nom_ff_n40C_1v95 Corner ===================================

Group                    Internal    Switching      Leakage        Total
                            Power        Power        Power        Power (Watts)
------------------------------------------------------------------------
Sequential           7.335255e-05 4.383708e-06 4.627281e-10 7.773672e-05  28.1%
Combinational        6.093979e-05 6.769014e-05 1.946150e-09 1.286319e-04  46.5%
Clock                4.203031e-05 2.800260e-05 1.484239e-09 7.003440e-05  25.3%
Macro                0.000000e+00 0.000000e+00 0.000000e+00 0.000000e+00   0.0%
Pad                  0.000000e+00 0.000000e+00 0.000000e+00 0.000000e+00   0.0%
------------------------------------------------------------------------
Total                1.763226e-04 1.000764e-04 3.893121e-09 2.764029e-04 100.0%
                            63.8%        36.2%         0.0%

