
===========================================================================
 report_power
============================================================================
======================= max_ff_n40C_1v95 Corner ===================================

Group                    Internal    Switching      Leakage        Total
                            Power        Power        Power        Power (Watts)
------------------------------------------------------------------------
Sequential           7.334261e-05 4.508725e-06 4.627281e-10 7.785179e-05  27.9%
Combinational        6.096444e-05 6.915356e-05 1.946150e-09 1.301200e-04  46.7%
Clock                4.204745e-05 2.880613e-05 1.484239e-09 7.085506e-05  25.4%
Macro                0.000000e+00 0.000000e+00 0.000000e+00 0.000000e+00   0.0%
Pad                  0.000000e+00 0.000000e+00 0.000000e+00 0.000000e+00   0.0%
------------------------------------------------------------------------
Total                1.763545e-04 1.024684e-04 3.893121e-09 2.788268e-04 100.0%
                            63.2%        36.7%         0.0%

