Clock: clk
Sources: clk 
Generated: no
Virtual: yes
Propagated: no
Period: 3.333000

===========================================================================
report_clock_properties
============================================================================
Clock                   Period          Waveform
----------------------------------------------------
clk                   3.333000    0.000000  1.666500

===========================================================================
report_clock_latency
============================================================================
Clock clk
rise -> rise
    min     max
0.000000 0.000000 source latency
0.599979         network latency _1325_/CLK
        0.623687 network latency _1438_/CLK
---------------
0.599979 0.623687 latency
        0.023708 skew

fall -> fall
    min     max
0.000000 0.000000 source latency
0.548882         network latency _1325_/CLK
        0.565686 network latency _1438_/CLK
---------------
0.548882 0.565686 latency
        0.016804 skew



===========================================================================
report_clock_min_period
============================================================================
clk period_min = 2.51 fmax = 398.53
