
===========================================================================
report_checks -unconstrained
===========================================================================
======================= nom_tt_025C_1v80 Corner ===================================

Startpoint: rst (input port clocked by clk)
Endpoint: _772_ (recovery check against rising-edge clock clk)
Path Group: asynchronous
Path Type: max

Fanout         Cap        Slew       Delay        Time   Description
---------------------------------------------------------------------------------------------
                                  0.000000    0.000000   clock clk (rise edge)
                                  0.000000    0.000000   clock network delay (propagated)
                                  1.250000    1.250000 v input external delay
     1    0.002574    0.008111    0.004031    1.254031 v rst (in)
                                                         rst (net)
                      0.008111    0.000000    1.254031 v input17/A (sky130_fd_sc_hd__clkbuf_2)
     3    0.021254    0.086280    0.136969    1.391000 v input17/X (sky130_fd_sc_hd__clkbuf_2)
                                                         net17 (net)
                      0.086280    0.000029    1.391028 v fanout62/A (sky130_fd_sc_hd__buf_2)
     6    0.029816    0.079904    0.190466    1.581494 v fanout62/X (sky130_fd_sc_hd__buf_2)
                                                         net62 (net)
                      0.079904    0.000007    1.581501 v fanout59/A (sky130_fd_sc_hd__clkbuf_4)
     8    0.037253    0.084640    0.203214    1.784716 v fanout59/X (sky130_fd_sc_hd__clkbuf_4)
                                                         net59 (net)
                      0.084640    0.000084    1.784799 v fanout57/A (sky130_fd_sc_hd__buf_4)
    10    0.049023    0.075729    0.202164    1.986964 v fanout57/X (sky130_fd_sc_hd__buf_4)
                                                         net57 (net)
                      0.075729    0.000150    1.987114 v _708_/A (sky130_fd_sc_hd__inv_2)
     1    0.004034    0.033730    0.056265    2.043379 ^ _708_/Y (sky130_fd_sc_hd__inv_2)
                                                         _062_ (net)
                      0.033730    0.000007    2.043386 ^ _772_/RESET_B (sky130_fd_sc_hd__dfrtp_1)
                                              2.043386   data arrival time

                                  6.250000    6.250000   clock clk (rise edge)
                                  0.000000    6.250000   clock source latency
     1    0.015286    0.074696    0.050998    6.300998 ^ clk (in)
                                                         clk (net)
                      0.074700    0.000000    6.300998 ^ clkbuf_0_clk/A (sky130_fd_sc_hd__clkbuf_16)
     8    0.074025    0.091177    0.178124    6.479121 ^ clkbuf_0_clk/X (sky130_fd_sc_hd__clkbuf_16)
                                                         clknet_0_clk (net)
                      0.091182    0.000811    6.479933 ^ clkbuf_3_0__f_clk/A (sky130_fd_sc_hd__clkbuf_16)
     7    0.026832    0.047975    0.148931    6.628864 ^ clkbuf_3_0__f_clk/X (sky130_fd_sc_hd__clkbuf_16)
                                                         clknet_3_0__leaf_clk (net)
                      0.047975    0.000133    6.628997 ^ _772_/CLK (sky130_fd_sc_hd__dfrtp_1)
                                 -0.250000    6.378997   clock uncertainty
                                  0.000000    6.378997   clock reconvergence pessimism
                                  0.234161    6.613158   library recovery time
                                              6.613158   data required time
---------------------------------------------------------------------------------------------
                                              6.613158   data required time
                                             -2.043386   data arrival time
---------------------------------------------------------------------------------------------
                                              4.569772   slack (MET)


Startpoint: _787_ (rising edge-triggered flip-flop clocked by clk)
Endpoint: _769_ (rising edge-triggered flip-flop clocked by clk)
Path Group: clk
Path Type: max

Fanout         Cap        Slew       Delay        Time   Description
---------------------------------------------------------------------------------------------
                                  0.000000    0.000000   clock clk (rise edge)
                                  0.000000    0.000000   clock source latency
     1    0.015286    0.074696    0.050998    0.050998 ^ clk (in)
                                                         clk (net)
                      0.074700    0.000000    0.050998 ^ clkbuf_0_clk/A (sky130_fd_sc_hd__clkbuf_16)
     8    0.074025    0.091177    0.178124    0.229121 ^ clkbuf_0_clk/X (sky130_fd_sc_hd__clkbuf_16)
                                                         clknet_0_clk (net)
                      0.091180    0.000698    0.229820 ^ clkbuf_3_2__f_clk/A (sky130_fd_sc_hd__clkbuf_16)
    12    0.029978    0.051105    0.151471    0.381291 ^ clkbuf_3_2__f_clk/X (sky130_fd_sc_hd__clkbuf_16)
                                                         clknet_3_2__leaf_clk (net)
                      0.051105    0.000138    0.381429 ^ _787_/CLK (sky130_fd_sc_hd__dfrtp_1)
     2    0.006266    0.056482    0.374824    0.756253 v _787_/Q (sky130_fd_sc_hd__dfrtp_1)
                                                         pp2[1] (net)
                      0.056482    0.000016    0.756269 v _569_/A (sky130_fd_sc_hd__xor2_1)
     2    0.007190    0.071096    0.178296    0.934565 v _569_/X (sky130_fd_sc_hd__xor2_1)
                                                         _279_ (net)
                      0.071096    0.000002    0.934568 v _574_/A3 (sky130_fd_sc_hd__a31o_1)
     3    0.010238    0.068442    0.257234    1.191802 v _574_/X (sky130_fd_sc_hd__a31o_1)
                                                         _283_ (net)
                      0.068442    0.000057    1.191858 v _594_/A1 (sky130_fd_sc_hd__a31o_1)
     3    0.010556    0.069812    0.215406    1.407264 v _594_/X (sky130_fd_sc_hd__a31o_1)
                                                         _301_ (net)
                      0.069812    0.000085    1.407349 v _617_/A1 (sky130_fd_sc_hd__a211oi_1)
     2    0.005381    0.259273    0.257601    1.664950 ^ _617_/Y (sky130_fd_sc_hd__a211oi_1)
                                                         _322_ (net)
                      0.259273    0.000025    1.664975 ^ _618_/B (sky130_fd_sc_hd__or2_1)
     1    0.004847    0.061333    0.154222    1.819197 ^ _618_/X (sky130_fd_sc_hd__or2_1)
                                                         _323_ (net)
                      0.061333    0.000007    1.819203 ^ _619_/B (sky130_fd_sc_hd__xor2_1)
     2    0.008023    0.210635    0.209979    2.029182 ^ _619_/X (sky130_fd_sc_hd__xor2_1)
                                                         _324_ (net)
                      0.210635    0.000037    2.029219 ^ _621_/B (sky130_fd_sc_hd__xnor2_1)
     3    0.009193    0.093238    0.135184    2.164403 v _621_/Y (sky130_fd_sc_hd__xnor2_1)
                                                         _326_ (net)
                      0.093238    0.000020    2.164423 v _637_/B (sky130_fd_sc_hd__or4_1)
     2    0.005756    0.105327    0.537904    2.702327 v _637_/X (sky130_fd_sc_hd__or4_1)
                                                         _340_ (net)
                      0.105327    0.000031    2.702358 v _639_/A2 (sky130_fd_sc_hd__a31o_1)
     4    0.009052    0.063687    0.256170    2.958527 v _639_/X (sky130_fd_sc_hd__a31o_1)
                                                         _342_ (net)
                      0.063687    0.000050    2.958577 v _645_/A2 (sky130_fd_sc_hd__a211o_1)
     1    0.004662    0.058324    0.303062    3.261639 v _645_/X (sky130_fd_sc_hd__a211o_1)
                                                         _346_ (net)
                      0.058324    0.000004    3.261643 v _647_/B (sky130_fd_sc_hd__xnor2_1)
     1    0.002409    0.043570    0.120518    3.382161 v _647_/Y (sky130_fd_sc_hd__xnor2_1)
                                                         _027_ (net)
                      0.043570    0.000006    3.382166 v _769_/D (sky130_fd_sc_hd__dfrtp_1)
                                              3.382166   data arrival time

                                  6.250000    6.250000   clock clk (rise edge)
                                  0.000000    6.250000   clock source latency
     1    0.015286    0.074696    0.050998    6.300998 ^ clk (in)
                                                         clk (net)
                      0.074700    0.000000    6.300998 ^ clkbuf_0_clk/A (sky130_fd_sc_hd__clkbuf_16)
     8    0.074025    0.091177    0.178124    6.479121 ^ clkbuf_0_clk/X (sky130_fd_sc_hd__clkbuf_16)
                                                         clknet_0_clk (net)
                      0.091177    0.000365    6.479486 ^ clkbuf_3_7__f_clk/A (sky130_fd_sc_hd__clkbuf_16)
    11    0.031209    0.052170    0.152395    6.631881 ^ clkbuf_3_7__f_clk/X (sky130_fd_sc_hd__clkbuf_16)
                                                         clknet_3_7__leaf_clk (net)
                      0.052170    0.000080    6.631961 ^ _769_/CLK (sky130_fd_sc_hd__dfrtp_1)
                                 -0.250000    6.381961   clock uncertainty
                                  0.000000    6.381961   clock reconvergence pessimism
                                 -0.112009    6.269951   library setup time
                                              6.269951   data required time
---------------------------------------------------------------------------------------------
                                              6.269951   data required time
                                             -3.382166   data arrival time
---------------------------------------------------------------------------------------------
                                              2.887785   slack (MET)




===========================================================================
report_checks --slack_max -0.01
============================================================================
======================= nom_tt_025C_1v80 Corner ===================================

No paths found.


===========================================================================
 report_check_types -max_slew -max_cap -max_fanout -violators
============================================================================
======================= nom_tt_025C_1v80 Corner ===================================

max fanout

Pin                                   Limit Fanout  Slack
---------------------------------------------------------
clkbuf_3_2__f_clk/X                      10     12     -2 (VIOLATED)
clkbuf_3_7__f_clk/X                      10     11        (VIOLATED)



===========================================================================
report_parasitic_annotation -report_unannotated
============================================================================
Found 7 unannotated drivers.
 clkload0/Y
 clkload1/Y
 clkload2/Y
 clkload3/Y
 clkload4/Y
 clkload5/Y
 clkload6/X
Found 0 partially unannotated drivers.

===========================================================================
max slew violation count 0
Writing metric design__max_slew_violation__count__corner:nom_tt_025C_1v80: 0
max fanout violation count 2
Writing metric design__max_fanout_violation__count__corner:nom_tt_025C_1v80: 2
max cap violation count 0
Writing metric design__max_cap_violation__count__corner:nom_tt_025C_1v80: 0
============================================================================

===========================================================================
check_setup -verbose -unconstrained_endpoints -multiple_clock -no_clock -no_input_delay -loops -generated_clocks
===========================================================================
