
===========================================================================
 report_power
============================================================================
======================= min_ss_100C_1v60 Corner ===================================

Group                    Internal    Switching      Leakage        Total
                            Power        Power        Power        Power (Watts)
------------------------------------------------------------------------
Sequential           4.360090e-04 2.589910e-05 1.355242e-06 4.632633e-04  36.8%
Combinational        1.729506e-04 2.159970e-04 1.974009e-06 3.909216e-04  31.0%
Clock                2.579611e-04 1.477121e-04 2.278711e-07 4.059011e-04  32.2%
Macro                0.000000e+00 0.000000e+00 0.000000e+00 0.000000e+00   0.0%
Pad                  0.000000e+00 0.000000e+00 0.000000e+00 0.000000e+00   0.0%
------------------------------------------------------------------------
Total                8.669207e-04 3.896082e-04 3.557119e-06 1.260086e-03 100.0%
                            68.8%        30.9%         0.3%

